Archive member included to satisfy reference by file (symbol)

d:/stm32cubeide_1.5.1/stm32cubeide/plugins/com.st.stm32cube.ide.mcu.externaltools.gnu-tools-for-stm32.7-2018-q2-update.win32_1.5.0.202011040924/tools/bin/../lib/gcc/arm-none-eabi/7.3.1/../../../../arm-none-eabi/lib/thumb/v7-m\libc_nano.a(lib_a-errno.o)
                              Core/Src/syscalls.o (__errno)
d:/stm32cubeide_1.5.1/stm32cubeide/plugins/com.st.stm32cube.ide.mcu.externaltools.gnu-tools-for-stm32.7-2018-q2-update.win32_1.5.0.202011040924/tools/bin/../lib/gcc/arm-none-eabi/7.3.1/../../../../arm-none-eabi/lib/thumb/v7-m\libc_nano.a(lib_a-exit.o)
                              d:/stm32cubeide_1.5.1/stm32cubeide/plugins/com.st.stm32cube.ide.mcu.externaltools.gnu-tools-for-stm32.7-2018-q2-update.win32_1.5.0.202011040924/tools/bin/../lib/gcc/arm-none-eabi/7.3.1/../../../../arm-none-eabi/lib/thumb/v7-m/crt0.o (exit)
d:/stm32cubeide_1.5.1/stm32cubeide/plugins/com.st.stm32cube.ide.mcu.externaltools.gnu-tools-for-stm32.7-2018-q2-update.win32_1.5.0.202011040924/tools/bin/../lib/gcc/arm-none-eabi/7.3.1/../../../../arm-none-eabi/lib/thumb/v7-m\libc_nano.a(lib_a-impure.o)
                              d:/stm32cubeide_1.5.1/stm32cubeide/plugins/com.st.stm32cube.ide.mcu.externaltools.gnu-tools-for-stm32.7-2018-q2-update.win32_1.5.0.202011040924/tools/bin/../lib/gcc/arm-none-eabi/7.3.1/../../../../arm-none-eabi/lib/thumb/v7-m\libc_nano.a(lib_a-exit.o) (_global_impure_ptr)
d:/stm32cubeide_1.5.1/stm32cubeide/plugins/com.st.stm32cube.ide.mcu.externaltools.gnu-tools-for-stm32.7-2018-q2-update.win32_1.5.0.202011040924/tools/bin/../lib/gcc/arm-none-eabi/7.3.1/../../../../arm-none-eabi/lib/thumb/v7-m\libc_nano.a(lib_a-init.o)
                              d:/stm32cubeide_1.5.1/stm32cubeide/plugins/com.st.stm32cube.ide.mcu.externaltools.gnu-tools-for-stm32.7-2018-q2-update.win32_1.5.0.202011040924/tools/bin/../lib/gcc/arm-none-eabi/7.3.1/../../../../arm-none-eabi/lib/thumb/v7-m/crt0.o (__libc_init_array)
d:/stm32cubeide_1.5.1/stm32cubeide/plugins/com.st.stm32cube.ide.mcu.externaltools.gnu-tools-for-stm32.7-2018-q2-update.win32_1.5.0.202011040924/tools/bin/../lib/gcc/arm-none-eabi/7.3.1/../../../../arm-none-eabi/lib/thumb/v7-m\libc_nano.a(lib_a-memcpy-stub.o)
                              Middlewares/Third_Party/FreeRTOS/Source/CMSIS_RTOS_V2/cmsis_os2.o (memcpy)
d:/stm32cubeide_1.5.1/stm32cubeide/plugins/com.st.stm32cube.ide.mcu.externaltools.gnu-tools-for-stm32.7-2018-q2-update.win32_1.5.0.202011040924/tools/bin/../lib/gcc/arm-none-eabi/7.3.1/../../../../arm-none-eabi/lib/thumb/v7-m\libc_nano.a(lib_a-memset.o)
                              d:/stm32cubeide_1.5.1/stm32cubeide/plugins/com.st.stm32cube.ide.mcu.externaltools.gnu-tools-for-stm32.7-2018-q2-update.win32_1.5.0.202011040924/tools/bin/../lib/gcc/arm-none-eabi/7.3.1/../../../../arm-none-eabi/lib/thumb/v7-m/crt0.o (memset)

Allocating common symbols
Common symbol       size              file

defaultTaskHandle   0x4               Core/Src/freertos.o
uwTick              0x4               Drivers/STM32F1xx_HAL_Driver/Src/stm32f1xx_hal.o
xQueueRegistry      0x40              Middlewares/Third_Party/FreeRTOS/Source/queue.o
pFlash              0x20              Drivers/STM32F1xx_HAL_Driver/Src/stm32f1xx_hal_flash.o
hsram1              0x48              Core/Src/fsmc.o
hdma_usart1_tx      0x44              Core/Src/usart.o
huart1              0x44              Core/Src/usart.o
htim6               0x48              Core/Src/stm32f1xx_hal_timebase_tim.o

Discarded input sections

 .text          0x0000000000000000        0x0 d:/stm32cubeide_1.5.1/stm32cubeide/plugins/com.st.stm32cube.ide.mcu.externaltools.gnu-tools-for-stm32.7-2018-q2-update.win32_1.5.0.202011040924/tools/bin/../lib/gcc/arm-none-eabi/7.3.1/thumb/v7-m/crti.o
 .data          0x0000000000000000        0x0 d:/stm32cubeide_1.5.1/stm32cubeide/plugins/com.st.stm32cube.ide.mcu.externaltools.gnu-tools-for-stm32.7-2018-q2-update.win32_1.5.0.202011040924/tools/bin/../lib/gcc/arm-none-eabi/7.3.1/thumb/v7-m/crti.o
 .bss           0x0000000000000000        0x0 d:/stm32cubeide_1.5.1/stm32cubeide/plugins/com.st.stm32cube.ide.mcu.externaltools.gnu-tools-for-stm32.7-2018-q2-update.win32_1.5.0.202011040924/tools/bin/../lib/gcc/arm-none-eabi/7.3.1/thumb/v7-m/crti.o
 .data          0x0000000000000000        0x4 d:/stm32cubeide_1.5.1/stm32cubeide/plugins/com.st.stm32cube.ide.mcu.externaltools.gnu-tools-for-stm32.7-2018-q2-update.win32_1.5.0.202011040924/tools/bin/../lib/gcc/arm-none-eabi/7.3.1/thumb/v7-m/crtbegin.o
 .text          0x0000000000000000       0x74 d:/stm32cubeide_1.5.1/stm32cubeide/plugins/com.st.stm32cube.ide.mcu.externaltools.gnu-tools-for-stm32.7-2018-q2-update.win32_1.5.0.202011040924/tools/bin/../lib/gcc/arm-none-eabi/7.3.1/../../../../arm-none-eabi/lib/thumb/v7-m/crt0.o
[...]
Memory Configuration

Name             Origin             Length             Attributes
RAM              0x0000000020000000 0x0000000000010000 xrw
FLASH            0x0000000008000000 0x0000000000080000 xr
*default*        0x0000000000000000 0xffffffffffffffff

Linker script and memory map

LOAD d:/stm32cubeide_1.5.1/stm32cubeide/plugins/com.st.stm32cube.ide.mcu.externaltools.gnu-tools-for-stm32.7-2018-q2-update.win32_1.5.0.202011040924/tools/bin/../lib/gcc/arm-none-eabi/7.3.1/thumb/v7-m/crti.o
LOAD d:/stm32cubeide_1.5.1/stm32cubeide/plugins/com.st.stm32cube.ide.mcu.externaltools.gnu-tools-for-stm32.7-2018-q2-update.win32_1.5.0.202011040924/tools/bin/../lib/gcc/arm-none-eabi/7.3.1/thumb/v7-m/crtbegin.o
LOAD d:/stm32cubeide_1.5.1/stm32cubeide/plugins/com.st.stm32cube.ide.mcu.externaltools.gnu-tools-for-stm32.7-2018-q2-update.win32_1.5.0.202011040924/tools/bin/../lib/gcc/arm-none-eabi/7.3.1/../../../../arm-none-eabi/lib/thumb/v7-m/crt0.o
LOAD Core/Src/dma.o
LOAD Core/Src/freertos.o
LOAD Core/Src/fsmc.o
LOAD Core/Src/gpio.o
LOAD Core/Src/main.o
LOAD Core/Src/stm32f1xx_hal_msp.o
LOAD Core/Src/stm32f1xx_hal_timebase_tim.o
LOAD Core/Src/stm32f1xx_it.o
LOAD Core/Src/syscalls.o
LOAD Core/Src/sysmem.o
LOAD Core/Src/system_stm32f1xx.o
LOAD Core/Src/usart.o
LOAD Core/Startup/startup_stm32f103vetx.o
LOAD Drivers/STM32F1xx_HAL_Driver/Src/stm32f1xx_hal.o
LOAD Drivers/STM32F1xx_HAL_Driver/Src/stm32f1xx_hal_cortex.o
LOAD Drivers/STM32F1xx_HAL_Driver/Src/stm32f1xx_hal_dma.o
LOAD Drivers/STM32F1xx_HAL_Driver/Src/stm32f1xx_hal_exti.o
LOAD Drivers/STM32F1xx_HAL_Driver/Src/stm32f1xx_hal_flash.o
LOAD Drivers/STM32F1xx_HAL_Driver/Src/stm32f1xx_hal_flash_ex.o
LOAD Drivers/STM32F1xx_HAL_Driver/Src/stm32f1xx_hal_gpio.o
LOAD Drivers/STM32F1xx_HAL_Driver/Src/stm32f1xx_hal_gpio_ex.o
LOAD Drivers/STM32F1xx_HAL_Driver/Src/stm32f1xx_hal_pwr.o
LOAD Drivers/STM32F1xx_HAL_Driver/Src/stm32f1xx_hal_rcc.o
LOAD Drivers/STM32F1xx_HAL_Driver/Src/stm32f1xx_hal_rcc_ex.o
LOAD Drivers/STM32F1xx_HAL_Driver/Src/stm32f1xx_hal_sram.o
LOAD Drivers/STM32F1xx_HAL_Driver/Src/stm32f1xx_hal_tim.o
LOAD Drivers/STM32F1xx_HAL_Driver/Src/stm32f1xx_hal_tim_ex.o
LOAD Drivers/STM32F1xx_HAL_Driver/Src/stm32f1xx_hal_uart.o
LOAD Drivers/STM32F1xx_HAL_Driver/Src/stm32f1xx_ll_fsmc.o
LOAD Middlewares/Third_Party/FreeRTOS/Source/CMSIS_RTOS_V2/cmsis_os2.o
LOAD Middlewares/Third_Party/FreeRTOS/Source/croutine.o
LOAD Middlewares/Third_Party/FreeRTOS/Source/event_groups.o
LOAD Middlewares/Third_Party/FreeRTOS/Source/list.o
LOAD Middlewares/Third_Party/FreeRTOS/Source/queue.o
LOAD Middlewares/Third_Party/FreeRTOS/Source/stream_buffer.o
LOAD Middlewares/Third_Party/FreeRTOS/Source/tasks.o
LOAD Middlewares/Third_Party/FreeRTOS/Source/timers.o
LOAD Middlewares/Third_Party/FreeRTOS/Source/portable/GCC/ARM_CM3/port.o
LOAD Middlewares/Third_Party/FreeRTOS/Source/portable/MemMang/heap_4.o
START GROUP
LOAD d:/stm32cubeide_1.5.1/stm32cubeide/plugins/com.st.stm32cube.ide.mcu.externaltools.gnu-tools-for-stm32.7-2018-q2-update.win32_1.5.0.202011040924/tools/bin/../lib/gcc/arm-none-eabi/7.3.1/../../../../arm-none-eabi/lib/thumb/v7-m\libc_nano.a
LOAD d:/stm32cubeide_1.5.1/stm32cubeide/plugins/com.st.stm32cube.ide.mcu.externaltools.gnu-tools-for-stm32.7-2018-q2-update.win32_1.5.0.202011040924/tools/bin/../lib/gcc/arm-none-eabi/7.3.1/../../../../arm-none-eabi/lib/thumb/v7-m\libm.a
END GROUP
START GROUP
LOAD d:/stm32cubeide_1.5.1/stm32cubeide/plugins/com.st.stm32cube.ide.mcu.externaltools.gnu-tools-for-stm32.7-2018-q2-update.win32_1.5.0.202011040924/tools/bin/../lib/gcc/arm-none-eabi/7.3.1/thumb/v7-m\libgcc.a
LOAD d:/stm32cubeide_1.5.1/stm32cubeide/plugins/com.st.stm32cube.ide.mcu.externaltools.gnu-tools-for-stm32.7-2018-q2-update.win32_1.5.0.202011040924/tools/bin/../lib/gcc/arm-none-eabi/7.3.1/../../../../arm-none-eabi/lib/thumb/v7-m\libc_nano.a
END GROUP
START GROUP
LOAD d:/stm32cubeide_1.5.1/stm32cubeide/plugins/com.st.stm32cube.ide.mcu.externaltools.gnu-tools-for-stm32.7-2018-q2-update.win32_1.5.0.202011040924/tools/bin/../lib/gcc/arm-none-eabi/7.3.1/thumb/v7-m\libgcc.a
LOAD d:/stm32cubeide_1.5.1/stm32cubeide/plugins/com.st.stm32cube.ide.mcu.externaltools.gnu-tools-for-stm32.7-2018-q2-update.win32_1.5.0.202011040924/tools/bin/../lib/gcc/arm-none-eabi/7.3.1/../../../../arm-none-eabi/lib/thumb/v7-m\libc_nano.a
LOAD d:/stm32cubeide_1.5.1/stm32cubeide/plugins/com.st.stm32cube.ide.mcu.externaltools.gnu-tools-for-stm32.7-2018-q2-update.win32_1.5.0.202011040924/tools/bin/../lib/gcc/arm-none-eabi/7.3.1/../../../../arm-none-eabi/lib/thumb/v7-m\libnosys.a
END GROUP
START GROUP
LOAD d:/stm32cubeide_1.5.1/stm32cubeide/plugins/com.st.stm32cube.ide.mcu.externaltools.gnu-tools-for-stm32.7-2018-q2-update.win32_1.5.0.202011040924/tools/bin/../lib/gcc/arm-none-eabi/7.3.1/thumb/v7-m\libgcc.a
LOAD d:/stm32cubeide_1.5.1/stm32cubeide/plugins/com.st.stm32cube.ide.mcu.externaltools.gnu-tools-for-stm32.7-2018-q2-update.win32_1.5.0.202011040924/tools/bin/../lib/gcc/arm-none-eabi/7.3.1/../../../../arm-none-eabi/lib/thumb/v7-m\libc_nano.a
LOAD d:/stm32cubeide_1.5.1/stm32cubeide/plugins/com.st.stm32cube.ide.mcu.externaltools.gnu-tools-for-stm32.7-2018-q2-update.win32_1.5.0.202011040924/tools/bin/../lib/gcc/arm-none-eabi/7.3.1/../../../../arm-none-eabi/lib/thumb/v7-m\libnosys.a
END GROUP
LOAD d:/stm32cubeide_1.5.1/stm32cubeide/plugins/com.st.stm32cube.ide.mcu.externaltools.gnu-tools-for-stm32.7-2018-q2-update.win32_1.5.0.202011040924/tools/bin/../lib/gcc/arm-none-eabi/7.3.1/thumb/v7-m/crtend.o
LOAD d:/stm32cubeide_1.5.1/stm32cubeide/plugins/com.st.stm32cube.ide.mcu.externaltools.gnu-tools-for-stm32.7-2018-q2-update.win32_1.5.0.202011040924/tools/bin/../lib/gcc/arm-none-eabi/7.3.1/thumb/v7-m/crtn.o
                0x0000000020010000                _estack = (ORIGIN (RAM) + LENGTH (RAM))
                0x0000000000000200                _Min_Heap_Size = 0x200
                0x0000000000000400                _Min_Stack_Size = 0x400

.isr_vector     0x0000000008000000      0x1e4
                0x0000000008000000                . = ALIGN (0x4)
 *(.isr_vector)
 .isr_vector    0x0000000008000000      0x1e4 Core/Startup/startup_stm32f103vetx.o
                0x0000000008000000                g_pfnVectors
                0x00000000080001e4                . = ALIGN (0x4)

.text           0x00000000080001f0     0x55b4
                0x00000000080001f0                . = ALIGN (0x4)
 *(.text)
 .text          0x00000000080001f0       0x40 d:/stm32cubeide_1.5.1/stm32cubeide/plugins/com.st.stm32cube.ide.mcu.externaltools.gnu-tools-for-stm32.7-2018-q2-update.win32_1.5.0.202011040924/tools/bin/../lib/gcc/arm-none-eabi/7.3.1/thumb/v7-m/crtbegin.o
 *(.text*)
 .text.MX_DMA_Init
                0x0000000008000230       0x3c Core/Src/dma.o
                0x0000000008000230                MX_DMA_Init
 .text.MX_FREERTOS_Init
                0x000000000800026c       0x24 Core/Src/freertos.o
                0x000000000800026c                MX_FREERTOS_Init
 .text.StartDefaultTask
                0x0000000008000290       0x20 Core/Src/freertos.o
                0x0000000008000290                StartDefaultTask
 .text.MX_FSMC_Init
                0x00000000080002b0       0xc8 Core/Src/fsmc.o
                0x00000000080002b0                MX_FSMC_Init
 .text.HAL_FSMC_MspInit
                0x0000000008000378       0x88 Core/Src/fsmc.o
 .text.HAL_SRAM_MspInit
                0x0000000008000400       0x14 Core/Src/fsmc.o
                0x0000000008000400                HAL_SRAM_MspInit
 .text.MX_GPIO_Init
                0x0000000008000414       0xc8 Core/Src/gpio.o
                0x0000000008000414                MX_GPIO_Init
 .text.main     0x00000000080004dc       0x2a Core/Src/main.o
                0x00000000080004dc                main
 .text.SystemClock_Config
                0x0000000008000506       0x8a Core/Src/main.o
                0x0000000008000506                SystemClock_Config
 .text.HAL_TIM_PeriodElapsedCallback
                0x0000000008000590       0x24 Core/Src/main.o
                0x0000000008000590                HAL_TIM_PeriodElapsedCallback
 .text.Error_Handler
                0x00000000080005b4        0x8 Core/Src/main.o
                0x00000000080005b4                Error_Handler
 .text.HAL_MspInit
                0x00000000080005bc       0x70 Core/Src/stm32f1xx_hal_msp.o
                0x00000000080005bc                HAL_MspInit
 .text.HAL_InitTick
                0x000000000800062c       0xb0 Core/Src/stm32f1xx_hal_timebase_tim.o
                0x000000000800062c                HAL_InitTick
 .text.NMI_Handler
                0x00000000080006dc        0x6 Core/Src/stm32f1xx_it.o
                0x00000000080006dc                NMI_Handler
 .text.HardFault_Handler
                0x00000000080006e2        0x6 Core/Src/stm32f1xx_it.o
                0x00000000080006e2                HardFault_Handler
 .text.MemManage_Handler
                0x00000000080006e8        0x6 Core/Src/stm32f1xx_it.o
                0x00000000080006e8                MemManage_Handler
 .text.BusFault_Handler
                0x00000000080006ee        0x6 Core/Src/stm32f1xx_it.o
                0x00000000080006ee                BusFault_Handler
 .text.UsageFault_Handler
                0x00000000080006f4        0x6 Core/Src/stm32f1xx_it.o
                0x00000000080006f4                UsageFault_Handler
 .text.DebugMon_Handler
                0x00000000080006fa        0xc Core/Src/stm32f1xx_it.o
                0x00000000080006fa                DebugMon_Handler
 *fill*         0x0000000008000706        0x2 
 .text.DMA1_Channel4_IRQHandler
                0x0000000008000708       0x14 Core/Src/stm32f1xx_it.o
                0x0000000008000708                DMA1_Channel4_IRQHandler
 .text.USART1_IRQHandler
                0x000000000800071c       0x14 Core/Src/stm32f1xx_it.o
                0x000000000800071c                USART1_IRQHandler
 .text.TIM6_IRQHandler
                0x0000000008000730       0x14 Core/Src/stm32f1xx_it.o
                0x0000000008000730                TIM6_IRQHandler
 .text.SystemInit
                0x0000000008000744        0xc Core/Src/system_stm32f1xx.o
                0x0000000008000744                SystemInit
 .text.MX_USART1_UART_Init
                0x0000000008000750       0x54 Core/Src/usart.o
                0x0000000008000750                MX_USART1_UART_Init
 .text.HAL_UART_MspInit
                0x00000000080007a4       0xfc Core/Src/usart.o
                0x00000000080007a4                HAL_UART_MspInit
 .text.Reset_Handler
                0x00000000080008a0       0x48 Core/Startup/startup_stm32f103vetx.o
                0x00000000080008a0                Reset_Handler
 .text.Default_Handler
                0x00000000080008e8        0x2 Core/Startup/startup_stm32f103vetx.o
                0x00000000080008e8                RTC_Alarm_IRQHandler
                0x00000000080008e8                EXTI2_IRQHandler
                0x00000000080008e8                TIM8_TRG_COM_IRQHandler
                0x00000000080008e8                TIM8_CC_IRQHandler
                0x00000000080008e8                TIM1_CC_IRQHandler
                0x00000000080008e8                PVD_IRQHandler
                0x00000000080008e8                SDIO_IRQHandler
                0x00000000080008e8                EXTI3_IRQHandler
                0x00000000080008e8                EXTI0_IRQHandler
                0x00000000080008e8                I2C2_EV_IRQHandler
                0x00000000080008e8                ADC1_2_IRQHandler
                0x00000000080008e8                SPI1_IRQHandler
                0x00000000080008e8                TAMPER_IRQHandler
                0x00000000080008e8                TIM8_UP_IRQHandler
                0x00000000080008e8                DMA2_Channel2_IRQHandler
                0x00000000080008e8                USART3_IRQHandler
                0x00000000080008e8                RTC_IRQHandler
                0x00000000080008e8                DMA1_Channel7_IRQHandler
                0x00000000080008e8                CAN1_RX1_IRQHandler
                0x00000000080008e8                UART5_IRQHandler
                0x00000000080008e8                ADC3_IRQHandler
                0x00000000080008e8                TIM4_IRQHandler
                0x00000000080008e8                DMA2_Channel1_IRQHandler
                0x00000000080008e8                I2C1_EV_IRQHandler
                0x00000000080008e8                DMA1_Channel6_IRQHandler
                0x00000000080008e8                UART4_IRQHandler
                0x00000000080008e8                TIM3_IRQHandler
                0x00000000080008e8                RCC_IRQHandler
                0x00000000080008e8                TIM1_TRG_COM_IRQHandler
                0x00000000080008e8                DMA1_Channel1_IRQHandler
                0x00000000080008e8                Default_Handler
                0x00000000080008e8                EXTI15_10_IRQHandler
                0x00000000080008e8                TIM7_IRQHandler
                0x00000000080008e8                TIM5_IRQHandler
                0x00000000080008e8                EXTI9_5_IRQHandler
                0x00000000080008e8                SPI2_IRQHandler
                0x00000000080008e8                DMA1_Channel5_IRQHandler
                0x00000000080008e8                EXTI4_IRQHandler
                0x00000000080008e8                USB_LP_CAN1_RX0_IRQHandler
                0x00000000080008e8                USB_HP_CAN1_TX_IRQHandler
                0x00000000080008e8                DMA1_Channel3_IRQHandler
                0x00000000080008e8                FSMC_IRQHandler
                0x00000000080008e8                TIM1_UP_IRQHandler
                0x00000000080008e8                WWDG_IRQHandler
                0x00000000080008e8                TIM2_IRQHandler
                0x00000000080008e8                TIM1_BRK_IRQHandler
                0x00000000080008e8                EXTI1_IRQHandler
                0x00000000080008e8                DMA2_Channel4_5_IRQHandler
                0x00000000080008e8                USART2_IRQHandler
                0x00000000080008e8                I2C2_ER_IRQHandler
                0x00000000080008e8                DMA1_Channel2_IRQHandler
                0x00000000080008e8                TIM8_BRK_IRQHandler
                0x00000000080008e8                CAN1_SCE_IRQHandler
                0x00000000080008e8                FLASH_IRQHandler
                0x00000000080008e8                SPI3_IRQHandler
                0x00000000080008e8                I2C1_ER_IRQHandler
                0x00000000080008e8                USBWakeUp_IRQHandler
                0x00000000080008e8                DMA2_Channel3_IRQHandler
 *fill*         0x00000000080008ea        0x2 
 .text.HAL_Init
                0x00000000080008ec       0x2c Drivers/STM32F1xx_HAL_Driver/Src/stm32f1xx_hal.o
                0x00000000080008ec                HAL_Init
 .text.HAL_IncTick
                0x0000000008000918       0x24 Drivers/STM32F1xx_HAL_Driver/Src/stm32f1xx_hal.o
                0x0000000008000918                HAL_IncTick
 .text.HAL_GetTick
                0x000000000800093c       0x14 Drivers/STM32F1xx_HAL_Driver/Src/stm32f1xx_hal.o
                0x000000000800093c                HAL_GetTick
 .text.__NVIC_SetPriorityGrouping
                0x0000000008000950       0x48 Drivers/STM32F1xx_HAL_Driver/Src/stm32f1xx_hal_cortex.o
 .text.__NVIC_GetPriorityGrouping
                0x0000000008000998       0x1c Drivers/STM32F1xx_HAL_Driver/Src/stm32f1xx_hal_cortex.o
 .text.__NVIC_EnableIRQ
                0x00000000080009b4       0x38 Drivers/STM32F1xx_HAL_Driver/Src/stm32f1xx_hal_cortex.o
 .text.__NVIC_SetPriority
                0x00000000080009ec       0x54 Drivers/STM32F1xx_HAL_Driver/Src/stm32f1xx_hal_cortex.o
 .text.NVIC_EncodePriority
                0x0000000008000a40       0x64 Drivers/STM32F1xx_HAL_Driver/Src/stm32f1xx_hal_cortex.o
 .text.HAL_NVIC_SetPriorityGrouping
                0x0000000008000aa4       0x16 Drivers/STM32F1xx_HAL_Driver/Src/stm32f1xx_hal_cortex.o
                0x0000000008000aa4                HAL_NVIC_SetPriorityGrouping
 .text.HAL_NVIC_SetPriority
                0x0000000008000aba       0x38 Drivers/STM32F1xx_HAL_Driver/Src/stm32f1xx_hal_cortex.o
                0x0000000008000aba                HAL_NVIC_SetPriority
 .text.HAL_NVIC_EnableIRQ
                0x0000000008000af2       0x1c Drivers/STM32F1xx_HAL_Driver/Src/stm32f1xx_hal_cortex.o
                0x0000000008000af2                HAL_NVIC_EnableIRQ
 *fill*         0x0000000008000b0e        0x2 
 .text.HAL_DMA_Init
                0x0000000008000b10       0xec Drivers/STM32F1xx_HAL_Driver/Src/stm32f1xx_hal_dma.o
                0x0000000008000b10                HAL_DMA_Init
 .text.HAL_DMA_Abort
                0x0000000008000bfc       0x74 Drivers/STM32F1xx_HAL_Driver/Src/stm32f1xx_hal_dma.o
                0x0000000008000bfc                HAL_DMA_Abort
 .text.HAL_DMA_Abort_IT
                0x0000000008000c70      0x210 Drivers/STM32F1xx_HAL_Driver/Src/stm32f1xx_hal_dma.o
                0x0000000008000c70                HAL_DMA_Abort_IT
 .text.HAL_DMA_IRQHandler
                0x0000000008000e80      0x478 Drivers/STM32F1xx_HAL_Driver/Src/stm32f1xx_hal_dma.o
                0x0000000008000e80                HAL_DMA_IRQHandler
 .text.HAL_GPIO_Init
                0x00000000080012f8      0x2d4 Drivers/STM32F1xx_HAL_Driver/Src/stm32f1xx_hal_gpio.o
                0x00000000080012f8                HAL_GPIO_Init
 .text.HAL_GPIO_WritePin
                0x00000000080015cc       0x30 Drivers/STM32F1xx_HAL_Driver/Src/stm32f1xx_hal_gpio.o
                0x00000000080015cc                HAL_GPIO_WritePin
 .text.HAL_GPIO_TogglePin
                0x00000000080015fc       0x32 Drivers/STM32F1xx_HAL_Driver/Src/stm32f1xx_hal_gpio.o
                0x00000000080015fc                HAL_GPIO_TogglePin
 *fill*         0x000000000800162e        0x2 
 .text.HAL_RCC_OscConfig
                0x0000000008001630      0x500 Drivers/STM32F1xx_HAL_Driver/Src/stm32f1xx_hal_rcc.o
                0x0000000008001630                HAL_RCC_OscConfig
 .text.HAL_RCC_ClockConfig
                0x0000000008001b30      0x1d4 Drivers/STM32F1xx_HAL_Driver/Src/stm32f1xx_hal_rcc.o
                0x0000000008001b30                HAL_RCC_ClockConfig
 .text.HAL_RCC_GetSysClockFreq
                0x0000000008001d04       0xc4 Drivers/STM32F1xx_HAL_Driver/Src/stm32f1xx_hal_rcc.o
                0x0000000008001d04                HAL_RCC_GetSysClockFreq
 .text.HAL_RCC_GetHCLKFreq
                0x0000000008001dc8       0x14 Drivers/STM32F1xx_HAL_Driver/Src/stm32f1xx_hal_rcc.o
                0x0000000008001dc8                HAL_RCC_GetHCLKFreq
 .text.HAL_RCC_GetPCLK1Freq
                0x0000000008001ddc       0x28 Drivers/STM32F1xx_HAL_Driver/Src/stm32f1xx_hal_rcc.o
                0x0000000008001ddc                HAL_RCC_GetPCLK1Freq
 .text.HAL_RCC_GetPCLK2Freq
                0x0000000008001e04       0x28 Drivers/STM32F1xx_HAL_Driver/Src/stm32f1xx_hal_rcc.o
                0x0000000008001e04                HAL_RCC_GetPCLK2Freq
 .text.HAL_RCC_GetClockConfig
                0x0000000008001e2c       0x60 Drivers/STM32F1xx_HAL_Driver/Src/stm32f1xx_hal_rcc.o
                0x0000000008001e2c                HAL_RCC_GetClockConfig
 .text.RCC_Delay
                0x0000000008001e8c       0x3c Drivers/STM32F1xx_HAL_Driver/Src/stm32f1xx_hal_rcc.o
 .text.HAL_SRAM_Init
                0x0000000008001ec8       0x9a Drivers/STM32F1xx_HAL_Driver/Src/stm32f1xx_hal_sram.o
                0x0000000008001ec8                HAL_SRAM_Init
 .text.HAL_TIM_Base_Init
                0x0000000008001f62       0x9e Drivers/STM32F1xx_HAL_Driver/Src/stm32f1xx_hal_tim.o
                0x0000000008001f62                HAL_TIM_Base_Init
 .text.HAL_TIM_Base_MspInit
                0x0000000008002000       0x12 Drivers/STM32F1xx_HAL_Driver/Src/stm32f1xx_hal_tim.o
                0x0000000008002000                HAL_TIM_Base_MspInit
 *fill*         0x0000000008002012        0x2 
 .text.HAL_TIM_Base_Start_IT
                0x0000000008002014       0xc0 Drivers/STM32F1xx_HAL_Driver/Src/stm32f1xx_hal_tim.o
                0x0000000008002014                HAL_TIM_Base_Start_IT
 .text.HAL_TIM_IRQHandler
                0x00000000080020d4      0x210 Drivers/STM32F1xx_HAL_Driver/Src/stm32f1xx_hal_tim.o
                0x00000000080020d4                HAL_TIM_IRQHandler
 .text.HAL_TIM_OC_DelayElapsedCallback
                0x00000000080022e4       0x12 Drivers/STM32F1xx_HAL_Driver/Src/stm32f1xx_hal_tim.o
                0x00000000080022e4                HAL_TIM_OC_DelayElapsedCallback
 .text.HAL_TIM_IC_CaptureCallback
                0x00000000080022f6       0x12 Drivers/STM32F1xx_HAL_Driver/Src/stm32f1xx_hal_tim.o
                0x00000000080022f6                HAL_TIM_IC_CaptureCallback
 .text.HAL_TIM_PWM_PulseFinishedCallback
                0x0000000008002308       0x12 Drivers/STM32F1xx_HAL_Driver/Src/stm32f1xx_hal_tim.o
                0x0000000008002308                HAL_TIM_PWM_PulseFinishedCallback
 .text.HAL_TIM_TriggerCallback
                0x000000000800231a       0x12 Drivers/STM32F1xx_HAL_Driver/Src/stm32f1xx_hal_tim.o
                0x000000000800231a                HAL_TIM_TriggerCallback
 .text.TIM_Base_SetConfig
                0x000000000800232c       0xf4 Drivers/STM32F1xx_HAL_Driver/Src/stm32f1xx_hal_tim.o
                0x000000000800232c                TIM_Base_SetConfig
 .text.HAL_TIMEx_CommutCallback
                0x0000000008002420       0x12 Drivers/STM32F1xx_HAL_Driver/Src/stm32f1xx_hal_tim_ex.o
                0x0000000008002420                HAL_TIMEx_CommutCallback
 .text.HAL_TIMEx_BreakCallback
                0x0000000008002432       0x12 Drivers/STM32F1xx_HAL_Driver/Src/stm32f1xx_hal_tim_ex.o
                0x0000000008002432                HAL_TIMEx_BreakCallback
 .text.HAL_UART_Init
                0x0000000008002444       0x9a Drivers/STM32F1xx_HAL_Driver/Src/stm32f1xx_hal_uart.o
                0x0000000008002444                HAL_UART_Init
 *fill*         0x00000000080024de        0x2 
 .text.HAL_UART_IRQHandler
                0x00000000080024e0      0x358 Drivers/STM32F1xx_HAL_Driver/Src/stm32f1xx_hal_uart.o
                0x00000000080024e0                HAL_UART_IRQHandler
 .text.HAL_UART_TxCpltCallback
                0x0000000008002838       0x12 Drivers/STM32F1xx_HAL_Driver/Src/stm32f1xx_hal_uart.o
                0x0000000008002838                HAL_UART_TxCpltCallback
 .text.HAL_UART_RxCpltCallback
                0x000000000800284a       0x12 Drivers/STM32F1xx_HAL_Driver/Src/stm32f1xx_hal_uart.o
                0x000000000800284a                HAL_UART_RxCpltCallback
 .text.HAL_UART_ErrorCallback
                0x000000000800285c       0x12 Drivers/STM32F1xx_HAL_Driver/Src/stm32f1xx_hal_uart.o
                0x000000000800285c                HAL_UART_ErrorCallback
 .text.HAL_UARTEx_RxEventCallback
                0x000000000800286e       0x16 Drivers/STM32F1xx_HAL_Driver/Src/stm32f1xx_hal_uart.o
                0x000000000800286e                HAL_UARTEx_RxEventCallback
 .text.UART_EndRxTransfer
                0x0000000008002884       0x58 Drivers/STM32F1xx_HAL_Driver/Src/stm32f1xx_hal_uart.o
 .text.UART_DMAAbortOnError
                0x00000000080028dc       0x28 Drivers/STM32F1xx_HAL_Driver/Src/stm32f1xx_hal_uart.o
 .text.UART_Transmit_IT
                0x0000000008002904       0x9e Drivers/STM32F1xx_HAL_Driver/Src/stm32f1xx_hal_uart.o
 .text.UART_EndTransmit_IT
                0x00000000080029a2       0x30 Drivers/STM32F1xx_HAL_Driver/Src/stm32f1xx_hal_uart.o
 .text.UART_Receive_IT
                0x00000000080029d2      0x152 Drivers/STM32F1xx_HAL_Driver/Src/stm32f1xx_hal_uart.o
 .text.UART_SetConfig
                0x0000000008002b24      0x11c Drivers/STM32F1xx_HAL_Driver/Src/stm32f1xx_hal_uart.o
 .text.FSMC_NORSRAM_Init
                0x0000000008002c40       0xd4 Drivers/STM32F1xx_HAL_Driver/Src/stm32f1xx_ll_fsmc.o
                0x0000000008002c40                FSMC_NORSRAM_Init
 .text.FSMC_NORSRAM_Timing_Init
                0x0000000008002d14       0x68 Drivers/STM32F1xx_HAL_Driver/Src/stm32f1xx_ll_fsmc.o
                0x0000000008002d14                FSMC_NORSRAM_Timing_Init
 .text.FSMC_NORSRAM_Extended_Timing_Init
                0x0000000008002d7c       0x70 Drivers/STM32F1xx_HAL_Driver/Src/stm32f1xx_ll_fsmc.o
                0x0000000008002d7c                FSMC_NORSRAM_Extended_Timing_Init
 .text.osKernelInitialize
                0x0000000008002dec       0x64 Middlewares/Third_Party/FreeRTOS/Source/CMSIS_RTOS_V2/cmsis_os2.o
                0x0000000008002dec                osKernelInitialize
 .text.osKernelStart
                0x0000000008002e50       0x68 Middlewares/Third_Party/FreeRTOS/Source/CMSIS_RTOS_V2/cmsis_os2.o
                0x0000000008002e50                osKernelStart
 .text.osThreadNew
                0x0000000008002eb8      0x154 Middlewares/Third_Party/FreeRTOS/Source/CMSIS_RTOS_V2/cmsis_os2.o
                0x0000000008002eb8                osThreadNew
 .text.osDelay  0x000000000800300c       0x5c Middlewares/Third_Party/FreeRTOS/Source/CMSIS_RTOS_V2/cmsis_os2.o
                0x000000000800300c                osDelay
 .text.vApplicationGetIdleTaskMemory
                0x0000000008003068       0x30 Middlewares/Third_Party/FreeRTOS/Source/CMSIS_RTOS_V2/cmsis_os2.o
                0x0000000008003068                vApplicationGetIdleTaskMemory
 .text.vApplicationGetTimerTaskMemory
                0x0000000008003098       0x34 Middlewares/Third_Party/FreeRTOS/Source/CMSIS_RTOS_V2/cmsis_os2.o
                0x0000000008003098                vApplicationGetTimerTaskMemory
 .text.vListInitialise
                0x00000000080030cc       0x3e Middlewares/Third_Party/FreeRTOS/Source/list.o
                0x00000000080030cc                vListInitialise
 .text.vListInitialiseItem
                0x000000000800310a       0x18 Middlewares/Third_Party/FreeRTOS/Source/list.o
                0x000000000800310a                vListInitialiseItem
 .text.vListInsertEnd
                0x0000000008003122       0x46 Middlewares/Third_Party/FreeRTOS/Source/list.o
                0x0000000008003122                vListInsertEnd
 .text.vListInsert
                0x0000000008003168       0x70 Middlewares/Third_Party/FreeRTOS/Source/list.o
                0x0000000008003168                vListInsert
 .text.uxListRemove
                0x00000000080031d8       0x52 Middlewares/Third_Party/FreeRTOS/Source/list.o
                0x00000000080031d8                uxListRemove
 *fill*         0x000000000800322a        0x2 
 .text.xQueueGenericReset
                0x000000000800322c       0xd0 Middlewares/Third_Party/FreeRTOS/Source/queue.o
                0x000000000800322c                xQueueGenericReset
 .text.xQueueGenericCreateStatic
                0x00000000080032fc       0xe4 Middlewares/Third_Party/FreeRTOS/Source/queue.o
                0x00000000080032fc                xQueueGenericCreateStatic
 .text.prvInitialiseNewQueue
                0x00000000080033e0       0x46 Middlewares/Third_Party/FreeRTOS/Source/queue.o
 *fill*         0x0000000008003426        0x2 
 .text.xQueueGenericSend
                0x0000000008003428      0x1f4 Middlewares/Third_Party/FreeRTOS/Source/queue.o
                0x0000000008003428                xQueueGenericSend
 .text.xQueueGenericSendFromISR
                0x000000000800361c      0x128 Middlewares/Third_Party/FreeRTOS/Source/queue.o
                0x000000000800361c                xQueueGenericSendFromISR
 .text.xQueueReceive
                0x0000000008003744      0x1b8 Middlewares/Third_Party/FreeRTOS/Source/queue.o
                0x0000000008003744                xQueueReceive
 .text.prvCopyDataToQueue
                0x00000000080038fc       0xd4 Middlewares/Third_Party/FreeRTOS/Source/queue.o
 .text.prvCopyDataFromQueue
                0x00000000080039d0       0x4c Middlewares/Third_Party/FreeRTOS/Source/queue.o
 .text.prvUnlockQueue
                0x0000000008003a1c       0xa4 Middlewares/Third_Party/FreeRTOS/Source/queue.o
 .text.prvIsQueueEmpty
                0x0000000008003ac0       0x2c Middlewares/Third_Party/FreeRTOS/Source/queue.o
 .text.prvIsQueueFull
                0x0000000008003aec       0x30 Middlewares/Third_Party/FreeRTOS/Source/queue.o
 .text.vQueueAddToRegistry
                0x0000000008003b1c       0x50 Middlewares/Third_Party/FreeRTOS/Source/queue.o
                0x0000000008003b1c                vQueueAddToRegistry
 .text.vQueueWaitForMessageRestricted
                0x0000000008003b6c       0x68 Middlewares/Third_Party/FreeRTOS/Source/queue.o
                0x0000000008003b6c                vQueueWaitForMessageRestricted
 .text.xTaskCreateStatic
                0x0000000008003bd4       0xb2 Middlewares/Third_Party/FreeRTOS/Source/tasks.o
                0x0000000008003bd4                xTaskCreateStatic
 .text.xTaskCreate
                0x0000000008003c86       0x8a Middlewares/Third_Party/FreeRTOS/Source/tasks.o
                0x0000000008003c86                xTaskCreate
 .text.prvInitialiseNewTask
                0x0000000008003d10      0x10c Middlewares/Third_Party/FreeRTOS/Source/tasks.o
 .text.prvAddNewTaskToReadyList
                0x0000000008003e1c       0xe0 Middlewares/Third_Party/FreeRTOS/Source/tasks.o
 .text.vTaskDelay
                0x0000000008003efc       0x68 Middlewares/Third_Party/FreeRTOS/Source/tasks.o
                0x0000000008003efc                vTaskDelay
 .text.vTaskStartScheduler
                0x0000000008003f64       0xc8 Middlewares/Third_Party/FreeRTOS/Source/tasks.o
                0x0000000008003f64                vTaskStartScheduler
 .text.vTaskSuspendAll
                0x000000000800402c       0x1c Middlewares/Third_Party/FreeRTOS/Source/tasks.o
                0x000000000800402c                vTaskSuspendAll
 .text.xTaskResumeAll
                0x0000000008004048      0x138 Middlewares/Third_Party/FreeRTOS/Source/tasks.o
                0x0000000008004048                xTaskResumeAll
 .text.xTaskGetTickCount
                0x0000000008004180       0x1c Middlewares/Third_Party/FreeRTOS/Source/tasks.o
                0x0000000008004180                xTaskGetTickCount
 .text.xTaskIncrementTick
                0x000000000800419c      0x17c Middlewares/Third_Party/FreeRTOS/Source/tasks.o
                0x000000000800419c                xTaskIncrementTick
 .text.vTaskSwitchContext
                0x0000000008004318       0xb8 Middlewares/Third_Party/FreeRTOS/Source/tasks.o
                0x0000000008004318                vTaskSwitchContext
 .text.vTaskPlaceOnEventList
                0x00000000080043d0       0x48 Middlewares/Third_Party/FreeRTOS/Source/tasks.o
                0x00000000080043d0                vTaskPlaceOnEventList
 .text.vTaskPlaceOnEventListRestricted
                0x0000000008004418       0x54 Middlewares/Third_Party/FreeRTOS/Source/tasks.o
                0x0000000008004418                vTaskPlaceOnEventListRestricted
 .text.xTaskRemoveFromEventList
                0x000000000800446c       0xc4 Middlewares/Third_Party/FreeRTOS/Source/tasks.o
                0x000000000800446c                xTaskRemoveFromEventList
 .text.vTaskInternalSetTimeOutState
                0x0000000008004530       0x2c Middlewares/Third_Party/FreeRTOS/Source/tasks.o
                0x0000000008004530                vTaskInternalSetTimeOutState
 .text.xTaskCheckForTimeOut
                0x000000000800455c       0xc0 Middlewares/Third_Party/FreeRTOS/Source/tasks.o
                0x000000000800455c                xTaskCheckForTimeOut
 .text.vTaskMissedYield
                0x000000000800461c       0x18 Middlewares/Third_Party/FreeRTOS/Source/tasks.o
                0x000000000800461c                vTaskMissedYield
 .text.prvIdleTask
                0x0000000008004634       0x30 Middlewares/Third_Party/FreeRTOS/Source/tasks.o
 .text.prvInitialiseTaskLists
                0x0000000008004664       0x80 Middlewares/Third_Party/FreeRTOS/Source/tasks.o
 .text.prvCheckTasksWaitingTermination
                0x00000000080046e4       0x58 Middlewares/Third_Party/FreeRTOS/Source/tasks.o
 .text.prvDeleteTCB
                0x000000000800473c       0x5c Middlewares/Third_Party/FreeRTOS/Source/tasks.o
 .text.prvResetNextTaskUnblockTime
                0x0000000008004798       0x48 Middlewares/Third_Party/FreeRTOS/Source/tasks.o
 .text.xTaskGetSchedulerState
                0x00000000080047e0       0x3c Middlewares/Third_Party/FreeRTOS/Source/tasks.o
                0x00000000080047e0                xTaskGetSchedulerState
 .text.xTaskPriorityDisinherit
                0x000000000800481c       0xd8 Middlewares/Third_Party/FreeRTOS/Source/tasks.o
                0x000000000800481c                xTaskPriorityDisinherit
 .text.prvAddCurrentTaskToDelayedList
                0x00000000080048f4       0xa8 Middlewares/Third_Party/FreeRTOS/Source/tasks.o
 .text.xTimerCreateTimerTask
                0x000000000800499c       0x90 Middlewares/Third_Party/FreeRTOS/Source/timers.o
                0x000000000800499c                xTimerCreateTimerTask
 .text.xTimerGenericCommand
                0x0000000008004a2c       0x98 Middlewares/Third_Party/FreeRTOS/Source/timers.o
                0x0000000008004a2c                xTimerGenericCommand
 .text.prvProcessExpiredTimer
                0x0000000008004ac4       0x80 Middlewares/Third_Party/FreeRTOS/Source/timers.o
 .text.prvTimerTask
                0x0000000008004b44       0x24 Middlewares/Third_Party/FreeRTOS/Source/timers.o
 .text.prvProcessTimerOrBlockTask
                0x0000000008004b68       0x9c Middlewares/Third_Party/FreeRTOS/Source/timers.o
 .text.prvGetNextExpireTime
                0x0000000008004c04       0x48 Middlewares/Third_Party/FreeRTOS/Source/timers.o
 .text.prvSampleTimeNow
                0x0000000008004c4c       0x40 Middlewares/Third_Party/FreeRTOS/Source/timers.o
 .text.prvInsertTimerInActiveList
                0x0000000008004c8c       0x84 Middlewares/Third_Party/FreeRTOS/Source/timers.o
 .text.prvProcessReceivedCommands
                0x0000000008004d10      0x160 Middlewares/Third_Party/FreeRTOS/Source/timers.o
 .text.prvSwitchTimerLists
                0x0000000008004e70       0xc0 Middlewares/Third_Party/FreeRTOS/Source/timers.o
 .text.prvCheckForValidListAndQueue
                0x0000000008004f30       0x80 Middlewares/Third_Party/FreeRTOS/Source/timers.o
 .text.pxPortInitialiseStack
                0x0000000008004fb0       0x58 Middlewares/Third_Party/FreeRTOS/Source/portable/GCC/ARM_CM3/port.o
                0x0000000008004fb0                pxPortInitialiseStack
 .text.prvTaskExitError
                0x0000000008005008       0x50 Middlewares/Third_Party/FreeRTOS/Source/portable/GCC/ARM_CM3/port.o
 *fill*         0x0000000008005058        0x8 
 .text.SVC_Handler
                0x0000000008005060       0x28 Middlewares/Third_Party/FreeRTOS/Source/portable/GCC/ARM_CM3/port.o
                0x0000000008005060                SVC_Handler
 .text.prvPortStartFirstTask
                0x0000000008005088       0x20 Middlewares/Third_Party/FreeRTOS/Source/portable/GCC/ARM_CM3/port.o
 .text.xPortStartScheduler
                0x00000000080050a8       0xe0 Middlewares/Third_Party/FreeRTOS/Source/portable/GCC/ARM_CM3/port.o
                0x00000000080050a8                xPortStartScheduler
 .text.vPortEnterCritical
                0x0000000008005188       0x5c Middlewares/Third_Party/FreeRTOS/Source/portable/GCC/ARM_CM3/port.o
                0x0000000008005188                vPortEnterCritical
 .text.vPortExitCritical
                0x00000000080051e4       0x4c Middlewares/Third_Party/FreeRTOS/Source/portable/GCC/ARM_CM3/port.o
                0x00000000080051e4                vPortExitCritical
 .text.PendSV_Handler
                0x0000000008005230       0x48 Middlewares/Third_Party/FreeRTOS/Source/portable/GCC/ARM_CM3/port.o
                0x0000000008005230                PendSV_Handler
 .text.SysTick_Handler
                0x0000000008005278       0x40 Middlewares/Third_Party/FreeRTOS/Source/portable/GCC/ARM_CM3/port.o
                0x0000000008005278                SysTick_Handler
 .text.vPortSetupTimerInterrupt
                0x00000000080052b8       0x44 Middlewares/Third_Party/FreeRTOS/Source/portable/GCC/ARM_CM3/port.o
                0x00000000080052b8                vPortSetupTimerInterrupt
 .text.vPortValidateInterruptPriority
                0x00000000080052fc       0x78 Middlewares/Third_Party/FreeRTOS/Source/portable/GCC/ARM_CM3/port.o
                0x00000000080052fc                vPortValidateInterruptPriority
 .text.pvPortMalloc
                0x0000000008005374      0x184 Middlewares/Third_Party/FreeRTOS/Source/portable/MemMang/heap_4.o
                0x0000000008005374                pvPortMalloc
 .text.vPortFree
                0x00000000080054f8       0xb0 Middlewares/Third_Party/FreeRTOS/Source/portable/MemMang/heap_4.o
                0x00000000080054f8                vPortFree
 .text.prvHeapInit
                0x00000000080055a8       0xc4 Middlewares/Third_Party/FreeRTOS/Source/portable/MemMang/heap_4.o
 .text.prvInsertBlockIntoFreeList
                0x000000000800566c       0xb0 Middlewares/Third_Party/FreeRTOS/Source/portable/MemMang/heap_4.o
 .text.__libc_init_array
                0x000000000800571c       0x48 d:/stm32cubeide_1.5.1/stm32cubeide/plugins/com.st.stm32cube.ide.mcu.externaltools.gnu-tools-for-stm32.7-2018-q2-update.win32_1.5.0.202011040924/tools/bin/../lib/gcc/arm-none-eabi/7.3.1/../../../../arm-none-eabi/lib/thumb/v7-m\libc_nano.a(lib_a-init.o)
                0x000000000800571c                __libc_init_array
 .text.memcpy   0x0000000008005764       0x16 d:/stm32cubeide_1.5.1/stm32cubeide/plugins/com.st.stm32cube.ide.mcu.externaltools.gnu-tools-for-stm32.7-2018-q2-update.win32_1.5.0.202011040924/tools/bin/../lib/gcc/arm-none-eabi/7.3.1/../../../../arm-none-eabi/lib/thumb/v7-m\libc_nano.a(lib_a-memcpy-stub.o)
                0x0000000008005764                memcpy
 .text.memset   0x000000000800577a       0x10 d:/stm32cubeide_1.5.1/stm32cubeide/plugins/com.st.stm32cube.ide.mcu.externaltools.gnu-tools-for-stm32.7-2018-q2-update.win32_1.5.0.202011040924/tools/bin/../lib/gcc/arm-none-eabi/7.3.1/../../../../arm-none-eabi/lib/thumb/v7-m\libc_nano.a(lib_a-memset.o)
                0x000000000800577a                memset
 *(.glue_7)
 .glue_7        0x000000000800578a        0x0 linker stubs
 *(.glue_7t)
 .glue_7t       0x000000000800578a        0x0 linker stubs
 *(.eh_frame)
 *fill*         0x000000000800578a        0x2 
 .eh_frame      0x000000000800578c        0x0 d:/stm32cubeide_1.5.1/stm32cubeide/plugins/com.st.stm32cube.ide.mcu.externaltools.gnu-tools-for-stm32.7-2018-q2-update.win32_1.5.0.202011040924/tools/bin/../lib/gcc/arm-none-eabi/7.3.1/thumb/v7-m/crtbegin.o
 *(.init)
 .init          0x000000000800578c        0x4 d:/stm32cubeide_1.5.1/stm32cubeide/plugins/com.st.stm32cube.ide.mcu.externaltools.gnu-tools-for-stm32.7-2018-q2-update.win32_1.5.0.202011040924/tools/bin/../lib/gcc/arm-none-eabi/7.3.1/thumb/v7-m/crti.o
                0x000000000800578c                _init
 .init          0x0000000008005790        0x8 d:/stm32cubeide_1.5.1/stm32cubeide/plugins/com.st.stm32cube.ide.mcu.externaltools.gnu-tools-for-stm32.7-2018-q2-update.win32_1.5.0.202011040924/tools/bin/../lib/gcc/arm-none-eabi/7.3.1/thumb/v7-m/crtn.o
 *(.fini)
 .fini          0x0000000008005798        0x4 d:/stm32cubeide_1.5.1/stm32cubeide/plugins/com.st.stm32cube.ide.mcu.externaltools.gnu-tools-for-stm32.7-2018-q2-update.win32_1.5.0.202011040924/tools/bin/../lib/gcc/arm-none-eabi/7.3.1/thumb/v7-m/crti.o
                0x0000000008005798                _fini
 .fini          0x000000000800579c        0x8 d:/stm32cubeide_1.5.1/stm32cubeide/plugins/com.st.stm32cube.ide.mcu.externaltools.gnu-tools-for-stm32.7-2018-q2-update.win32_1.5.0.202011040924/tools/bin/../lib/gcc/arm-none-eabi/7.3.1/thumb/v7-m/crtn.o
                0x00000000080057a4                . = ALIGN (0x4)
                0x00000000080057a4                _etext = .

.vfp11_veneer   0x00000000080057a4        0x0
 .vfp11_veneer  0x00000000080057a4        0x0 linker stubs

.v4_bx          0x00000000080057a4        0x0
 .v4_bx         0x00000000080057a4        0x0 linker stubs

.iplt           0x00000000080057a4        0x0
 .iplt          0x00000000080057a4        0x0 d:/stm32cubeide_1.5.1/stm32cubeide/plugins/com.st.stm32cube.ide.mcu.externaltools.gnu-tools-for-stm32.7-2018-q2-update.win32_1.5.0.202011040924/tools/bin/../lib/gcc/arm-none-eabi/7.3.1/thumb/v7-m/crtbegin.o

.rodata         0x00000000080057a4       0x74
                0x00000000080057a4                . = ALIGN (0x4)
 *(.rodata)
 .rodata        0x00000000080057a4        0xc Core/Src/freertos.o
 .rodata        0x00000000080057b0       0x12 Drivers/STM32F1xx_HAL_Driver/Src/stm32f1xx_hal_rcc.o
 *fill*         0x00000000080057c2        0x2 
 .rodata        0x00000000080057c4        0x5 Middlewares/Third_Party/FreeRTOS/Source/tasks.o
 *fill*         0x00000000080057c9        0x3 
 .rodata        0x00000000080057cc        0xd Middlewares/Third_Party/FreeRTOS/Source/timers.o
 *(.rodata*)
 *fill*         0x00000000080057d9        0x3 
 .rodata.defaultTask_attributes
                0x00000000080057dc       0x24 Core/Src/freertos.o
                0x00000000080057dc                defaultTask_attributes
 .rodata.AHBPrescTable
                0x0000000008005800       0x10 Core/Src/system_stm32f1xx.o
                0x0000000008005800                AHBPrescTable
 .rodata.APBPrescTable
                0x0000000008005810        0x8 Core/Src/system_stm32f1xx.o
                0x0000000008005810                APBPrescTable
                0x0000000008005818                . = ALIGN (0x4)

.rel.dyn        0x0000000008005818        0x0
 .rel.iplt      0x0000000008005818        0x0 d:/stm32cubeide_1.5.1/stm32cubeide/plugins/com.st.stm32cube.ide.mcu.externaltools.gnu-tools-for-stm32.7-2018-q2-update.win32_1.5.0.202011040924/tools/bin/../lib/gcc/arm-none-eabi/7.3.1/thumb/v7-m/crtbegin.o

.ARM.extab      0x0000000008005818        0x0
                0x0000000008005818                . = ALIGN (0x4)
 *(.ARM.extab* .gnu.linkonce.armextab.*)
                0x0000000008005818                . = ALIGN (0x4)

.ARM            0x0000000008005818        0x0
                0x0000000008005818                . = ALIGN (0x4)
                0x0000000008005818                __exidx_start = .
 *(.ARM.exidx*)
                0x0000000008005818                __exidx_end = .
                0x0000000008005818                . = ALIGN (0x4)

.preinit_array  0x0000000008005818        0x0
                0x0000000008005818                . = ALIGN (0x4)
                0x0000000008005818                PROVIDE (__preinit_array_start = .)
 *(.preinit_array*)
                0x0000000008005818                PROVIDE (__preinit_array_end = .)
                0x0000000008005818                . = ALIGN (0x4)

.init_array     0x0000000008005818        0x4
                0x0000000008005818                . = ALIGN (0x4)
                0x0000000008005818                PROVIDE (__init_array_start = .)
 *(SORT_BY_NAME(.init_array.*))
 *(.init_array*)
 .init_array    0x0000000008005818        0x4 d:/stm32cubeide_1.5.1/stm32cubeide/plugins/com.st.stm32cube.ide.mcu.externaltools.gnu-tools-for-stm32.7-2018-q2-update.win32_1.5.0.202011040924/tools/bin/../lib/gcc/arm-none-eabi/7.3.1/thumb/v7-m/crtbegin.o
                0x000000000800581c                PROVIDE (__init_array_end = .)
                0x000000000800581c                . = ALIGN (0x4)

.fini_array     0x000000000800581c        0x4
                0x000000000800581c                . = ALIGN (0x4)
                [!provide]                        PROVIDE (__fini_array_start = .)
 *(SORT_BY_NAME(.fini_array.*))
 *(.fini_array*)
 .fini_array    0x000000000800581c        0x4 d:/stm32cubeide_1.5.1/stm32cubeide/plugins/com.st.stm32cube.ide.mcu.externaltools.gnu-tools-for-stm32.7-2018-q2-update.win32_1.5.0.202011040924/tools/bin/../lib/gcc/arm-none-eabi/7.3.1/thumb/v7-m/crtbegin.o
                [!provide]                        PROVIDE (__fini_array_end = .)
                0x0000000008005820                . = ALIGN (0x4)
                0x0000000008005820                _sidata = LOADADDR (.data)

.data           0x0000000020000000       0x10 load address 0x0000000008005820
                0x0000000020000000                . = ALIGN (0x4)
                0x0000000020000000                _sdata = .
 *(.data)
 *(.data*)
 .data.SystemCoreClock
                0x0000000020000000        0x4 Core/Src/system_stm32f1xx.o
                0x0000000020000000                SystemCoreClock
 .data.uwTickPrio
                0x0000000020000004        0x4 Drivers/STM32F1xx_HAL_Driver/Src/stm32f1xx_hal.o
                0x0000000020000004                uwTickPrio
 .data.uwTickFreq
                0x0000000020000008        0x1 Drivers/STM32F1xx_HAL_Driver/Src/stm32f1xx_hal.o
                0x0000000020000008                uwTickFreq
 *fill*         0x0000000020000009        0x3 
 .data.uxCriticalNesting
                0x000000002000000c        0x4 Middlewares/Third_Party/FreeRTOS/Source/portable/GCC/ARM_CM3/port.o
 *(.RamFunc)
 *(.RamFunc*)
                0x0000000020000010                . = ALIGN (0x4)
                0x0000000020000010                _edata = .

.igot.plt       0x0000000020000010        0x0 load address 0x0000000008005830
 .igot.plt      0x0000000020000010        0x0 d:/stm32cubeide_1.5.1/stm32cubeide/plugins/com.st.stm32cube.ide.mcu.externaltools.gnu-tools-for-stm32.7-2018-q2-update.win32_1.5.0.202011040924/tools/bin/../lib/gcc/arm-none-eabi/7.3.1/thumb/v7-m/crtbegin.o
                0x0000000020000010                . = ALIGN (0x4)

.bss            0x0000000020000010     0x1a88 load address 0x0000000008005830
                0x0000000020000010                _sbss = .
                0x0000000020000010                __bss_start__ = _sbss
 *(.bss)
 .bss           0x0000000020000010       0x1c d:/stm32cubeide_1.5.1/stm32cubeide/plugins/com.st.stm32cube.ide.mcu.externaltools.gnu-tools-for-stm32.7-2018-q2-update.win32_1.5.0.202011040924/tools/bin/../lib/gcc/arm-none-eabi/7.3.1/thumb/v7-m/crtbegin.o
 *(.bss*)
 .bss.FSMC_Initialized
                0x000000002000002c        0x4 Core/Src/fsmc.o
 .bss.KernelState
                0x0000000020000030        0x4 Middlewares/Third_Party/FreeRTOS/Source/CMSIS_RTOS_V2/cmsis_os2.o
 .bss.Idle_TCB  0x0000000020000034       0x5c Middlewares/Third_Party/FreeRTOS/Source/CMSIS_RTOS_V2/cmsis_os2.o
 .bss.Idle_Stack
                0x0000000020000090      0x200 Middlewares/Third_Party/FreeRTOS/Source/CMSIS_RTOS_V2/cmsis_os2.o
 .bss.Timer_TCB
                0x0000000020000290       0x5c Middlewares/Third_Party/FreeRTOS/Source/CMSIS_RTOS_V2/cmsis_os2.o
 .bss.Timer_Stack
                0x00000000200002ec      0x400 Middlewares/Third_Party/FreeRTOS/Source/CMSIS_RTOS_V2/cmsis_os2.o
 .bss.pxCurrentTCB
                0x00000000200006ec        0x4 Middlewares/Third_Party/FreeRTOS/Source/tasks.o
                0x00000000200006ec                pxCurrentTCB
 .bss.pxReadyTasksLists
                0x00000000200006f0      0x460 Middlewares/Third_Party/FreeRTOS/Source/tasks.o
 .bss.xDelayedTaskList1
                0x0000000020000b50       0x14 Middlewares/Third_Party/FreeRTOS/Source/tasks.o
 .bss.xDelayedTaskList2
                0x0000000020000b64       0x14 Middlewares/Third_Party/FreeRTOS/Source/tasks.o
 .bss.pxDelayedTaskList
                0x0000000020000b78        0x4 Middlewares/Third_Party/FreeRTOS/Source/tasks.o
 .bss.pxOverflowDelayedTaskList
                0x0000000020000b7c        0x4 Middlewares/Third_Party/FreeRTOS/Source/tasks.o
 .bss.xPendingReadyList
                0x0000000020000b80       0x14 Middlewares/Third_Party/FreeRTOS/Source/tasks.o
 .bss.xTasksWaitingTermination
                0x0000000020000b94       0x14 Middlewares/Third_Party/FreeRTOS/Source/tasks.o
 .bss.uxDeletedTasksWaitingCleanUp
                0x0000000020000ba8        0x4 Middlewares/Third_Party/FreeRTOS/Source/tasks.o
 .bss.xSuspendedTaskList
                0x0000000020000bac       0x14 Middlewares/Third_Party/FreeRTOS/Source/tasks.o
 .bss.uxCurrentNumberOfTasks
                0x0000000020000bc0        0x4 Middlewares/Third_Party/FreeRTOS/Source/tasks.o
 .bss.xTickCount
                0x0000000020000bc4        0x4 Middlewares/Third_Party/FreeRTOS/Source/tasks.o
 .bss.uxTopReadyPriority
                0x0000000020000bc8        0x4 Middlewares/Third_Party/FreeRTOS/Source/tasks.o
 .bss.xSchedulerRunning
                0x0000000020000bcc        0x4 Middlewares/Third_Party/FreeRTOS/Source/tasks.o
 .bss.uxPendedTicks
                0x0000000020000bd0        0x4 Middlewares/Third_Party/FreeRTOS/Source/tasks.o
 .bss.xYieldPending
                0x0000000020000bd4        0x4 Middlewares/Third_Party/FreeRTOS/Source/tasks.o
 .bss.xNumOfOverflows
                0x0000000020000bd8        0x4 Middlewares/Third_Party/FreeRTOS/Source/tasks.o
 .bss.uxTaskNumber
                0x0000000020000bdc        0x4 Middlewares/Third_Party/FreeRTOS/Source/tasks.o
 .bss.xNextTaskUnblockTime
                0x0000000020000be0        0x4 Middlewares/Third_Party/FreeRTOS/Source/tasks.o
 .bss.xIdleTaskHandle
                0x0000000020000be4        0x4 Middlewares/Third_Party/FreeRTOS/Source/tasks.o
 .bss.uxSchedulerSuspended
                0x0000000020000be8        0x4 Middlewares/Third_Party/FreeRTOS/Source/tasks.o
 .bss.xActiveTimerList1
                0x0000000020000bec       0x14 Middlewares/Third_Party/FreeRTOS/Source/timers.o
 .bss.xActiveTimerList2
                0x0000000020000c00       0x14 Middlewares/Third_Party/FreeRTOS/Source/timers.o
 .bss.pxCurrentTimerList
                0x0000000020000c14        0x4 Middlewares/Third_Party/FreeRTOS/Source/timers.o
 .bss.pxOverflowTimerList
                0x0000000020000c18        0x4 Middlewares/Third_Party/FreeRTOS/Source/timers.o
 .bss.xTimerQueue
                0x0000000020000c1c        0x4 Middlewares/Third_Party/FreeRTOS/Source/timers.o
 .bss.xTimerTaskHandle
                0x0000000020000c20        0x4 Middlewares/Third_Party/FreeRTOS/Source/timers.o
 .bss.xLastTime.5452
                0x0000000020000c24        0x4 Middlewares/Third_Party/FreeRTOS/Source/timers.o
 .bss.ucStaticTimerQueueStorage.5503
                0x0000000020000c28       0xa0 Middlewares/Third_Party/FreeRTOS/Source/timers.o
 .bss.xStaticTimerQueue.5502
                0x0000000020000cc8       0x50 Middlewares/Third_Party/FreeRTOS/Source/timers.o
 .bss.ucMaxSysCallPriority
                0x0000000020000d18        0x1 Middlewares/Third_Party/FreeRTOS/Source/portable/GCC/ARM_CM3/port.o
 *fill*         0x0000000020000d19        0x3 
 .bss.ulMaxPRIGROUPValue
                0x0000000020000d1c        0x4 Middlewares/Third_Party/FreeRTOS/Source/portable/GCC/ARM_CM3/port.o
 .bss.ucHeap    0x0000000020000d20      0xc00 Middlewares/Third_Party/FreeRTOS/Source/portable/MemMang/heap_4.o
 .bss.xStart    0x0000000020001920        0x8 Middlewares/Third_Party/FreeRTOS/Source/portable/MemMang/heap_4.o
 .bss.pxEnd     0x0000000020001928        0x4 Middlewares/Third_Party/FreeRTOS/Source/portable/MemMang/heap_4.o
 .bss.xFreeBytesRemaining
                0x000000002000192c        0x4 Middlewares/Third_Party/FreeRTOS/Source/portable/MemMang/heap_4.o
 .bss.xMinimumEverFreeBytesRemaining
                0x0000000020001930        0x4 Middlewares/Third_Party/FreeRTOS/Source/portable/MemMang/heap_4.o
 .bss.xBlockAllocatedBit
                0x0000000020001934        0x4 Middlewares/Third_Party/FreeRTOS/Source/portable/MemMang/heap_4.o
 *(COMMON)
 COMMON         0x0000000020001938        0x4 Core/Src/freertos.o
                0x0000000020001938                defaultTaskHandle
 COMMON         0x000000002000193c       0x48 Core/Src/fsmc.o
                0x000000002000193c                hsram1
 COMMON         0x0000000020001984       0x48 Core/Src/stm32f1xx_hal_timebase_tim.o
                0x0000000020001984                htim6
 COMMON         0x00000000200019cc       0x88 Core/Src/usart.o
                0x00000000200019cc                hdma_usart1_tx
                0x0000000020001a10                huart1
 COMMON         0x0000000020001a54        0x4 Drivers/STM32F1xx_HAL_Driver/Src/stm32f1xx_hal.o
                0x0000000020001a54                uwTick
 COMMON         0x0000000020001a58       0x40 Middlewares/Third_Party/FreeRTOS/Source/queue.o
                0x0000000020001a58                xQueueRegistry
                0x0000000020001a98                . = ALIGN (0x4)
                0x0000000020001a98                _ebss = .
                0x0000000020001a98                __bss_end__ = _ebss

._user_heap_stack
                0x0000000020001a98      0x600 load address 0x0000000008005830
                0x0000000020001a98                . = ALIGN (0x8)
                [!provide]                        PROVIDE (end = .)
                0x0000000020001a98                PROVIDE (_end = .)
                0x0000000020001c98                . = (. + _Min_Heap_Size)
 *fill*         0x0000000020001a98      0x200 
                0x0000000020002098                . = (. + _Min_Stack_Size)
 *fill*         0x0000000020001c98      0x400 
                0x0000000020002098                . = ALIGN (0x8)

/DISCARD/
 libc.a(*)
 libm.a(*)
 libgcc.a(*)

.ARM.attributes
                0x0000000000000000       0x29
 *(.ARM.attributes)
 .ARM.attributes
                0x0000000000000000       0x1d d:/stm32cubeide_1.5.1/stm32cubeide/plugins/com.st.stm32cube.ide.mcu.externaltools.gnu-tools-for-stm32.7-2018-q2-update.win32_1.5.0.202011040924/tools/bin/../lib/gcc/arm-none-eabi/7.3.1/thumb/v7-m/crti.o
 .ARM.attributes
                0x000000000000001d       0x2d d:/stm32cubeide_1.5.1/stm32cubeide/plugins/com.st.stm32cube.ide.mcu.externaltools.gnu-tools-for-stm32.7-2018-q2-update.win32_1.5.0.202011040924/tools/bin/../lib/gcc/arm-none-eabi/7.3.1/thumb/v7-m/crtbegin.o
 .ARM.attributes
                0x000000000000004a       0x33 Core/Src/dma.o
 .ARM.attributes
                0x000000000000007d       0x33 Core/Src/freertos.o
 .ARM.attributes
                0x00000000000000b0       0x33 Core/Src/fsmc.o
 .ARM.attributes
                0x00000000000000e3       0x33 Core/Src/gpio.o
 .ARM.attributes
                0x0000000000000116       0x33 Core/Src/main.o
 .ARM.attributes
                0x0000000000000149       0x33 Core/Src/stm32f1xx_hal_msp.o
 .ARM.attributes
                0x000000000000017c       0x33 Core/Src/stm32f1xx_hal_timebase_tim.o
 .ARM.attributes
                0x00000000000001af       0x33 Core/Src/stm32f1xx_it.o
 .ARM.attributes
                0x00000000000001e2       0x33 Core/Src/system_stm32f1xx.o
 .ARM.attributes
                0x0000000000000215       0x33 Core/Src/usart.o
 .ARM.attributes
                0x0000000000000248       0x21 Core/Startup/startup_stm32f103vetx.o
 .ARM.attributes
                0x0000000000000269       0x33 Drivers/STM32F1xx_HAL_Driver/Src/stm32f1xx_hal.o
 .ARM.attributes
                0x000000000000029c       0x33 Drivers/STM32F1xx_HAL_Driver/Src/stm32f1xx_hal_cortex.o
 .ARM.attributes
                0x00000000000002cf       0x33 Drivers/STM32F1xx_HAL_Driver/Src/stm32f1xx_hal_dma.o
 .ARM.attributes
                0x0000000000000302       0x33 Drivers/STM32F1xx_HAL_Driver/Src/stm32f1xx_hal_gpio.o
 .ARM.attributes
                0x0000000000000335       0x33 Drivers/STM32F1xx_HAL_Driver/Src/stm32f1xx_hal_rcc.o
 .ARM.attributes
                0x0000000000000368       0x33 Drivers/STM32F1xx_HAL_Driver/Src/stm32f1xx_hal_sram.o
 .ARM.attributes
                0x000000000000039b       0x33 Drivers/STM32F1xx_HAL_Driver/Src/stm32f1xx_hal_tim.o
 .ARM.attributes
                0x00000000000003ce       0x33 Drivers/STM32F1xx_HAL_Driver/Src/stm32f1xx_hal_tim_ex.o
 .ARM.attributes
                0x0000000000000401       0x33 Drivers/STM32F1xx_HAL_Driver/Src/stm32f1xx_hal_uart.o
 .ARM.attributes
                0x0000000000000434       0x33 Drivers/STM32F1xx_HAL_Driver/Src/stm32f1xx_ll_fsmc.o
 .ARM.attributes
                0x0000000000000467       0x33 Middlewares/Third_Party/FreeRTOS/Source/CMSIS_RTOS_V2/cmsis_os2.o
 .ARM.attributes
                0x000000000000049a       0x33 Middlewares/Third_Party/FreeRTOS/Source/list.o
 .ARM.attributes
                0x00000000000004cd       0x33 Middlewares/Third_Party/FreeRTOS/Source/queue.o
 .ARM.attributes
                0x0000000000000500       0x33 Middlewares/Third_Party/FreeRTOS/Source/tasks.o
 .ARM.attributes
                0x0000000000000533       0x33 Middlewares/Third_Party/FreeRTOS/Source/timers.o
 .ARM.attributes
                0x0000000000000566       0x33 Middlewares/Third_Party/FreeRTOS/Source/portable/GCC/ARM_CM3/port.o
 .ARM.attributes
                0x0000000000000599       0x33 Middlewares/Third_Party/FreeRTOS/Source/portable/MemMang/heap_4.o
 .ARM.attributes
                0x00000000000005cc       0x2d d:/stm32cubeide_1.5.1/stm32cubeide/plugins/com.st.stm32cube.ide.mcu.externaltools.gnu-tools-for-stm32.7-2018-q2-update.win32_1.5.0.202011040924/tools/bin/../lib/gcc/arm-none-eabi/7.3.1/../../../../arm-none-eabi/lib/thumb/v7-m\libc_nano.a(lib_a-init.o)
 .ARM.attributes
                0x00000000000005f9       0x2d d:/stm32cubeide_1.5.1/stm32cubeide/plugins/com.st.stm32cube.ide.mcu.externaltools.gnu-tools-for-stm32.7-2018-q2-update.win32_1.5.0.202011040924/tools/bin/../lib/gcc/arm-none-eabi/7.3.1/../../../../arm-none-eabi/lib/thumb/v7-m\libc_nano.a(lib_a-memcpy-stub.o)
 .ARM.attributes
                0x0000000000000626       0x2d d:/stm32cubeide_1.5.1/stm32cubeide/plugins/com.st.stm32cube.ide.mcu.externaltools.gnu-tools-for-stm32.7-2018-q2-update.win32_1.5.0.202011040924/tools/bin/../lib/gcc/arm-none-eabi/7.3.1/../../../../arm-none-eabi/lib/thumb/v7-m\libc_nano.a(lib_a-memset.o)
 .ARM.attributes
                0x0000000000000653       0x1d d:/stm32cubeide_1.5.1/stm32cubeide/plugins/com.st.stm32cube.ide.mcu.externaltools.gnu-tools-for-stm32.7-2018-q2-update.win32_1.5.0.202011040924/tools/bin/../lib/gcc/arm-none-eabi/7.3.1/thumb/v7-m/crtn.o
OUTPUT(EX1.elf elf32-littlearm)

.debug_info     0x0000000000000000    0x197e3
 .debug_info    0x0000000000000000      0x3de Core/Src/dma.o
 .debug_info    0x00000000000003de      0x458 Core/Src/freertos.o
 .debug_info    0x0000000000000836      0x89f Core/Src/fsmc.o
 .debug_info    0x00000000000010d5      0x379 Core/Src/gpio.o
 .debug_info    0x000000000000144e      0xc66 Core/Src/main.o
 .debug_info    0x00000000000020b4      0x482 Core/Src/stm32f1xx_hal_msp.o
 .debug_info    0x0000000000002536      0x9f9 Core/Src/stm32f1xx_hal_timebase_tim.o
 .debug_info    0x0000000000002f2f      0x970 Core/Src/stm32f1xx_it.o
 .debug_info    0x000000000000389f      0x29a Core/Src/system_stm32f1xx.o
 .debug_info    0x0000000000003b39      0x98c Core/Src/usart.o
 .debug_info    0x00000000000044c5       0x22 Core/Startup/startup_stm32f103vetx.o
 .debug_info    0x00000000000044e7      0x77a Drivers/STM32F1xx_HAL_Driver/Src/stm32f1xx_hal.o
 .debug_info    0x0000000000004c61      0xbb7 Drivers/STM32F1xx_HAL_Driver/Src/stm32f1xx_hal_cortex.o
 .debug_info    0x0000000000005818      0x7b1 Drivers/STM32F1xx_HAL_Driver/Src/stm32f1xx_hal_dma.o
 .debug_info    0x0000000000005fc9      0x69b Drivers/STM32F1xx_HAL_Driver/Src/stm32f1xx_hal_gpio.o
 .debug_info    0x0000000000006664      0x80f Drivers/STM32F1xx_HAL_Driver/Src/stm32f1xx_hal_rcc.o
 .debug_info    0x0000000000006e73      0xc8b Drivers/STM32F1xx_HAL_Driver/Src/stm32f1xx_hal_sram.o
 .debug_info    0x0000000000007afe     0x27f1 Drivers/STM32F1xx_HAL_Driver/Src/stm32f1xx_hal_tim.o
 .debug_info    0x000000000000a2ef     0x13ab Drivers/STM32F1xx_HAL_Driver/Src/stm32f1xx_hal_tim_ex.o
 .debug_info    0x000000000000b69a     0x14ec Drivers/STM32F1xx_HAL_Driver/Src/stm32f1xx_hal_uart.o
 .debug_info    0x000000000000cb86      0xa4a Drivers/STM32F1xx_HAL_Driver/Src/stm32f1xx_ll_fsmc.o
 .debug_info    0x000000000000d5d0     0x403a Middlewares/Third_Party/FreeRTOS/Source/CMSIS_RTOS_V2/cmsis_os2.o
 .debug_info    0x000000000001160a      0xac5 Middlewares/Third_Party/FreeRTOS/Source/list.o
 .debug_info    0x00000000000120cf     0x22e8 Middlewares/Third_Party/FreeRTOS/Source/queue.o
 .debug_info    0x00000000000143b7     0x294f Middlewares/Third_Party/FreeRTOS/Source/tasks.o
 .debug_info    0x0000000000016d06     0x1a21 Middlewares/Third_Party/FreeRTOS/Source/timers.o
 .debug_info    0x0000000000018727      0x4d2 Middlewares/Third_Party/FreeRTOS/Source/portable/GCC/ARM_CM3/port.o
 .debug_info    0x0000000000018bf9      0xbea Middlewares/Third_Party/FreeRTOS/Source/portable/MemMang/heap_4.o

.debug_abbrev   0x0000000000000000     0x3650
 .debug_abbrev  0x0000000000000000      0x107 Core/Src/dma.o
 .debug_abbrev  0x0000000000000107      0x15e Core/Src/freertos.o
 .debug_abbrev  0x0000000000000265      0x1bc Core/Src/fsmc.o
 .debug_abbrev  0x0000000000000421      0x134 Core/Src/gpio.o
 .debug_abbrev  0x0000000000000555      0x1b4 Core/Src/main.o
 .debug_abbrev  0x0000000000000709      0x112 Core/Src/stm32f1xx_hal_msp.o
 .debug_abbrev  0x000000000000081b      0x19d Core/Src/stm32f1xx_hal_timebase_tim.o
 .debug_abbrev  0x00000000000009b8      0x15a Core/Src/stm32f1xx_it.o
 .debug_abbrev  0x0000000000000b12      0x134 Core/Src/system_stm32f1xx.o
 .debug_abbrev  0x0000000000000c46      0x1b3 Core/Src/usart.o
 .debug_abbrev  0x0000000000000df9       0x12 Core/Startup/startup_stm32f103vetx.o
 .debug_abbrev  0x0000000000000e0b      0x1c7 Drivers/STM32F1xx_HAL_Driver/Src/stm32f1xx_hal.o
 .debug_abbrev  0x0000000000000fd2      0x2d5 Drivers/STM32F1xx_HAL_Driver/Src/stm32f1xx_hal_cortex.o
 .debug_abbrev  0x00000000000012a7      0x1fe Drivers/STM32F1xx_HAL_Driver/Src/stm32f1xx_hal_dma.o
 .debug_abbrev  0x00000000000014a5      0x1c0 Drivers/STM32F1xx_HAL_Driver/Src/stm32f1xx_hal_gpio.o
 .debug_abbrev  0x0000000000001665      0x243 Drivers/STM32F1xx_HAL_Driver/Src/stm32f1xx_hal_rcc.o
 .debug_abbrev  0x00000000000018a8      0x1cc Drivers/STM32F1xx_HAL_Driver/Src/stm32f1xx_hal_sram.o
 .debug_abbrev  0x0000000000001a74      0x230 Drivers/STM32F1xx_HAL_Driver/Src/stm32f1xx_hal_tim.o
 .debug_abbrev  0x0000000000001ca4      0x236 Drivers/STM32F1xx_HAL_Driver/Src/stm32f1xx_hal_tim_ex.o
 .debug_abbrev  0x0000000000001eda      0x25d Drivers/STM32F1xx_HAL_Driver/Src/stm32f1xx_hal_uart.o
 .debug_abbrev  0x0000000000002137      0x18c Drivers/STM32F1xx_HAL_Driver/Src/stm32f1xx_ll_fsmc.o
 .debug_abbrev  0x00000000000022c3      0x3a0 Middlewares/Third_Party/FreeRTOS/Source/CMSIS_RTOS_V2/cmsis_os2.o
 .debug_abbrev  0x0000000000002663      0x1cf Middlewares/Third_Party/FreeRTOS/Source/list.o
 .debug_abbrev  0x0000000000002832      0x354 Middlewares/Third_Party/FreeRTOS/Source/queue.o
 .debug_abbrev  0x0000000000002b86      0x350 Middlewares/Third_Party/FreeRTOS/Source/tasks.o
 .debug_abbrev  0x0000000000002ed6      0x2d7 Middlewares/Third_Party/FreeRTOS/Source/timers.o
 .debug_abbrev  0x00000000000031ad      0x205 Middlewares/Third_Party/FreeRTOS/Source/portable/GCC/ARM_CM3/port.o
 .debug_abbrev  0x00000000000033b2      0x29e Middlewares/Third_Party/FreeRTOS/Source/portable/MemMang/heap_4.o

.debug_aranges  0x0000000000000000     0x1550
 .debug_aranges
                0x0000000000000000       0x20 Core/Src/dma.o
 .debug_aranges
                0x0000000000000020       0x28 Core/Src/freertos.o
 .debug_aranges
                0x0000000000000048       0x40 Core/Src/fsmc.o
 .debug_aranges
                0x0000000000000088       0x20 Core/Src/gpio.o
 .debug_aranges
                0x00000000000000a8       0x38 Core/Src/main.o
 .debug_aranges
                0x00000000000000e0       0x20 Core/Src/stm32f1xx_hal_msp.o
 .debug_aranges
                0x0000000000000100       0x30 Core/Src/stm32f1xx_hal_timebase_tim.o
 .debug_aranges
                0x0000000000000130       0x60 Core/Src/stm32f1xx_it.o
 .debug_aranges
                0x0000000000000190       0x28 Core/Src/system_stm32f1xx.o
 .debug_aranges
                0x00000000000001b8       0x30 Core/Src/usart.o
 .debug_aranges
                0x00000000000001e8       0x28 Core/Startup/startup_stm32f103vetx.o
 .debug_aranges
                0x0000000000000210       0xe0 Drivers/STM32F1xx_HAL_Driver/Src/stm32f1xx_hal.o
 .debug_aranges
                0x00000000000002f0      0x100 Drivers/STM32F1xx_HAL_Driver/Src/stm32f1xx_hal_cortex.o
 .debug_aranges
                0x00000000000003f0       0x80 Drivers/STM32F1xx_HAL_Driver/Src/stm32f1xx_hal_dma.o
 .debug_aranges
                0x0000000000000470       0x58 Drivers/STM32F1xx_HAL_Driver/Src/stm32f1xx_hal_gpio.o
 .debug_aranges
                0x00000000000004c8       0x90 Drivers/STM32F1xx_HAL_Driver/Src/stm32f1xx_hal_rcc.o
 .debug_aranges
                0x0000000000000558       0xb8 Drivers/STM32F1xx_HAL_Driver/Src/stm32f1xx_hal_sram.o
 .debug_aranges
                0x0000000000000610      0x3d0 Drivers/STM32F1xx_HAL_Driver/Src/stm32f1xx_hal_tim.o
 .debug_aranges
                0x00000000000009e0      0x168 Drivers/STM32F1xx_HAL_Driver/Src/stm32f1xx_hal_tim_ex.o
 .debug_aranges
                0x0000000000000b48      0x200 Drivers/STM32F1xx_HAL_Driver/Src/stm32f1xx_hal_uart.o
 .debug_aranges
                0x0000000000000d48       0xa8 Drivers/STM32F1xx_HAL_Driver/Src/stm32f1xx_ll_fsmc.o
 .debug_aranges
                0x0000000000000df0      0x228 Middlewares/Third_Party/FreeRTOS/Source/CMSIS_RTOS_V2/cmsis_os2.o
 .debug_aranges
                0x0000000000001018       0x40 Middlewares/Third_Party/FreeRTOS/Source/list.o
 .debug_aranges
                0x0000000000001058      0x158 Middlewares/Third_Party/FreeRTOS/Source/queue.o
 .debug_aranges
                0x00000000000011b0      0x1f8 Middlewares/Third_Party/FreeRTOS/Source/tasks.o
 .debug_aranges
                0x00000000000013a8       0xe0 Middlewares/Third_Party/FreeRTOS/Source/timers.o
 .debug_aranges
                0x0000000000001488       0x78 Middlewares/Third_Party/FreeRTOS/Source/portable/GCC/ARM_CM3/port.o
 .debug_aranges
                0x0000000000001500       0x50 Middlewares/Third_Party/FreeRTOS/Source/portable/MemMang/heap_4.o

.debug_ranges   0x0000000000000000     0x13c8
 .debug_ranges  0x0000000000000000       0x10 Core/Src/dma.o
 .debug_ranges  0x0000000000000010       0x18 Core/Src/freertos.o
 .debug_ranges  0x0000000000000028       0x30 Core/Src/fsmc.o
 .debug_ranges  0x0000000000000058       0x10 Core/Src/gpio.o
 .debug_ranges  0x0000000000000068       0x28 Core/Src/main.o
 .debug_ranges  0x0000000000000090       0x10 Core/Src/stm32f1xx_hal_msp.o
 .debug_ranges  0x00000000000000a0       0x20 Core/Src/stm32f1xx_hal_timebase_tim.o
 .debug_ranges  0x00000000000000c0       0x50 Core/Src/stm32f1xx_it.o
 .debug_ranges  0x0000000000000110       0x18 Core/Src/system_stm32f1xx.o
 .debug_ranges  0x0000000000000128       0x20 Core/Src/usart.o
 .debug_ranges  0x0000000000000148       0x20 Core/Startup/startup_stm32f103vetx.o
 .debug_ranges  0x0000000000000168       0xd0 Drivers/STM32F1xx_HAL_Driver/Src/stm32f1xx_hal.o
 .debug_ranges  0x0000000000000238       0xf0 Drivers/STM32F1xx_HAL_Driver/Src/stm32f1xx_hal_cortex.o
 .debug_ranges  0x0000000000000328       0x70 Drivers/STM32F1xx_HAL_Driver/Src/stm32f1xx_hal_dma.o
 .debug_ranges  0x0000000000000398       0x48 Drivers/STM32F1xx_HAL_Driver/Src/stm32f1xx_hal_gpio.o
 .debug_ranges  0x00000000000003e0       0x80 Drivers/STM32F1xx_HAL_Driver/Src/stm32f1xx_hal_rcc.o
 .debug_ranges  0x0000000000000460       0xa8 Drivers/STM32F1xx_HAL_Driver/Src/stm32f1xx_hal_sram.o
 .debug_ranges  0x0000000000000508      0x3c0 Drivers/STM32F1xx_HAL_Driver/Src/stm32f1xx_hal_tim.o
 .debug_ranges  0x00000000000008c8      0x158 Drivers/STM32F1xx_HAL_Driver/Src/stm32f1xx_hal_tim_ex.o
 .debug_ranges  0x0000000000000a20      0x220 Drivers/STM32F1xx_HAL_Driver/Src/stm32f1xx_hal_uart.o
 .debug_ranges  0x0000000000000c40       0x98 Drivers/STM32F1xx_HAL_Driver/Src/stm32f1xx_ll_fsmc.o
 .debug_ranges  0x0000000000000cd8      0x218 Middlewares/Third_Party/FreeRTOS/Source/CMSIS_RTOS_V2/cmsis_os2.o
 .debug_ranges  0x0000000000000ef0       0x30 Middlewares/Third_Party/FreeRTOS/Source/list.o
 .debug_ranges  0x0000000000000f20      0x148 Middlewares/Third_Party/FreeRTOS/Source/queue.o
 .debug_ranges  0x0000000000001068      0x1e8 Middlewares/Third_Party/FreeRTOS/Source/tasks.o
 .debug_ranges  0x0000000000001250       0xd0 Middlewares/Third_Party/FreeRTOS/Source/timers.o
 .debug_ranges  0x0000000000001320       0x68 Middlewares/Third_Party/FreeRTOS/Source/portable/GCC/ARM_CM3/port.o
 .debug_ranges  0x0000000000001388       0x40 Middlewares/Third_Party/FreeRTOS/Source/portable/MemMang/heap_4.o

.debug_macro    0x0000000000000000    0x1bb30
 .debug_macro   0x0000000000000000      0x1d1 Core/Src/dma.o
 .debug_macro   0x00000000000001d1      0xa5a Core/Src/dma.o
 .debug_macro   0x0000000000000c2b      0x227 Core/Src/dma.o
 .debug_macro   0x0000000000000e52       0x2e Core/Src/dma.o
 .debug_macro   0x0000000000000e80       0x22 Core/Src/dma.o
 .debug_macro   0x0000000000000ea2       0x22 Core/Src/dma.o
 .debug_macro   0x0000000000000ec4       0x8e Core/Src/dma.o
 .debug_macro   0x0000000000000f52       0x51 Core/Src/dma.o
 .debug_macro   0x0000000000000fa3       0xef Core/Src/dma.o
 .debug_macro   0x0000000000001092       0x6a Core/Src/dma.o
 .debug_macro   0x00000000000010fc      0x1df Core/Src/dma.o
 .debug_macro   0x00000000000012db       0x1c Core/Src/dma.o
 .debug_macro   0x00000000000012f7       0x22 Core/Src/dma.o
 .debug_macro   0x0000000000001319       0xc3 Core/Src/dma.o
 .debug_macro   0x00000000000013dc      0xd23 Core/Src/dma.o
 .debug_macro   0x00000000000020ff     0xfd8c Core/Src/dma.o
 .debug_macro   0x0000000000011e8b       0x6d Core/Src/dma.o
 .debug_macro   0x0000000000011ef8     0x3468 Core/Src/dma.o
 .debug_macro   0x0000000000015360      0x174 Core/Src/dma.o
 .debug_macro   0x00000000000154d4       0x5c Core/Src/dma.o
 .debug_macro   0x0000000000015530      0x5be Core/Src/dma.o
 .debug_macro   0x0000000000015aee      0x4d5 Core/Src/dma.o
 .debug_macro   0x0000000000015fc3      0x1cb Core/Src/dma.o
 .debug_macro   0x000000000001618e      0x114 Core/Src/dma.o
 .debug_macro   0x00000000000162a2      0x1ea Core/Src/dma.o
 .debug_macro   0x000000000001648c       0x27 Core/Src/dma.o
 .debug_macro   0x00000000000164b3      0x144 Core/Src/dma.o
 .debug_macro   0x00000000000165f7      0x1bc Core/Src/dma.o
 .debug_macro   0x00000000000167b3       0x30 Core/Src/dma.o
 .debug_macro   0x00000000000167e3       0x3c Core/Src/dma.o
 .debug_macro   0x000000000001681f       0x57 Core/Src/dma.o
 .debug_macro   0x0000000000016876       0x88 Core/Src/dma.o
 .debug_macro   0x00000000000168fe      0x24f Core/Src/dma.o
 .debug_macro   0x0000000000016b4d      0x356 Core/Src/dma.o
 .debug_macro   0x0000000000016ea3      0x141 Core/Src/dma.o
 .debug_macro   0x0000000000016fe4      0x8d1 Core/Src/dma.o
 .debug_macro   0x00000000000178b5      0x279 Core/Src/dma.o
 .debug_macro   0x0000000000017b2e       0xb5 Core/Src/dma.o
 .debug_macro   0x0000000000017be3      0x251 Core/Src/freertos.o
 .debug_macro   0x0000000000017e34      0x122 Core/Src/freertos.o
 .debug_macro   0x0000000000017f56      0x15a Core/Src/freertos.o
 .debug_macro   0x00000000000180b0       0xc2 Core/Src/freertos.o
 .debug_macro   0x0000000000018172       0x10 Core/Src/freertos.o
 .debug_macro   0x0000000000018182       0x1f Core/Src/freertos.o
 .debug_macro   0x00000000000181a1      0x47f Core/Src/freertos.o
 .debug_macro   0x0000000000018620       0xb5 Core/Src/freertos.o
 .debug_macro   0x00000000000186d5       0x8c Core/Src/freertos.o
 .debug_macro   0x0000000000018761       0x5b Core/Src/freertos.o
 .debug_macro   0x00000000000187bc       0x74 Core/Src/freertos.o
 .debug_macro   0x0000000000018830       0xdd Core/Src/freertos.o
 .debug_macro   0x000000000001890d      0x1d1 Core/Src/fsmc.o
 .debug_macro   0x0000000000018ade      0x1d1 Core/Src/gpio.o
 .debug_macro   0x0000000000018caf      0x266 Core/Src/main.o
 .debug_macro   0x0000000000018f15      0x122 Core/Src/main.o
 .debug_macro   0x0000000000019037      0x1c7 Core/Src/stm32f1xx_hal_msp.o
 .debug_macro   0x00000000000191fe      0x1bd Core/Src/stm32f1xx_hal_timebase_tim.o
 .debug_macro   0x00000000000193bb      0x1d1 Core/Src/stm32f1xx_it.o
 .debug_macro   0x000000000001958c      0x1bd Core/Src/system_stm32f1xx.o
 .debug_macro   0x0000000000019749      0x1d1 Core/Src/usart.o
 .debug_macro   0x000000000001991a      0x1e1 Drivers/STM32F1xx_HAL_Driver/Src/stm32f1xx_hal.o
 .debug_macro   0x0000000000019afb      0x1bd Drivers/STM32F1xx_HAL_Driver/Src/stm32f1xx_hal_cortex.o
 .debug_macro   0x0000000000019cb8      0x1bd Drivers/STM32F1xx_HAL_Driver/Src/stm32f1xx_hal_dma.o
 .debug_macro   0x0000000000019e75      0x228 Drivers/STM32F1xx_HAL_Driver/Src/stm32f1xx_hal_gpio.o
 .debug_macro   0x000000000001a09d      0x1cf Drivers/STM32F1xx_HAL_Driver/Src/stm32f1xx_hal_rcc.o
 .debug_macro   0x000000000001a26c      0x1bd Drivers/STM32F1xx_HAL_Driver/Src/stm32f1xx_hal_sram.o
 .debug_macro   0x000000000001a429      0x1be Drivers/STM32F1xx_HAL_Driver/Src/stm32f1xx_hal_tim.o
 .debug_macro   0x000000000001a5e7      0x1bd Drivers/STM32F1xx_HAL_Driver/Src/stm32f1xx_hal_tim_ex.o
 .debug_macro   0x000000000001a7a4      0x1be Drivers/STM32F1xx_HAL_Driver/Src/stm32f1xx_hal_uart.o
 .debug_macro   0x000000000001a962      0x1f6 Drivers/STM32F1xx_HAL_Driver/Src/stm32f1xx_ll_fsmc.o
 .debug_macro   0x000000000001ab58      0x23a Middlewares/Third_Party/FreeRTOS/Source/CMSIS_RTOS_V2/cmsis_os2.o
 .debug_macro   0x000000000001ad92       0x10 Middlewares/Third_Party/FreeRTOS/Source/CMSIS_RTOS_V2/cmsis_os2.o
 .debug_macro   0x000000000001ada2       0x20 Middlewares/Third_Party/FreeRTOS/Source/CMSIS_RTOS_V2/cmsis_os2.o
 .debug_macro   0x000000000001adc2       0x10 Middlewares/Third_Party/FreeRTOS/Source/CMSIS_RTOS_V2/cmsis_os2.o
 .debug_macro   0x000000000001add2       0xb7 Middlewares/Third_Party/FreeRTOS/Source/CMSIS_RTOS_V2/cmsis_os2.o
 .debug_macro   0x000000000001ae89       0x91 Middlewares/Third_Party/FreeRTOS/Source/CMSIS_RTOS_V2/cmsis_os2.o
 .debug_macro   0x000000000001af1a       0x8d Middlewares/Third_Party/FreeRTOS/Source/CMSIS_RTOS_V2/cmsis_os2.o
 .debug_macro   0x000000000001afa7       0x9a Middlewares/Third_Party/FreeRTOS/Source/CMSIS_RTOS_V2/cmsis_os2.o
 .debug_macro   0x000000000001b041      0x17a Middlewares/Third_Party/FreeRTOS/Source/list.o
 .debug_macro   0x000000000001b1bb      0x205 Middlewares/Third_Party/FreeRTOS/Source/queue.o
 .debug_macro   0x000000000001b3c0       0x16 Middlewares/Third_Party/FreeRTOS/Source/queue.o
 .debug_macro   0x000000000001b3d6      0x27a Middlewares/Third_Party/FreeRTOS/Source/tasks.o
 .debug_macro   0x000000000001b650       0x10 Middlewares/Third_Party/FreeRTOS/Source/tasks.o
 .debug_macro   0x000000000001b660      0x1bd Middlewares/Third_Party/FreeRTOS/Source/timers.o
 .debug_macro   0x000000000001b81d      0x172 Middlewares/Third_Party/FreeRTOS/Source/portable/GCC/ARM_CM3/port.o
 .debug_macro   0x000000000001b98f      0x1a1 Middlewares/Third_Party/FreeRTOS/Source/portable/MemMang/heap_4.o

.debug_line     0x0000000000000000    0x13323
 .debug_line    0x0000000000000000      0x695 Core/Src/dma.o
 .debug_line    0x0000000000000695      0x80b Core/Src/freertos.o
 .debug_line    0x0000000000000ea0      0x713 Core/Src/fsmc.o
 .debug_line    0x00000000000015b3      0x6a3 Core/Src/gpio.o
 .debug_line    0x0000000000001c56      0x858 Core/Src/main.o
 .debug_line    0x00000000000024ae      0x69c Core/Src/stm32f1xx_hal_msp.o
 .debug_line    0x0000000000002b4a      0x6ce Core/Src/stm32f1xx_hal_timebase_tim.o
 .debug_line    0x0000000000003218      0x744 Core/Src/stm32f1xx_it.o
 .debug_line    0x000000000000395c      0x6c2 Core/Src/system_stm32f1xx.o
 .debug_line    0x000000000000401e      0x6df Core/Src/usart.o
 .debug_line    0x00000000000046fd       0x87 Core/Startup/startup_stm32f103vetx.o
 .debug_line    0x0000000000004784      0x875 Drivers/STM32F1xx_HAL_Driver/Src/stm32f1xx_hal.o
 .debug_line    0x0000000000004ff9      0x94c Drivers/STM32F1xx_HAL_Driver/Src/stm32f1xx_hal_cortex.o
 .debug_line    0x0000000000005945      0xf5c Drivers/STM32F1xx_HAL_Driver/Src/stm32f1xx_hal_dma.o
 .debug_line    0x00000000000068a1      0x899 Drivers/STM32F1xx_HAL_Driver/Src/stm32f1xx_hal_gpio.o
 .debug_line    0x000000000000713a      0x935 Drivers/STM32F1xx_HAL_Driver/Src/stm32f1xx_hal_rcc.o
 .debug_line    0x0000000000007a6f      0xa4a Drivers/STM32F1xx_HAL_Driver/Src/stm32f1xx_hal_sram.o
 .debug_line    0x00000000000084b9     0x21fc Drivers/STM32F1xx_HAL_Driver/Src/stm32f1xx_hal_tim.o
 .debug_line    0x000000000000a6b5     0x11ce Drivers/STM32F1xx_HAL_Driver/Src/stm32f1xx_hal_tim_ex.o
 .debug_line    0x000000000000b883     0x10e5 Drivers/STM32F1xx_HAL_Driver/Src/stm32f1xx_hal_uart.o
 .debug_line    0x000000000000c968      0x888 Drivers/STM32F1xx_HAL_Driver/Src/stm32f1xx_ll_fsmc.o
 .debug_line    0x000000000000d1f0     0x1e17 Middlewares/Third_Party/FreeRTOS/Source/CMSIS_RTOS_V2/cmsis_os2.o
 .debug_line    0x000000000000f007      0x65c Middlewares/Third_Party/FreeRTOS/Source/list.o
 .debug_line    0x000000000000f663     0x10e7 Middlewares/Third_Party/FreeRTOS/Source/queue.o
 .debug_line    0x000000000001074a     0x1433 Middlewares/Third_Party/FreeRTOS/Source/tasks.o
 .debug_line    0x0000000000011b7d      0xa13 Middlewares/Third_Party/FreeRTOS/Source/timers.o
 .debug_line    0x0000000000012590      0x651 Middlewares/Third_Party/FreeRTOS/Source/portable/GCC/ARM_CM3/port.o
 .debug_line    0x0000000000012be1      0x742 Middlewares/Third_Party/FreeRTOS/Source/portable/MemMang/heap_4.o

.debug_str      0x0000000000000000    0xa43b1
 .debug_str     0x0000000000000000    0x938ee Core/Src/dma.o
                                      0x93db0 (size before relaxing)
 .debug_str     0x00000000000938ee     0x48dc Core/Src/freertos.o
                                      0x9828c (size before relaxing)
 .debug_str     0x00000000000981ca      0x49b Core/Src/fsmc.o
                                      0x93f29 (size before relaxing)
 .debug_str     0x0000000000098665       0x48 Core/Src/gpio.o
                                      0x93a72 (size before relaxing)
 .debug_str     0x00000000000986ad      0x5ce Core/Src/main.o
                                      0x97a7b (size before relaxing)
 .debug_str     0x0000000000098c7b       0x2c Core/Src/stm32f1xx_hal_msp.o
                                      0x93de1 (size before relaxing)
 .debug_str     0x0000000000098ca7       0xaa Core/Src/stm32f1xx_hal_timebase_tim.o
                                      0x94357 (size before relaxing)
 .debug_str     0x0000000000098d51       0xcc Core/Src/stm32f1xx_it.o
                                      0x9410e (size before relaxing)
 .debug_str     0x0000000000098e1d       0x52 Core/Src/system_stm32f1xx.o
                                      0x93a15 (size before relaxing)
 .debug_str     0x0000000000098e6f       0x57 Core/Src/usart.o
                                      0x9422a (size before relaxing)
 .debug_str     0x0000000000098ec6       0x36 Core/Startup/startup_stm32f103vetx.o
                                         0x60 (size before relaxing)
 .debug_str     0x0000000000098efc      0x2b9 Drivers/STM32F1xx_HAL_Driver/Src/stm32f1xx_hal.o
                                      0x9418a (size before relaxing)
 .debug_str     0x00000000000991b5      0x2f7 Drivers/STM32F1xx_HAL_Driver/Src/stm32f1xx_hal_cortex.o
                                      0x94192 (size before relaxing)
 .debug_str     0x00000000000994ac      0x235 Drivers/STM32F1xx_HAL_Driver/Src/stm32f1xx_hal_dma.o
                                      0x93df0 (size before relaxing)
 .debug_str     0x00000000000996e1      0x31f Drivers/STM32F1xx_HAL_Driver/Src/stm32f1xx_hal_gpio.o
                                      0x93dd9 (size before relaxing)
 .debug_str     0x0000000000099a00      0x245 Drivers/STM32F1xx_HAL_Driver/Src/stm32f1xx_hal_rcc.o
                                      0x93e12 (size before relaxing)
 .debug_str     0x0000000000099c45      0x203 Drivers/STM32F1xx_HAL_Driver/Src/stm32f1xx_hal_sram.o
                                      0x9400b (size before relaxing)
 .debug_str     0x0000000000099e48      0xe42 Drivers/STM32F1xx_HAL_Driver/Src/stm32f1xx_hal_tim.o
                                      0x94de4 (size before relaxing)
 .debug_str     0x000000000009ac8a      0x538 Drivers/STM32F1xx_HAL_Driver/Src/stm32f1xx_hal_tim_ex.o
                                      0x94595 (size before relaxing)
 .debug_str     0x000000000009b1c2      0x5f3 Drivers/STM32F1xx_HAL_Driver/Src/stm32f1xx_hal_uart.o
                                      0x94404 (size before relaxing)
 .debug_str     0x000000000009b7b5      0x7ef Drivers/STM32F1xx_HAL_Driver/Src/stm32f1xx_ll_fsmc.o
                                      0x943ac (size before relaxing)
 .debug_str     0x000000000009bfa4     0x5733 Middlewares/Third_Party/FreeRTOS/Source/CMSIS_RTOS_V2/cmsis_os2.o
                                       0xdd5f (size before relaxing)
 .debug_str     0x00000000000a16d7      0x225 Middlewares/Third_Party/FreeRTOS/Source/list.o
                                       0xa3bc (size before relaxing)
 .debug_str     0x00000000000a18fc      0x8fd Middlewares/Third_Party/FreeRTOS/Source/queue.o
                                       0xbbe2 (size before relaxing)
 .debug_str     0x00000000000a21f9     0x12f3 Middlewares/Third_Party/FreeRTOS/Source/tasks.o
                                       0xc7f8 (size before relaxing)
 .debug_str     0x00000000000a34ec      0x586 Middlewares/Third_Party/FreeRTOS/Source/timers.o
                                       0xc104 (size before relaxing)
 .debug_str     0x00000000000a3a72      0x6ee Middlewares/Third_Party/FreeRTOS/Source/portable/GCC/ARM_CM3/port.o
                                       0x7fa0 (size before relaxing)
 .debug_str     0x00000000000a4160      0x251 Middlewares/Third_Party/FreeRTOS/Source/portable/MemMang/heap_4.o
                                       0xaadf (size before relaxing)

.comment        0x0000000000000000       0x7b
 .comment       0x0000000000000000       0x7b Core/Src/dma.o
                                         0x7c (size before relaxing)
 .comment       0x000000000000007b       0x7c Core/Src/freertos.o
 .comment       0x000000000000007b       0x7c Core/Src/fsmc.o
 .comment       0x000000000000007b       0x7c Core/Src/gpio.o
 .comment       0x000000000000007b       0x7c Core/Src/main.o
 .comment       0x000000000000007b       0x7c Core/Src/stm32f1xx_hal_msp.o
 .comment       0x000000000000007b       0x7c Core/Src/stm32f1xx_hal_timebase_tim.o
 .comment       0x000000000000007b       0x7c Core/Src/stm32f1xx_it.o
 .comment       0x000000000000007b       0x7c Core/Src/system_stm32f1xx.o
 .comment       0x000000000000007b       0x7c Core/Src/usart.o
 .comment       0x000000000000007b       0x7c Drivers/STM32F1xx_HAL_Driver/Src/stm32f1xx_hal.o
 .comment       0x000000000000007b       0x7c Drivers/STM32F1xx_HAL_Driver/Src/stm32f1xx_hal_cortex.o
 .comment       0x000000000000007b       0x7c Drivers/STM32F1xx_HAL_Driver/Src/stm32f1xx_hal_dma.o
 .comment       0x000000000000007b       0x7c Drivers/STM32F1xx_HAL_Driver/Src/stm32f1xx_hal_gpio.o
 .comment       0x000000000000007b       0x7c Drivers/STM32F1xx_HAL_Driver/Src/stm32f1xx_hal_rcc.o
 .comment       0x000000000000007b       0x7c Drivers/STM32F1xx_HAL_Driver/Src/stm32f1xx_hal_sram.o
 .comment       0x000000000000007b       0x7c Drivers/STM32F1xx_HAL_Driver/Src/stm32f1xx_hal_tim.o
 .comment       0x000000000000007b       0x7c Drivers/STM32F1xx_HAL_Driver/Src/stm32f1xx_hal_tim_ex.o
 .comment       0x000000000000007b       0x7c Drivers/STM32F1xx_HAL_Driver/Src/stm32f1xx_hal_uart.o
 .comment       0x000000000000007b       0x7c Drivers/STM32F1xx_HAL_Driver/Src/stm32f1xx_ll_fsmc.o
 .comment       0x000000000000007b       0x7c Middlewares/Third_Party/FreeRTOS/Source/CMSIS_RTOS_V2/cmsis_os2.o
 .comment       0x000000000000007b       0x7c Middlewares/Third_Party/FreeRTOS/Source/list.o
 .comment       0x000000000000007b       0x7c Middlewares/Third_Party/FreeRTOS/Source/queue.o
 .comment       0x000000000000007b       0x7c Middlewares/Third_Party/FreeRTOS/Source/tasks.o
 .comment       0x000000000000007b       0x7c Middlewares/Third_Party/FreeRTOS/Source/timers.o
 .comment       0x000000000000007b       0x7c Middlewares/Third_Party/FreeRTOS/Source/portable/GCC/ARM_CM3/port.o
 .comment       0x000000000000007b       0x7c Middlewares/Third_Party/FreeRTOS/Source/portable/MemMang/heap_4.o

.debug_frame    0x0000000000000000     0x57e0
 .debug_frame   0x0000000000000000       0x34 Core/Src/dma.o
 .debug_frame   0x0000000000000034       0x4c Core/Src/freertos.o
 .debug_frame   0x0000000000000080       0xbc Core/Src/fsmc.o
 .debug_frame   0x000000000000013c       0x34 Core/Src/gpio.o
 .debug_frame   0x0000000000000170       0x8c Core/Src/main.o
 .debug_frame   0x00000000000001fc       0x34 Core/Src/stm32f1xx_hal_msp.o
 .debug_frame   0x0000000000000230       0x74 Core/Src/stm32f1xx_hal_timebase_tim.o
 .debug_frame   0x00000000000002a4       0xfc Core/Src/stm32f1xx_it.o
 .debug_frame   0x00000000000003a0       0x58 Core/Src/system_stm32f1xx.o
 .debug_frame   0x00000000000003f8       0x74 Core/Src/usart.o
 .debug_frame   0x000000000000046c      0x334 Drivers/STM32F1xx_HAL_Driver/Src/stm32f1xx_hal.o
 .debug_frame   0x00000000000007a0      0x428 Drivers/STM32F1xx_HAL_Driver/Src/stm32f1xx_hal_cortex.o
 .debug_frame   0x0000000000000bc8      0x20c Drivers/STM32F1xx_HAL_Driver/Src/stm32f1xx_hal_dma.o
 .debug_frame   0x0000000000000dd4      0x14c Drivers/STM32F1xx_HAL_Driver/Src/stm32f1xx_hal_gpio.o
 .debug_frame   0x0000000000000f20      0x21c Drivers/STM32F1xx_HAL_Driver/Src/stm32f1xx_hal_rcc.o
 .debug_frame   0x000000000000113c      0x30c Drivers/STM32F1xx_HAL_Driver/Src/stm32f1xx_hal_sram.o
 .debug_frame   0x0000000000001448     0x11bc Drivers/STM32F1xx_HAL_Driver/Src/stm32f1xx_hal_tim.o
 .debug_frame   0x0000000000002604      0x638 Drivers/STM32F1xx_HAL_Driver/Src/stm32f1xx_hal_tim_ex.o
 .debug_frame   0x0000000000002c3c      0x914 Drivers/STM32F1xx_HAL_Driver/Src/stm32f1xx_hal_uart.o
 .debug_frame   0x0000000000003550      0x2dc Drivers/STM32F1xx_HAL_Driver/Src/stm32f1xx_ll_fsmc.o
 .debug_frame   0x000000000000382c      0x980 Middlewares/Third_Party/FreeRTOS/Source/CMSIS_RTOS_V2/cmsis_os2.o
 .debug_frame   0x00000000000041ac       0xd8 Middlewares/Third_Party/FreeRTOS/Source/list.o
 .debug_frame   0x0000000000004284      0x5ec Middlewares/Third_Party/FreeRTOS/Source/queue.o
 .debug_frame   0x0000000000004870      0x8a8 Middlewares/Third_Party/FreeRTOS/Source/tasks.o
 .debug_frame   0x0000000000005118      0x3b4 Middlewares/Third_Party/FreeRTOS/Source/timers.o
 .debug_frame   0x00000000000054cc      0x198 Middlewares/Third_Party/FreeRTOS/Source/portable/GCC/ARM_CM3/port.o
 .debug_frame   0x0000000000005664      0x108 Middlewares/Third_Party/FreeRTOS/Source/portable/MemMang/heap_4.o
 .debug_frame   0x000000000000576c       0x2c d:/stm32cubeide_1.5.1/stm32cubeide/plugins/com.st.stm32cube.ide.mcu.externaltools.gnu-tools-for-stm32.7-2018-q2-update.win32_1.5.0.202011040924/tools/bin/../lib/gcc/arm-none-eabi/7.3.1/../../../../arm-none-eabi/lib/thumb/v7-m\libc_nano.a(lib_a-init.o)
 .debug_frame   0x0000000000005798       0x28 d:/stm32cubeide_1.5.1/stm32cubeide/plugins/com.st.stm32cube.ide.mcu.externaltools.gnu-tools-for-stm32.7-2018-q2-update.win32_1.5.0.202011040924/tools/bin/../lib/gcc/arm-none-eabi/7.3.1/../../../../arm-none-eabi/lib/thumb/v7-m\libc_nano.a(lib_a-memcpy-stub.o)
 .debug_frame   0x00000000000057c0       0x20 d:/stm32cubeide_1.5.1/stm32cubeide/plugins/com.st.stm32cube.ide.mcu.externaltools.gnu-tools-for-stm32.7-2018-q2-update.win32_1.5.0.202011040924/tools/bin/../lib/gcc/arm-none-eabi/7.3.1/../../../../arm-none-eabi/lib/thumb/v7-m\libc_nano.a(lib_a-memset.o)
