Component: ARM Compiler 5.06 update 7 (build 960) Tool: armlink [4d3601]

==============================================================================

Section Cross References

    startup_stm32f103xe.o(RESET) refers to startup_stm32f103xe.o(STACK) for __initial_sp
    startup_stm32f103xe.o(RESET) refers to startup_stm32f103xe.o(.text) for Reset_Handler
    startup_stm32f103xe.o(RESET) refers to stm32f1xx_it.o(i.NMI_Handler) for NMI_Handler
    startup_stm32f103xe.o(RESET) refers to stm32f1xx_it.o(i.HardFault_Handler) for HardFault_Handler
    startup_stm32f103xe.o(RESET) refers to stm32f1xx_it.o(i.MemManage_Handler) for MemManage_Handler
    startup_stm32f103xe.o(RESET) refers to stm32f1xx_it.o(i.BusFault_Handler) for BusFault_Handler
    startup_stm32f103xe.o(RESET) refers to stm32f1xx_it.o(i.UsageFault_Handler) for UsageFault_Handler
    startup_stm32f103xe.o(RESET) refers to port.o(.emb_text) for SVC_Handler
    startup_stm32f103xe.o(RESET) refers to stm32f1xx_it.o(i.DebugMon_Handler) for DebugMon_Handler
    startup_stm32f103xe.o(RESET) refers to cmsis_os2.o(i.SysTick_Handler) for SysTick_Handler
    startup_stm32f103xe.o(RESET) refers to stm32f1xx_it.o(i.DMA1_Channel4_IRQHandler) for DMA1_Channel4_IRQHandler
    startup_stm32f103xe.o(RESET) refers to stm32f1xx_it.o(i.DMA1_Channel6_IRQHandler) for DMA1_Channel6_IRQHandler
    startup_stm32f103xe.o(RESET) refers to stm32f1xx_it.o(i.DMA1_Channel7_IRQHandler) for DMA1_Channel7_IRQHandler
    startup_stm32f103xe.o(RESET) refers to stm32f1xx_it.o(i.USART1_IRQHandler) for USART1_IRQHandler
    startup_stm32f103xe.o(RESET) refers to stm32f1xx_it.o(i.USART2_IRQHandler) for USART2_IRQHandler
    startup_stm32f103xe.o(RESET) refers to stm32f1xx_it.o(i.TIM6_IRQHandler) for TIM6_IRQHandler
    startup_stm32f103xe.o(.text) refers to system_stm32f1xx.o(i.SystemInit) for SystemInit
    startup_stm32f103xe.o(.text) refers to entry.o(.ARM.Collect$$$$00000000) for __main
    main.o(i.HAL_TIM_PeriodElapsedCallback) refers to stm32f1xx_hal.o(i.HAL_IncTick) for HAL_IncTick
    main.o(i.SystemClock_Config) refers to memseta.o(.text) for __aeabi_memclr4
    main.o(i.SystemClock_Config) refers to stm32f1xx_hal_rcc.o(i.HAL_RCC_OscConfig) for HAL_RCC_OscConfig
    main.o(i.SystemClock_Config) refers to stm32f1xx_hal_rcc.o(i.HAL_RCC_ClockConfig) for HAL_RCC_ClockConfig
    main.o(i.main) refers to stm32f1xx_hal.o(i.HAL_Init) for HAL_Init
    main.o(i.main) refers to main.o(i.SystemClock_Config) for SystemClock_Config
    main.o(i.main) refers to gpio.o(i.MX_GPIO_Init) for MX_GPIO_Init
    main.o(i.main) refers to dma.o(i.MX_DMA_Init) for MX_DMA_Init
    main.o(i.main) refers to usart.o(i.MX_USART1_UART_Init) for MX_USART1_UART_Init
    main.o(i.main) refers to usart.o(i.MX_USART2_UART_Init) for MX_USART2_UART_Init
    main.o(i.main) refers to i2c.o(i.MX_I2C2_Init) for MX_I2C2_Init
    main.o(i.main) refers to fsmc.o(i.MX_FSMC_Init) for MX_FSMC_Init
    main.o(i.main) refers to spi.o(i.MX_SPI1_Init) for MX_SPI1_Init
    main.o(i.main) refers to tim.o(i.MX_TIM3_Init) for MX_TIM3_Init
    main.o(i.main) refers to cmsis_os2.o(i.osKernelInitialize) for osKernelInitialize
    main.o(i.main) refers to freertos.o(i.MX_FREERTOS_Init) for MX_FREERTOS_Init
    main.o(i.main) refers to cmsis_os2.o(i.osKernelStart) for osKernelStart
    gpio.o(i.MX_GPIO_Init) refers to stm32f1xx_hal_gpio.o(i.HAL_GPIO_WritePin) for HAL_GPIO_WritePin
    gpio.o(i.MX_GPIO_Init) refers to stm32f1xx_hal_gpio.o(i.HAL_GPIO_Init) for HAL_GPIO_Init
    freertos.o(i.BLETask) refers to cmsis_os2.o(i.osDelay) for osDelay
    freertos.o(i.BLETask) refers to log.o(i.Log_Info) for Log_Info
    freertos.o(i.BLETask) refers to stm32f1xx_hal_uart.o(i.HAL_UART_Transmit) for HAL_UART_Transmit
    freertos.o(i.BLETask) refers to usart.o(.bss) for huart2
    freertos.o(i.LCDTask) refers to bsp_ili9341_lcd.o(i.ILI9341_Init) for ILI9341_Init
    freertos.o(i.LCDTask) refers to bsp_ili9341_lcd.o(i.ILI9341_GramScan) for ILI9341_GramScan
    freertos.o(i.LCDTask) refers to log.o(i.Log_Info) for Log_Info
    freertos.o(i.LCDTask) refers to cmsis_os2.o(i.osThreadFlagsWait) for osThreadFlagsWait
    freertos.o(i.LCDTask) refers to bsp_ili9341_lcd.o(i.ILI9341_Clear) for ILI9341_Clear
    freertos.o(i.LCDTask) refers to pressure.o(i.PressureSensor_GetLatestValue) for PressureSensor_GetLatestValue
    freertos.o(i.LCDTask) refers to cdcmple.o(.text) for __aeabi_cdcmpeq
    freertos.o(i.LCDTask) refers to bsp_ili9341_lcd.o(i.LCD_GetFont) for LCD_GetFont
    freertos.o(i.LCDTask) refers to bsp_ili9341_lcd.o(i.ILI9341_OpenWindow) for ILI9341_OpenWindow
    freertos.o(i.LCDTask) refers to bsp_ili9341_lcd.o(i.LCD_SetFont) for LCD_SetFont
    freertos.o(i.LCDTask) refers to bsp_ili9341_lcd.o(i.LCD_SetTextColor) for LCD_SetTextColor
    freertos.o(i.LCDTask) refers to bsp_ili9341_lcd.o(i.ILI9341_DispStringLine_EN) for ILI9341_DispStringLine_EN
    freertos.o(i.LCDTask) refers to printfa.o(i.__0sprintf) for __2sprintf
[...]
    .data                                    0x20000094   Section        4  cmsis_os2.o(.data)
    KernelState                              0x20000094   Data           4  cmsis_os2.o(.data)
    .data                                    0x20000098   Section       32  heap_4.o(.data)
    pxEnd                                    0x20000098   Data           4  heap_4.o(.data)
    xFreeBytesRemaining                      0x2000009c   Data           4  heap_4.o(.data)
    xMinimumEverFreeBytesRemaining           0x200000a0   Data           4  heap_4.o(.data)
    xNumberOfSuccessfulAllocations           0x200000a4   Data           4  heap_4.o(.data)
    xNumberOfSuccessfulFrees                 0x200000a8   Data           4  heap_4.o(.data)
    xBlockAllocatedBit                       0x200000ac   Data           4  heap_4.o(.data)
    xStart                                   0x200000b0   Data           8  heap_4.o(.data)
    .data                                    0x200000b8   Section       12  port.o(.data)
    ucMaxSysCallPriority                     0x200000b8   Data           1  port.o(.data)
    uxCriticalNesting                        0x200000bc   Data           4  port.o(.data)
    ulMaxPRIGROUPValue                       0x200000c0   Data           4  port.o(.data)
    .data                                    0x200000c4   Section        1  log.o(.data)
    current_log_level                        0x200000c4   Data           1  log.o(.data)
    .data                                    0x200000c6   Section        4  ble_data.o(.data)
    .data                                    0x200000ca   Section        1  ble_data.o(.data)
    .data                                    0x200000cc   Section        4  pressure.o(.data)
    hi2c_pressure                            0x200000cc   Data           4  pressure.o(.data)
    .data                                    0x200000d0   Section       16  bsp_ili9341_lcd.o(.data)
    CurrentTextColor                         0x200000d8   Data           2  bsp_ili9341_lcd.o(.data)
    CurrentBackColor                         0x200000da   Data           2  bsp_ili9341_lcd.o(.data)
    LCD_Currentfonts                         0x200000dc   Data           4  bsp_ili9341_lcd.o(.data)
    .data                                    0x200000e0   Section        8  fonts.o(.data)
    .data                                    0x200000e8   Section        8  modbus.o(.data)
    .bss                                     0x200000f0   Section      256  freertos.o(.bss)
    .bss                                     0x200001f0   Section       72  fsmc.o(.bss)
    .bss                                     0x20000238   Section       84  i2c.o(.bss)
    .bss                                     0x2000028c   Section       88  spi.o(.bss)
    .bss                                     0x200002e4   Section       72  tim.o(.bss)
    .bss                                     0x2000032c   Section      348  usart.o(.bss)
    .bss                                     0x20000488   Section       72  stm32f1xx_hal_timebase_tim.o(.bss)
    .bss                                     0x200004d0   Section       64  queue.o(.bss)
    .bss                                     0x20000510   Section     1220  tasks.o(.bss)
    pxReadyTasksLists                        0x20000510   Data        1120  tasks.o(.bss)
    xDelayedTaskList1                        0x20000970   Data          20  tasks.o(.bss)
    xDelayedTaskList2                        0x20000984   Data          20  tasks.o(.bss)
    xPendingReadyList                        0x20000998   Data          20  tasks.o(.bss)
    xTasksWaitingTermination                 0x200009ac   Data          20  tasks.o(.bss)
    xSuspendedTaskList                       0x200009c0   Data          20  tasks.o(.bss)
    .bss                                     0x200009d4   Section      280  timers.o(.bss)
    xStaticTimerQueue                        0x200009d4   Data          80  timers.o(.bss)
    ucStaticTimerQueueStorage                0x20000a24   Data         160  timers.o(.bss)
    xActiveTimerList1                        0x20000ac4   Data          20  timers.o(.bss)
    xActiveTimerList2                        0x20000ad8   Data          20  timers.o(.bss)
    .bss                                     0x20000aec   Section     1720  cmsis_os2.o(.bss)
    Idle_TCB                                 0x20000aec   Data          92  cmsis_os2.o(.bss)
    Idle_Stack                               0x20000b48   Data         512  cmsis_os2.o(.bss)
    Timer_TCB                                0x20000d48   Data          92  cmsis_os2.o(.bss)
    Timer_Stack                              0x20000da4   Data        1024  cmsis_os2.o(.bss)
    .bss                                     0x200011a4   Section    20480  heap_4.o(.bss)
    ucHeap                                   0x200011a4   Data       20480  heap_4.o(.bss)
    .bss                                     0x200061a4   Section      512  ble_data.o(.bss)
    .bss                                     0x200063a8   Section       40  modbus.o(.bss)
    STACK                                    0x200063d0   Section     1024  startup_stm32f103xe.o(STACK)

    Global Symbols

    Symbol Name                              Value     Ov Type        Size  Object(Section)

    BuildAttributes$$THM_ISAv4$P$D$K$B$S$PE$A:L22UL41UL21$X:L11$S22US41US21$IEEE1$IW$USESV6$~STKCKD$USESV7$~SHL$OSPACE$ROPI$EBA8$MICROLIB$REQ8$PRES8$EABIv2 0x00000000   Number         0  anon$$obj.o ABSOLUTE
    __ARM_use_no_argv                        0x00000000   Number         0  main.o ABSOLUTE
    _printf_a                                0x00000000   Number         0  stubs.o ABSOLUTE
    _printf_c                                0x00000000   Number         0  stubs.o ABSOLUTE
    _printf_charcount                        0x00000000   Number         0  stubs.o ABSOLUTE
    _printf_d                                0x00000000   Number         0  stubs.o ABSOLUTE
    _printf_e                                0x00000000   Number         0  stubs.o ABSOLUTE
    _printf_f                                0x00000000   Number         0  stubs.o ABSOLUTE
    _printf_flags                            0x00000000   Number         0  stubs.o ABSOLUTE
    _printf_fp_dec                           0x00000000   Number         0  stubs.o ABSOLUTE
    _printf_fp_hex                           0x00000000   Number         0  stubs.o ABSOLUTE
    _printf_g                                0x00000000   Number         0  stubs.o ABSOLUTE
    _printf_i                                0x00000000   Number         0  stubs.o ABSOLUTE
    _printf_int_dec                          0x00000000   Number         0  stubs.o ABSOLUTE
    _printf_l                                0x00000000   Number         0  stubs.o ABSOLUTE
    _printf_lc                               0x00000000   Number         0  stubs.o ABSOLUTE
    _printf_ll                               0x00000000   Number         0  stubs.o ABSOLUTE
    _printf_lld                              0x00000000   Number         0  stubs.o ABSOLUTE
    _printf_lli                              0x00000000   Number         0  stubs.o ABSOLUTE
    _printf_llo                              0x00000000   Number         0  stubs.o ABSOLUTE
    _printf_llu                              0x00000000   Number         0  stubs.o ABSOLUTE
    _printf_llx                              0x00000000   Number         0  stubs.o ABSOLUTE
    _printf_longlong_dec                     0x00000000   Number         0  stubs.o ABSOLUTE
    _printf_longlong_hex                     0x00000000   Number         0  stubs.o ABSOLUTE
    _printf_longlong_oct                     0x00000000   Number         0  stubs.o ABSOLUTE
    _printf_ls                               0x00000000   Number         0  stubs.o ABSOLUTE
    _printf_mbtowc                           0x00000000   Number         0  stubs.o ABSOLUTE
    _printf_n                                0x00000000   Number         0  stubs.o ABSOLUTE
    _printf_o                                0x00000000   Number         0  stubs.o ABSOLUTE
    _printf_p                                0x00000000   Number         0  stubs.o ABSOLUTE
    _printf_percent                          0x00000000   Number         0  stubs.o ABSOLUTE
    _printf_pre_padding                      0x00000000   Number         0  stubs.o ABSOLUTE
    _printf_return_value                     0x00000000   Number         0  stubs.o ABSOLUTE
    _printf_s                                0x00000000   Number         0  stubs.o ABSOLUTE
    _printf_sizespec                         0x00000000   Number         0  stubs.o ABSOLUTE
    _printf_str                              0x00000000   Number         0  stubs.o ABSOLUTE
    _printf_truncate_signed                  0x00000000   Number         0  stubs.o ABSOLUTE
    _printf_truncate_unsigned                0x00000000   Number         0  stubs.o ABSOLUTE
    _printf_u                                0x00000000   Number         0  stubs.o ABSOLUTE
    _printf_wc                               0x00000000   Number         0  stubs.o ABSOLUTE
    _printf_wctomb                           0x00000000   Number         0  stubs.o ABSOLUTE
    _printf_widthprec                        0x00000000   Number         0  stubs.o ABSOLUTE
    _printf_x                                0x00000000   Number         0  stubs.o ABSOLUTE
    __arm_fini_                               - Undefined Weak Reference
    __cpp_initialize__aeabi_                  - Undefined Weak Reference
    __cxa_finalize                            - Undefined Weak Reference
    __decompress                              - Undefined Weak Reference
    _clock_init                               - Undefined Weak Reference
    _microlib_exit                            - Undefined Weak Reference
    __Vectors_Size                           0x00000130   Number         0  startup_stm32f103xe.o ABSOLUTE
    __Vectors                                0x08000000   Data           4  startup_stm32f103xe.o(RESET)
    __Vectors_End                            0x08000130   Data           0  startup_stm32f103xe.o(RESET)
    __main                                   0x08000131   Thumb Code     0  entry.o(.ARM.Collect$$$$00000000)
    _main_stk                                0x08000131   Thumb Code     0  entry2.o(.ARM.Collect$$$$00000001)
    _main_scatterload                        0x08000135   Thumb Code     0  entry5.o(.ARM.Collect$$$$00000004)
    __main_after_scatterload                 0x08000139   Thumb Code     0  entry5.o(.ARM.Collect$$$$00000004)
    _main_clock                              0x08000139   Thumb Code     0  entry7b.o(.ARM.Collect$$$$00000008)
    _main_cpp_init                           0x08000139   Thumb Code     0  entry8b.o(.ARM.Collect$$$$0000000A)
    _main_init                               0x08000139   Thumb Code     0  entry9a.o(.ARM.Collect$$$$0000000B)
    __rt_lib_shutdown_fini                   0x08000141   Thumb Code     0  entry12b.o(.ARM.Collect$$$$0000000E)
    __rt_final_cpp                           0x08000145   Thumb Code     0  entry10a.o(.ARM.Collect$$$$0000000F)
    __rt_final_exit                          0x08000145   Thumb Code     0  entry11a.o(.ARM.Collect$$$$00000011)
    SVC_Handler                              0x08000149   Thumb Code    32  port.o(.emb_text)
    __asm___6_port_c_39a90d8d__prvStartFirstTask 0x0800016d   Thumb Code    28  port.o(.emb_text)
    PendSV_Handler                           0x0800018d   Thumb Code    72  port.o(.emb_text)
    vPortGetIPSR                             0x080001d9   Thumb Code     6  port.o(.emb_text)
    Reset_Handler                            0x080001e1   Thumb Code     8  startup_stm32f103xe.o(.text)
    ADC1_2_IRQHandler                        0x080001fb   Thumb Code     0  startup_stm32f103xe.o(.text)
    ADC3_IRQHandler                          0x080001fb   Thumb Code     0  startup_stm32f103xe.o(.text)
    CAN1_RX1_IRQHandler                      0x080001fb   Thumb Code     0  startup_stm32f103xe.o(.text)
    CAN1_SCE_IRQHandler                      0x080001fb   Thumb Code     0  startup_stm32f103xe.o(.text)
    DMA1_Channel1_IRQHandler                 0x080001fb   Thumb Code     0  startup_stm32f103xe.o(.text)
    DMA1_Channel2_IRQHandler                 0x080001fb   Thumb Code     0  startup_stm32f103xe.o(.text)
    DMA1_Channel3_IRQHandler                 0x080001fb   Thumb Code     0  startup_stm32f103xe.o(.text)
    DMA1_Channel5_IRQHandler                 0x080001fb   Thumb Code     0  startup_stm32f103xe.o(.text)
    DMA2_Channel1_IRQHandler                 0x080001fb   Thumb Code     0  startup_stm32f103xe.o(.text)
    DMA2_Channel2_IRQHandler                 0x080001fb   Thumb Code     0  startup_stm32f103xe.o(.text)
    DMA2_Channel3_IRQHandler                 0x080001fb   Thumb Code     0  startup_stm32f103xe.o(.text)
    DMA2_Channel4_5_IRQHandler               0x080001fb   Thumb Code     0  startup_stm32f103xe.o(.text)
    EXTI0_IRQHandler                         0x080001fb   Thumb Code     0  startup_stm32f103xe.o(.text)
    EXTI15_10_IRQHandler                     0x080001fb   Thumb Code     0  startup_stm32f103xe.o(.text)
    EXTI1_IRQHandler                         0x080001fb   Thumb Code     0  startup_stm32f103xe.o(.text)
    EXTI2_IRQHandler                         0x080001fb   Thumb Code     0  startup_stm32f103xe.o(.text)
    EXTI3_IRQHandler                         0x080001fb   Thumb Code     0  startup_stm32f103xe.o(.text)
    EXTI4_IRQHandler                         0x080001fb   Thumb Code     0  startup_stm32f103xe.o(.text)
    EXTI9_5_IRQHandler                       0x080001fb   Thumb Code     0  startup_stm32f103xe.o(.text)
    FLASH_IRQHandler                         0x080001fb   Thumb Code     0  startup_stm32f103xe.o(.text)
    FSMC_IRQHandler                          0x080001fb   Thumb Code     0  startup_stm32f103xe.o(.text)
    I2C1_ER_IRQHandler                       0x080001fb   Thumb Code     0  startup_stm32f103xe.o(.text)
    I2C1_EV_IRQHandler                       0x080001fb   Thumb Code     0  startup_stm32f103xe.o(.text)
    I2C2_ER_IRQHandler                       0x080001fb   Thumb Code     0  startup_stm32f103xe.o(.text)
    I2C2_EV_IRQHandler                       0x080001fb   Thumb Code     0  startup_stm32f103xe.o(.text)
    PVD_IRQHandler                           0x080001fb   Thumb Code     0  startup_stm32f103xe.o(.text)
    RCC_IRQHandler                           0x080001fb   Thumb Code     0  startup_stm32f103xe.o(.text)
    RTC_Alarm_IRQHandler                     0x080001fb   Thumb Code     0  startup_stm32f103xe.o(.text)
    RTC_IRQHandler                           0x080001fb   Thumb Code     0  startup_stm32f103xe.o(.text)
    SDIO_IRQHandler                          0x080001fb   Thumb Code     0  startup_stm32f103xe.o(.text)
    SPI1_IRQHandler                          0x080001fb   Thumb Code     0  startup_stm32f103xe.o(.text)
    SPI2_IRQHandler                          0x080001fb   Thumb Code     0  startup_stm32f103xe.o(.text)
    SPI3_IRQHandler                          0x080001fb   Thumb Code     0  startup_stm32f103xe.o(.text)
    TAMPER_IRQHandler                        0x080001fb   Thumb Code     0  startup_stm32f103xe.o(.text)
    TIM1_BRK_IRQHandler                      0x080001fb   Thumb Code     0  startup_stm32f103xe.o(.text)
    TIM1_CC_IRQHandler                       0x080001fb   Thumb Code     0  startup_stm32f103xe.o(.text)
    TIM1_TRG_COM_IRQHandler                  0x080001fb   Thumb Code     0  startup_stm32f103xe.o(.text)
    TIM1_UP_IRQHandler                       0x080001fb   Thumb Code     0  startup_stm32f103xe.o(.text)
    TIM2_IRQHandler                          0x080001fb   Thumb Code     0  startup_stm32f103xe.o(.text)
    TIM3_IRQHandler                          0x080001fb   Thumb Code     0  startup_stm32f103xe.o(.text)
    TIM4_IRQHandler                          0x080001fb   Thumb Code     0  startup_stm32f103xe.o(.text)
    TIM5_IRQHandler                          0x080001fb   Thumb Code     0  startup_stm32f103xe.o(.text)
    TIM7_IRQHandler                          0x080001fb   Thumb Code     0  startup_stm32f103xe.o(.text)
    TIM8_BRK_IRQHandler                      0x080001fb   Thumb Code     0  startup_stm32f103xe.o(.text)
    TIM8_CC_IRQHandler                       0x080001fb   Thumb Code     0  startup_stm32f103xe.o(.text)
    TIM8_TRG_COM_IRQHandler                  0x080001fb   Thumb Code     0  startup_stm32f103xe.o(.text)
    TIM8_UP_IRQHandler                       0x080001fb   Thumb Code     0  startup_stm32f103xe.o(.text)
    UART4_IRQHandler                         0x080001fb   Thumb Code     0  startup_stm32f103xe.o(.text)
    UART5_IRQHandler                         0x080001fb   Thumb Code     0  startup_stm32f103xe.o(.text)
    USART3_IRQHandler                        0x080001fb   Thumb Code     0  startup_stm32f103xe.o(.text)
    USBWakeUp_IRQHandler                     0x080001fb   Thumb Code     0  startup_stm32f103xe.o(.text)
    USB_HP_CAN1_TX_IRQHandler                0x080001fb   Thumb Code     0  startup_stm32f103xe.o(.text)
    USB_LP_CAN1_RX0_IRQHandler               0x080001fb   Thumb Code     0  startup_stm32f103xe.o(.text)
    WWDG_IRQHandler                          0x080001fb   Thumb Code     0  startup_stm32f103xe.o(.text)
    __aeabi_llsr                             0x08000205   Thumb Code    32  llushr.o(.text)
    _ll_ushift_r                             0x08000205   Thumb Code     0  llushr.o(.text)
    __aeabi_memcpy                           0x08000225   Thumb Code    36  memcpya.o(.text)
    __aeabi_memcpy4                          0x08000225   Thumb Code     0  memcpya.o(.text)
    __aeabi_memcpy8                          0x08000225   Thumb Code     0  memcpya.o(.text)
    __aeabi_memset                           0x08000249   Thumb Code    14  memseta.o(.text)
    __aeabi_memset4                          0x08000249   Thumb Code     0  memseta.o(.text)
    __aeabi_memset8                          0x08000249   Thumb Code     0  memseta.o(.text)
    __aeabi_memclr                           0x08000257   Thumb Code     4  memseta.o(.text)
    __aeabi_memclr4                          0x08000257   Thumb Code     0  memseta.o(.text)
    __aeabi_memclr8                          0x08000257   Thumb Code     0  memseta.o(.text)
    memset                                   0x0800025b   Thumb Code    18  memseta.o(.text)
    strncpy                                  0x0800026d   Thumb Code    24  strncpy.o(.text)
    strlen                                   0x08000285   Thumb Code    14  strlen.o(.text)
    __aeabi_dadd                             0x08000293   Thumb Code   322  dadd.o(.text)
    __aeabi_dsub                             0x080003d5   Thumb Code     6  dadd.o(.text)
    __aeabi_drsub                            0x080003db   Thumb Code     6  dadd.o(.text)
    __aeabi_dmul                             0x080003e1   Thumb Code   228  dmul.o(.text)
    __aeabi_i2d                              0x080004c5   Thumb Code    34  dflti.o(.text)
    __aeabi_d2uiz                            0x080004e7   Thumb Code    50  dfixui.o(.text)
    __aeabi_cdcmpeq                          0x08000519   Thumb Code     0  cdcmple.o(.text)
    __aeabi_cdcmple                          0x08000519   Thumb Code    48  cdcmple.o(.text)
    __aeabi_uidiv                            0x08000549   Thumb Code     0  uidiv.o(.text)
    __aeabi_uidivmod                         0x08000549   Thumb Code    44  uidiv.o(.text)
    __aeabi_uldivmod                         0x08000575   Thumb Code    98  uldiv.o(.text)
    __aeabi_llsl                             0x080005d7   Thumb Code    30  llshl.o(.text)
    _ll_shift_l                              0x080005d7   Thumb Code     0  llshl.o(.text)
    __aeabi_lasr                             0x080005f5   Thumb Code    36  llsshr.o(.text)
    _ll_sshift_r                             0x080005f5   Thumb Code     0  llsshr.o(.text)
    __I$use$fp                               0x08000619   Thumb Code     0  iusefp.o(.text)
    _double_round                            0x08000619   Thumb Code    30  depilogue.o(.text)
    _double_epilogue                         0x08000637   Thumb Code   156  depilogue.o(.text)
    __aeabi_ddiv                             0x080006d3   Thumb Code   222  ddiv.o(.text)
    __aeabi_d2ulz                            0x080007b1   Thumb Code    48  dfixul.o(.text)
    __aeabi_cdrcmple                         0x080007e1   Thumb Code    48  cdrcmple.o(.text)
    __scatterload                            0x08000811   Thumb Code    28  init.o(.text)
    __scatterload_rt2                        0x08000811   Thumb Code     0  init.o(.text)
    BLETask                                  0x08000835   Thumb Code    92  freertos.o(i.BLETask)
    BLE_Init                                 0x080008dd   Thumb Code    82  ble_data.o(i.BLE_Init)
    BLE_UART_RxCpltCallback                  0x080009a5   Thumb Code   102  ble_data.o(i.BLE_UART_RxCpltCallback)
    BusFault_Handler                         0x08000a79   Thumb Code     2  stm32f1xx_it.o(i.BusFault_Handler)
    DMA1_Channel4_IRQHandler                 0x08000a7d   Thumb Code     6  stm32f1xx_it.o(i.DMA1_Channel4_IRQHandler)
    DMA1_Channel6_IRQHandler                 0x08000a89   Thumb Code     6  stm32f1xx_it.o(i.DMA1_Channel6_IRQHandler)
    DMA1_Channel7_IRQHandler                 0x08000a95   Thumb Code     6  stm32f1xx_it.o(i.DMA1_Channel7_IRQHandler)
    DebugMon_Handler                         0x08000acb   Thumb Code     2  stm32f1xx_it.o(i.DebugMon_Handler)
    Error_Handler                            0x08000acd   Thumb Code     4  main.o(i.Error_Handler)
    FSMC_NORSRAM_Extended_Timing_Init        0x08000ad1   Thumb Code    56  stm32f1xx_ll_fsmc.o(i.FSMC_NORSRAM_Extended_Timing_Init)
    FSMC_NORSRAM_Init                        0x08000b0d   Thumb Code    98  stm32f1xx_ll_fsmc.o(i.FSMC_NORSRAM_Init)
    FSMC_NORSRAM_Timing_Init                 0x08000b75   Thumb Code    56  stm32f1xx_ll_fsmc.o(i.FSMC_NORSRAM_Timing_Init)
    HAL_DMA_Abort                            0x08000bb1   Thumb Code    70  stm32f1xx_hal_dma.o(i.HAL_DMA_Abort)
    HAL_DMA_Abort_IT                         0x08000bf9   Thumb Code   296  stm32f1xx_hal_dma.o(i.HAL_DMA_Abort_IT)
    HAL_DMA_IRQHandler                       0x08000d29   Thumb Code   552  stm32f1xx_hal_dma.o(i.HAL_DMA_IRQHandler)
    HAL_DMA_Init                             0x08000f71   Thumb Code   112  stm32f1xx_hal_dma.o(i.HAL_DMA_Init)
    HAL_DMA_Start_IT                         0x08000fed   Thumb Code   112  stm32f1xx_hal_dma.o(i.HAL_DMA_Start_IT)
    HAL_Delay                                0x0800105d   Thumb Code    32  stm32f1xx_hal.o(i.HAL_Delay)
    HAL_GPIO_Init                            0x080010e9   Thumb Code   462  stm32f1xx_hal_gpio.o(i.HAL_GPIO_Init)
    HAL_GPIO_WritePin                        0x080012e1   Thumb Code    10  stm32f1xx_hal_gpio.o(i.HAL_GPIO_WritePin)
    HAL_GetTick                              0x080012ed   Thumb Code     6  stm32f1xx_hal.o(i.HAL_GetTick)
    HAL_I2C_Init                             0x080012f9   Thumb Code   376  stm32f1xx_hal_i2c.o(i.HAL_I2C_Init)
    HAL_I2C_Master_Transmit                  0x08001481   Thumb Code   290  stm32f1xx_hal_i2c.o(i.HAL_I2C_Master_Transmit)
    HAL_I2C_Mem_Read                         0x080015ad   Thumb Code   586  stm32f1xx_hal_i2c.o(i.HAL_I2C_Mem_Read)
    HAL_I2C_MspInit                          0x08001809   Thumb Code    82  i2c.o(i.HAL_I2C_MspInit)
    HAL_IncTick                              0x08001869   Thumb Code    12  stm32f1xx_hal.o(i.HAL_IncTick)
    HAL_Init                                 0x08001879   Thumb Code    32  stm32f1xx_hal.o(i.HAL_Init)
    HAL_InitTick                             0x0800189d   Thumb Code   132  stm32f1xx_hal_timebase_tim.o(i.HAL_InitTick)
    HAL_MspInit                              0x08001935   Thumb Code    62  stm32f1xx_hal_msp.o(i.HAL_MspInit)
    HAL_NVIC_EnableIRQ                       0x0800197d   Thumb Code    26  stm32f1xx_hal_cortex.o(i.HAL_NVIC_EnableIRQ)
    HAL_NVIC_SetPriority                     0x08001999   Thumb Code    60  stm32f1xx_hal_cortex.o(i.HAL_NVIC_SetPriority)
    HAL_NVIC_SetPriorityGrouping             0x080019d9   Thumb Code    26  stm32f1xx_hal_cortex.o(i.HAL_NVIC_SetPriorityGrouping)
    HAL_RCC_ClockConfig                      0x080019fd   Thumb Code   280  stm32f1xx_hal_rcc.o(i.HAL_RCC_ClockConfig)
    HAL_RCC_GetClockConfig                   0x08001b29   Thumb Code    54  stm32f1xx_hal_rcc.o(i.HAL_RCC_GetClockConfig)
    HAL_RCC_GetPCLK1Freq                     0x08001b69   Thumb Code    20  stm32f1xx_hal_rcc.o(i.HAL_RCC_GetPCLK1Freq)
    HAL_RCC_GetPCLK2Freq                     0x08001b89   Thumb Code    20  stm32f1xx_hal_rcc.o(i.HAL_RCC_GetPCLK2Freq)
    HAL_RCC_GetSysClockFreq                  0x08001ba9   Thumb Code    58  stm32f1xx_hal_rcc.o(i.HAL_RCC_GetSysClockFreq)
    HAL_RCC_OscConfig                        0x08001bf5   Thumb Code   778  stm32f1xx_hal_rcc.o(i.HAL_RCC_OscConfig)
    HAL_SPI_Init                             0x08001f15   Thumb Code   178  stm32f1xx_hal_spi.o(i.HAL_SPI_Init)
    HAL_SPI_MspInit                          0x08001fc9   Thumb Code    98  spi.o(i.HAL_SPI_MspInit)
    HAL_SRAM_Init                            0x08002039   Thumb Code   100  stm32f1xx_hal_sram.o(i.HAL_SRAM_Init)
    HAL_SRAM_MspInit                         0x0800209d   Thumb Code     4  fsmc.o(i.HAL_SRAM_MspInit)
    HAL_TIMEx_BreakCallback                  0x080020a1   Thumb Code     2  stm32f1xx_hal_tim_ex.o(i.HAL_TIMEx_BreakCallback)
    HAL_TIMEx_CommutCallback                 0x080020a3   Thumb Code     2  stm32f1xx_hal_tim_ex.o(i.HAL_TIMEx_CommutCallback)
    HAL_TIMEx_MasterConfigSynchronization    0x080020a5   Thumb Code   104  stm32f1xx_hal_tim_ex.o(i.HAL_TIMEx_MasterConfigSynchronization)
    HAL_TIM_Base_Init                        0x08002121   Thumb Code    90  stm32f1xx_hal_tim.o(i.HAL_TIM_Base_Init)
    HAL_TIM_Base_MspInit                     0x0800217d   Thumb Code    30  tim.o(i.HAL_TIM_Base_MspInit)
    HAL_TIM_Base_Start_IT                    0x080021a5   Thumb Code    88  stm32f1xx_hal_tim.o(i.HAL_TIM_Base_Start_IT)
    HAL_TIM_ConfigClockSource                0x08002211   Thumb Code   220  stm32f1xx_hal_tim.o(i.HAL_TIM_ConfigClockSource)
    HAL_TIM_IC_CaptureCallback               0x080022ed   Thumb Code     2  stm32f1xx_hal_tim.o(i.HAL_TIM_IC_CaptureCallback)
    HAL_TIM_IRQHandler                       0x080022ef   Thumb Code   304  stm32f1xx_hal_tim.o(i.HAL_TIM_IRQHandler)
    HAL_TIM_OC_DelayElapsedCallback          0x0800241f   Thumb Code     2  stm32f1xx_hal_tim.o(i.HAL_TIM_OC_DelayElapsedCallback)
    HAL_TIM_PWM_PulseFinishedCallback        0x08002421   Thumb Code     2  stm32f1xx_hal_tim.o(i.HAL_TIM_PWM_PulseFinishedCallback)
    HAL_TIM_PeriodElapsedCallback            0x08002425   Thumb Code    14  main.o(i.HAL_TIM_PeriodElapsedCallback)
    HAL_TIM_TriggerCallback                  0x08002439   Thumb Code     2  stm32f1xx_hal_tim.o(i.HAL_TIM_TriggerCallback)
    HAL_UARTEx_ReceiveToIdle_DMA             0x0800243b   Thumb Code    74  stm32f1xx_hal_uart.o(i.HAL_UARTEx_ReceiveToIdle_DMA)
    HAL_UARTEx_RxEventCallback               0x08002485   Thumb Code   124  ble_data.o(i.HAL_UARTEx_RxEventCallback)
    HAL_UART_ErrorCallback                   0x08002585   Thumb Code    32  ble_data.o(i.HAL_UART_ErrorCallback)
    HAL_UART_IRQHandler                      0x080025c5   Thumb Code   616  stm32f1xx_hal_uart.o(i.HAL_UART_IRQHandler)
    HAL_UART_Init                            0x08002831   Thumb Code   100  stm32f1xx_hal_uart.o(i.HAL_UART_Init)
    HAL_UART_MspInit                         0x08002895   Thumb Code   330  usart.o(i.HAL_UART_MspInit)
    HAL_UART_Receive_DMA                     0x080029f9   Thumb Code    28  stm32f1xx_hal_uart.o(i.HAL_UART_Receive_DMA)
    HAL_UART_Receive_IT                      0x08002a15   Thumb Code    28  stm32f1xx_hal_uart.o(i.HAL_UART_Receive_IT)
    HAL_UART_RxCpltCallback                  0x08002a31   Thumb Code    30  usart.o(i.HAL_UART_RxCpltCallback)
    HAL_UART_RxHalfCpltCallback              0x08002a61   Thumb Code     2  stm32f1xx_hal_uart.o(i.HAL_UART_RxHalfCpltCallback)
    HAL_UART_Transmit                        0x08002a63   Thumb Code   160  stm32f1xx_hal_uart.o(i.HAL_UART_Transmit)
    HAL_UART_TxCpltCallback                  0x08002b03   Thumb Code     2  stm32f1xx_hal_uart.o(i.HAL_UART_TxCpltCallback)
    HardFault_Handler                        0x08002b05   Thumb Code     2  stm32f1xx_it.o(i.HardFault_Handler)
    ILI9341_BackLed_Control                  0x08002f39   Thumb Code    16  bsp_ili9341_lcd.o(i.ILI9341_BackLed_Control)
    ILI9341_Clear                            0x08002f4d   Thumb Code    26  bsp_ili9341_lcd.o(i.ILI9341_Clear)
    ILI9341_DispChar_EN                      0x08002f7d   Thumb Code    98  bsp_ili9341_lcd.o(i.ILI9341_DispChar_EN)
    ILI9341_DispStringLine_EN                0x08002fe9   Thumb Code    72  bsp_ili9341_lcd.o(i.ILI9341_DispStringLine_EN)
    ILI9341_GramScan                         0x08003051   Thumb Code   126  bsp_ili9341_lcd.o(i.ILI9341_GramScan)
    ILI9341_Init                             0x080030d9   Thumb Code    28  bsp_ili9341_lcd.o(i.ILI9341_Init)
    ILI9341_OpenWindow                       0x080030f9   Thumb Code    58  bsp_ili9341_lcd.o(i.ILI9341_OpenWindow)
    ILI9341_ReadID                           0x08003419   Thumb Code    68  bsp_ili9341_lcd.o(i.ILI9341_ReadID)
    ILI9341_Rst                              0x08003461   Thumb Code    34  bsp_ili9341_lcd.o(i.ILI9341_Rst)
    LCDTask                                  0x08003489   Thumb Code   548  freertos.o(i.LCDTask)
    LCD_GetFont                              0x08003735   Thumb Code     6  bsp_ili9341_lcd.o(i.LCD_GetFont)
    LCD_SetFont                              0x08003741   Thumb Code     6  bsp_ili9341_lcd.o(i.LCD_SetFont)
    LCD_SetTextColor                         0x0800374d   Thumb Code     6  bsp_ili9341_lcd.o(i.LCD_SetTextColor)
    LogTask                                  0x08003759   Thumb Code   110  freertos.o(i.LogTask)
    Log_Debug                                0x080037ed   Thumb Code    32  log.o(i.Log_Debug)
    Log_Error                                0x0800380d   Thumb Code    32  log.o(i.Log_Error)
    Log_Info                                 0x0800382d   Thumb Code    32  log.o(i.Log_Info)
    Log_Init                                 0x0800384d   Thumb Code    12  log.o(i.Log_Init)
    Log_Warn                                 0x080038b5   Thumb Code    32  log.o(i.Log_Warn)
    MX_DMA_Init                              0x080038d5   Thumb Code    72  dma.o(i.MX_DMA_Init)
    MX_FREERTOS_Init                         0x08003921   Thumb Code   134  freertos.o(i.MX_FREERTOS_Init)
    MX_FSMC_Init                             0x080039cd   Thumb Code   106  fsmc.o(i.MX_FSMC_Init)
    MX_GPIO_Init                             0x08003a45   Thumb Code   256  gpio.o(i.MX_GPIO_Init)
    MX_I2C2_Init                             0x08003b55   Thumb Code    50  i2c.o(i.MX_I2C2_Init)
    MX_SPI1_Init                             0x08003b95   Thumb Code    62  spi.o(i.MX_SPI1_Init)
    MX_TIM3_Init                             0x08003bdd   Thumb Code    94  tim.o(i.MX_TIM3_Init)
    MX_USART1_UART_Init                      0x08003c45   Thumb Code    48  usart.o(i.MX_USART1_UART_Init)
    MX_USART2_UART_Init                      0x08003c7d   Thumb Code    48  usart.o(i.MX_USART2_UART_Init)
    MemManage_Handler                        0x08003cb5   Thumb Code     2  stm32f1xx_it.o(i.MemManage_Handler)
    Modbus_BuildExceptionResponse            0x08003cb7   Thumb Code    36  modbus.o(i.Modbus_BuildExceptionResponse)
    Modbus_BuildResponse                     0x08003cdb   Thumb Code    60  modbus.o(i.Modbus_BuildResponse)
    Modbus_CalculateCRC16                    0x08003d19   Thumb Code    38  modbus.o(i.Modbus_CalculateCRC16)
    Modbus_Init                              0x08003d45   Thumb Code    28  modbus.o(i.Modbus_Init)
    Modbus_IsModbusCommand                   0x08003d91   Thumb Code    38  modbus.o(i.Modbus_IsModbusCommand)
    Modbus_ProcessRequest                    0x08003db9   Thumb Code   548  modbus.o(i.Modbus_ProcessRequest)
    Modbus_ValidateCRC                       0x08004225   Thumb Code    52  modbus.o(i.Modbus_ValidateCRC)
    MonitorTask                              0x0800425d   Thumb Code    12  freertos.o(i.MonitorTask)
    NMI_Handler                              0x08004269   Thumb Code     2  stm32f1xx_it.o(i.NMI_Handler)
    PressureSensor_GetLatestValue            0x0800426d   Thumb Code     8  pressure.o(i.PressureSensor_GetLatestValue)
    PressureSensor_Init                      0x08004279   Thumb Code    80  pressure.o(i.PressureSensor_Init)
    PressureSensor_ReadData                  0x080042cd   Thumb Code   104  pressure.o(i.PressureSensor_ReadData)
    PressureSensor_UpdateValue               0x0800435d   Thumb Code    32  pressure.o(i.PressureSensor_UpdateValue)
    PressureTask                             0x0800437d   Thumb Code   134  freertos.o(i.PressureTask)
    SensorData_Init                          0x080044bd   Thumb Code    32  modbus.o(i.SensorData_Init)
    SensorData_UpdatePressure                0x08004501   Thumb Code    56  modbus.o(i.SensorData_UpdatePressure)
    SysTick_Handler                          0x08004571   Thumb Code    26  cmsis_os2.o(i.SysTick_Handler)
    SystemClock_Config                       0x0800458b   Thumb Code    94  main.o(i.SystemClock_Config)
    SystemInit                               0x080045e9   Thumb Code     2  system_stm32f1xx.o(i.SystemInit)
    TIM6_IRQHandler                          0x080045ed   Thumb Code     6  stm32f1xx_it.o(i.TIM6_IRQHandler)
    TIM_Base_SetConfig                       0x080045f9   Thumb Code   134  stm32f1xx_hal_tim.o(i.TIM_Base_SetConfig)
    TIM_ETR_SetConfig                        0x08004695   Thumb Code    20  stm32f1xx_hal_tim.o(i.TIM_ETR_SetConfig)
    UART2_StartReceive                       0x08004701   Thumb Code    58  ble_data.o(i.UART2_StartReceive)
    UART_Start_Receive_DMA                   0x08004aa1   Thumb Code   130  stm32f1xx_hal_uart.o(i.UART_Start_Receive_DMA)
    UART_Start_Receive_IT                    0x08004b31   Thumb Code    54  stm32f1xx_hal_uart.o(i.UART_Start_Receive_IT)
    USART1_IRQHandler                        0x08004bd9   Thumb Code     6  stm32f1xx_it.o(i.USART1_IRQHandler)
    USART2_IRQHandler                        0x08004be5   Thumb Code     6  stm32f1xx_it.o(i.USART2_IRQHandler)
    UsageFault_Handler                       0x08004bf1   Thumb Code     2  stm32f1xx_it.o(i.UsageFault_Handler)
    Usart2Task                               0x08004bf5   Thumb Code   194  freertos.o(i.Usart2Task)
    __0snprintf                              0x08004d49   Thumb Code    48  printfa.o(i.__0snprintf)
    __1snprintf                              0x08004d49   Thumb Code     0  printfa.o(i.__0snprintf)
    __2snprintf                              0x08004d49   Thumb Code     0  printfa.o(i.__0snprintf)
    __c89snprintf                            0x08004d49   Thumb Code     0  printfa.o(i.__0snprintf)
    snprintf                                 0x08004d49   Thumb Code     0  printfa.o(i.__0snprintf)
    __0sprintf                               0x08004d7d   Thumb Code    34  printfa.o(i.__0sprintf)
    __1sprintf                               0x08004d7d   Thumb Code     0  printfa.o(i.__0sprintf)
    __2sprintf                               0x08004d7d   Thumb Code     0  printfa.o(i.__0sprintf)
    __c89sprintf                             0x08004d7d   Thumb Code     0  printfa.o(i.__0sprintf)
    sprintf                                  0x08004d7d   Thumb Code     0  printfa.o(i.__0sprintf)
    __0vsnprintf                             0x08004da5   Thumb Code    46  printfa.o(i.__0vsnprintf)
    __1vsnprintf                             0x08004da5   Thumb Code     0  printfa.o(i.__0vsnprintf)
    __2vsnprintf                             0x08004da5   Thumb Code     0  printfa.o(i.__0vsnprintf)
    __c89vsnprintf                           0x08004da5   Thumb Code     0  printfa.o(i.__0vsnprintf)
    vsnprintf                                0x08004da5   Thumb Code     0  printfa.o(i.__0vsnprintf)
    __scatterload_copy                       0x08004df9   Thumb Code    14  handlers.o(i.__scatterload_copy)
    __scatterload_null                       0x08004e07   Thumb Code     2  handlers.o(i.__scatterload_null)
    __scatterload_zeroinit                   0x08004e09   Thumb Code    14  handlers.o(i.__scatterload_zeroinit)
    main                                     0x080056c3   Thumb Code    54  main.o(i.main)
    osDelay                                  0x080056f9   Thumb Code    26  cmsis_os2.o(i.osDelay)
    osKernelGetTickCount                     0x08005713   Thumb Code    14  cmsis_os2.o(i.osKernelGetTickCount)
    osKernelInitialize                       0x08005721   Thumb Code    32  cmsis_os2.o(i.osKernelInitialize)
    osKernelStart                            0x08005745   Thumb Code    48  cmsis_os2.o(i.osKernelStart)
    osMessageQueueGet                        0x0800577d   Thumb Code    96  cmsis_os2.o(i.osMessageQueueGet)
    osMessageQueueNew                        0x080057e1   Thumb Code    88  cmsis_os2.o(i.osMessageQueueNew)
    osMessageQueuePut                        0x08005839   Thumb Code   100  cmsis_os2.o(i.osMessageQueuePut)
    osMutexAcquire                           0x080058a1   Thumb Code    82  cmsis_os2.o(i.osMutexAcquire)
    osMutexNew                               0x080058f3   Thumb Code   104  cmsis_os2.o(i.osMutexNew)
    osMutexRelease                           0x0800595b   Thumb Code    66  cmsis_os2.o(i.osMutexRelease)
    osThreadFlagsSet                         0x0800599d   Thumb Code   110  cmsis_os2.o(i.osThreadFlagsSet)
    osThreadFlagsWait                        0x08005a11   Thumb Code   150  cmsis_os2.o(i.osThreadFlagsWait)
    osThreadNew                              0x08005aa9   Thumb Code   138  cmsis_os2.o(i.osThreadNew)
    pvPortMalloc                             0x080062e1   Thumb Code   216  heap_4.o(i.pvPortMalloc)
    pvTaskIncrementMutexHeldCount            0x080063bd   Thumb Code    18  tasks.o(i.pvTaskIncrementMutexHeldCount)
    pxPortInitialiseStack                    0x080063d5   Thumb Code    32  port.o(i.pxPortInitialiseStack)
    uxListRemove                             0x080063f9   Thumb Code    38  list.o(i.uxListRemove)
    vApplicationGetIdleTaskMemory            0x08006421   Thumb Code    16  cmsis_os2.o(i.vApplicationGetIdleTaskMemory)
    vApplicationGetTimerTaskMemory           0x08006435   Thumb Code    18  cmsis_os2.o(i.vApplicationGetTimerTaskMemory)
    vListInitialise                          0x0800644d   Thumb Code    22  list.o(i.vListInitialise)
    vListInitialiseItem                      0x08006463   Thumb Code     6  list.o(i.vListInitialiseItem)
    vListInsert                              0x08006469   Thumb Code    48  list.o(i.vListInsert)
    vListInsertEnd                           0x08006499   Thumb Code    24  list.o(i.vListInsertEnd)
    vPortEnterCritical                       0x080064b1   Thumb Code    54  port.o(i.vPortEnterCritical)
    vPortExitCritical                        0x080064f1   Thumb Code    34  port.o(i.vPortExitCritical)
    vPortFree                                0x08006519   Thumb Code    94  heap_4.o(i.vPortFree)
    vPortSetupTimerInterrupt                 0x0800657d   Thumb Code    32  port.o(i.vPortSetupTimerInterrupt)
    vPortValidateInterruptPriority           0x080065a1   Thumb Code    74  port.o(i.vPortValidateInterruptPriority)
    vQueueAddToRegistry                      0x080065f5   Thumb Code    34  queue.o(i.vQueueAddToRegistry)
    vQueueWaitForMessageRestricted           0x0800661d   Thumb Code    68  queue.o(i.vQueueWaitForMessageRestricted)
    vTaskDelay                               0x08006661   Thumb Code    66  tasks.o(i.vTaskDelay)
    vTaskInternalSetTimeOutState             0x080066ad   Thumb Code    12  tasks.o(i.vTaskInternalSetTimeOutState)
    vTaskMissedYield                         0x080066bd   Thumb Code     8  tasks.o(i.vTaskMissedYield)
    vTaskPlaceOnEventList                    0x080066c9   Thumb Code    44  tasks.o(i.vTaskPlaceOnEventList)
    vTaskPlaceOnEventListRestricted          0x080066f9   Thumb Code    52  tasks.o(i.vTaskPlaceOnEventListRestricted)
    vTaskPriorityDisinheritAfterTimeout      0x08006731   Thumb Code   134  tasks.o(i.vTaskPriorityDisinheritAfterTimeout)
    vTaskStartScheduler                      0x080067c1   Thumb Code   118  tasks.o(i.vTaskStartScheduler)
    vTaskSuspendAll                          0x08006849   Thumb Code    10  tasks.o(i.vTaskSuspendAll)
    vTaskSwitchContext                       0x08006859   Thumb Code    90  tasks.o(i.vTaskSwitchContext)
    xPortStartScheduler                      0x080068bd   Thumb Code   154  port.o(i.xPortStartScheduler)
    xPortSysTickHandler                      0x08006965   Thumb Code    38  port.o(i.xPortSysTickHandler)
    xQueueCreateMutex                        0x08006991   Thumb Code    22  queue.o(i.xQueueCreateMutex)
    xQueueCreateMutexStatic                  0x080069a7   Thumb Code    26  queue.o(i.xQueueCreateMutexStatic)
    xQueueGenericCreate                      0x080069c1   Thumb Code    66  queue.o(i.xQueueGenericCreate)
    xQueueGenericCreateStatic                0x08006a03   Thumb Code   102  queue.o(i.xQueueGenericCreateStatic)
    xQueueGenericReset                       0x08006a69   Thumb Code   132  queue.o(i.xQueueGenericReset)
    xQueueGenericSend                        0x08006af1   Thumb Code   346  queue.o(i.xQueueGenericSend)
    xQueueGenericSendFromISR                 0x08006c51   Thumb Code   190  queue.o(i.xQueueGenericSendFromISR)
    xQueueGiveMutexRecursive                 0x08006d0f   Thumb Code    62  queue.o(i.xQueueGiveMutexRecursive)
    xQueueReceive                            0x08006d4d   Thumb Code   308  queue.o(i.xQueueReceive)
    xQueueReceiveFromISR                     0x08006e85   Thumb Code   154  queue.o(i.xQueueReceiveFromISR)
    xQueueSemaphoreTake                      0x08006f21   Thumb Code   372  queue.o(i.xQueueSemaphoreTake)
    xQueueTakeMutexRecursive                 0x08007099   Thumb Code    64  queue.o(i.xQueueTakeMutexRecursive)
    xTaskCheckForTimeOut                     0x080070d9   Thumb Code   112  tasks.o(i.xTaskCheckForTimeOut)
    xTaskCreate                              0x0800714d   Thumb Code    90  tasks.o(i.xTaskCreate)
    xTaskCreateStatic                        0x080071a7   Thumb Code    86  tasks.o(i.xTaskCreateStatic)
    xTaskGenericNotify                       0x080071fd   Thumb Code   210  tasks.o(i.xTaskGenericNotify)
    xTaskGenericNotifyFromISR                0x080072dd   Thumb Code   246  tasks.o(i.xTaskGenericNotifyFromISR)
    xTaskGetCurrentTaskHandle                0x080073e1   Thumb Code     6  tasks.o(i.xTaskGetCurrentTaskHandle)
    xTaskGetSchedulerState                   0x080073ed   Thumb Code    22  tasks.o(i.xTaskGetSchedulerState)
    xTaskGetTickCount                        0x08007409   Thumb Code     6  tasks.o(i.xTaskGetTickCount)
    xTaskGetTickCountFromISR                 0x08007415   Thumb Code    12  tasks.o(i.xTaskGetTickCountFromISR)
    xTaskIncrementTick                       0x08007425   Thumb Code   192  tasks.o(i.xTaskIncrementTick)
    xTaskNotifyWait                          0x080074ed   Thumb Code   130  tasks.o(i.xTaskNotifyWait)
    xTaskPriorityDisinherit                  0x08007579   Thumb Code   118  tasks.o(i.xTaskPriorityDisinherit)
    xTaskPriorityInherit                     0x080075f9   Thumb Code   112  tasks.o(i.xTaskPriorityInherit)
    xTaskRemoveFromEventList                 0x08007671   Thumb Code    98  tasks.o(i.xTaskRemoveFromEventList)
    xTaskResumeAll                           0x080076e1   Thumb Code   182  tasks.o(i.xTaskResumeAll)
    xTimerCreateTimerTask                    0x080077a5   Thumb Code    78  timers.o(i.xTimerCreateTimerTask)
    xTimerGenericCommand                     0x08007805   Thumb Code    98  timers.o(i.xTimerGenericCommand)
    Log_Task_attributes                      0x0800786c   Data          36  freertos.o(.constdata)
    Pressure_Task_attributes                 0x08007890   Data          36  freertos.o(.constdata)
    Usart2_Task_attributes                   0x080078b4   Data          36  freertos.o(.constdata)
    LCD_Task_attributes                      0x080078d8   Data          36  freertos.o(.constdata)
    Monitor_Task_attributes                  0x080078fc   Data          36  freertos.o(.constdata)
    BLE_Task_attributes                      0x08007920   Data          36  freertos.o(.constdata)
    logQueue_attributes                      0x08007944   Data          24  freertos.o(.constdata)
    BLEQueue_attributes                      0x0800795c   Data          24  freertos.o(.constdata)
    uart1_mutex_attributes                   0x08007974   Data          16  freertos.o(.constdata)
    AHBPrescTable                            0x080079a6   Data          16  system_stm32f1xx.o(.constdata)
    APBPrescTable                            0x080079b6   Data           8  system_stm32f1xx.o(.constdata)
    ASCII8x16_Table                          0x080079be   Data        1520  fonts.o(.constdata)
    Region$$Table$$Base                      0x080082dc   Number         0  anon$$obj.o(Region$$Table)
    Region$$Table$$Limit                     0x080082fc   Number         0  anon$$obj.o(Region$$Table)
    g_PressureTaskHandle                     0x20000000   Data           4  freertos.o(.data)
    g_LCDTaskHandle                          0x20000004   Data           4  freertos.o(.data)
    Log_TaskHandle                           0x20000008   Data           4  freertos.o(.data)
    Pressure_TaskHandle                      0x2000000c   Data           4  freertos.o(.data)
    Usart2_TaskHandle                        0x20000010   Data           4  freertos.o(.data)
    LCD_TaskHandle                           0x20000014   Data           4  freertos.o(.data)
    Monitor_TaskHandle                       0x20000018   Data           4  freertos.o(.data)
    BLE_TaskHandle                           0x2000001c   Data           4  freertos.o(.data)
    logQueueHandle                           0x20000020   Data           4  freertos.o(.data)
    BLEQueueHandle                           0x20000024   Data           4  freertos.o(.data)
    uart1_mutexHandle                        0x20000028   Data           4  freertos.o(.data)
    uwTickFreq                               0x20000034   Data           1  stm32f1xx_hal.o(.data)
    uwTickPrio                               0x20000038   Data           4  stm32f1xx_hal.o(.data)
    uwTick                                   0x2000003c   Data           4  stm32f1xx_hal.o(.data)
    SystemCoreClock                          0x20000040   Data           4  system_stm32f1xx.o(.data)
    pxCurrentTCB                             0x20000044   Data           4  tasks.o(.data)
    ble_rx_complete                          0x200000c6   Data           1  ble_data.o(.data)
    ble_rx_state                             0x200000c7   Data           1  ble_data.o(.data)
    ble_rx_count                             0x200000c8   Data           2  ble_data.o(.data)
    uart1_rx_buffer                          0x200000ca   Data           1  ble_data.o(.data)
    LCD_SCAN_MODE                            0x200000d0   Data           1  bsp_ili9341_lcd.o(.data)
    LCD_X_LENGTH                             0x200000d2   Data           2  bsp_ili9341_lcd.o(.data)
    LCD_Y_LENGTH                             0x200000d4   Data           2  bsp_ili9341_lcd.o(.data)
    lcdid                                    0x200000d6   Data           2  bsp_ili9341_lcd.o(.data)
    Font8x16                                 0x200000e0   Data           8  fonts.o(.data)
    g_modbus_registers                       0x200000e8   Data           8  modbus.o(.data)
    bt_rx_buffer                             0x200000f0   Data         256  freertos.o(.bss)
    hsram1                                   0x200001f0   Data          72  fsmc.o(.bss)
    hi2c2                                    0x20000238   Data          84  i2c.o(.bss)
    hspi1                                    0x2000028c   Data          88  spi.o(.bss)
    htim3                                    0x200002e4   Data          72  tim.o(.bss)
    huart1                                   0x2000032c   Data          72  usart.o(.bss)
    huart2                                   0x20000374   Data          72  usart.o(.bss)
    hdma_usart1_tx                           0x200003bc   Data          68  usart.o(.bss)
    hdma_usart2_rx                           0x20000400   Data          68  usart.o(.bss)
    hdma_usart2_tx                           0x20000444   Data          68  usart.o(.bss)
    htim6                                    0x20000488   Data          72  stm32f1xx_hal_timebase_tim.o(.bss)
    xQueueRegistry                           0x200004d0   Data          64  queue.o(.bss)
    ble_rx_buffer                            0x200061a4   Data         256  ble_data.o(.bss)
    ble_tx_buffer                            0x200062a4   Data         256  ble_data.o(.bss)
    g_sensor_data                            0x200063a8   Data          40  modbus.o(.bss)
    __initial_sp                             0x200067d0   Data           0  startup_stm32f103xe.o(STACK)



==============================================================================

Memory Map of the image

  Image Entry point : 0x08000131

  Load Region LR_IROM1 (Base: 0x08000000, Size: 0x000083ec, Max: 0x00080000, ABSOLUTE)

    Execution Region ER_IROM1 (Exec base: 0x08000000, Load base: 0x08000000, Size: 0x000082fc, Max: 0x00080000, ABSOLUTE)

    Exec Addr    Load Addr    Size         Type   Attr      Idx    E Section Name        Object

    0x08000000   0x08000000   0x00000130   Data   RO            3    RESET               startup_stm32f103xe.o
    0x08000130   0x08000130   0x00000000   Code   RO         6615  * .ARM.Collect$$$$00000000  mc_w.l(entry.o)
    0x08000130   0x08000130   0x00000004   Code   RO         6909    .ARM.Collect$$$$00000001  mc_w.l(entry2.o)
    0x08000134   0x08000134   0x00000004   Code   RO         6912    .ARM.Collect$$$$00000004  mc_w.l(entry5.o)
    0x08000138   0x08000138   0x00000000   Code   RO         6914    .ARM.Collect$$$$00000008  mc_w.l(entry7b.o)
    0x08000138   0x08000138   0x00000000   Code   RO         6916    .ARM.Collect$$$$0000000A  mc_w.l(entry8b.o)
    0x08000138   0x08000138   0x00000008   Code   RO         6917    .ARM.Collect$$$$0000000B  mc_w.l(entry9a.o)
    0x08000140   0x08000140   0x00000004   Code   RO         6924    .ARM.Collect$$$$0000000E  mc_w.l(entry12b.o)
    0x08000144   0x08000144   0x00000000   Code   RO         6919    .ARM.Collect$$$$0000000F  mc_w.l(entry10a.o)
    0x08000144   0x08000144   0x00000000   Code   RO         6921    .ARM.Collect$$$$00000011  mc_w.l(entry11a.o)
    0x08000144   0x08000144   0x00000004   Code   RO         6910    .ARM.Collect$$$$00002712  mc_w.l(entry2.o)
    0x08000148   0x08000148   0x00000096   Code   RO         5912    .emb_text           port.o
    0x080001de   0x080001de   0x00000002   PAD
    0x080001e0   0x080001e0   0x00000024   Code   RO            4    .text               startup_stm32f103xe.o
    0x08000204   0x08000204   0x00000020   Code   RO         6618    .text               mc_w.l(llushr.o)
    0x08000224   0x08000224   0x00000024   Code   RO         6620    .text               mc_w.l(memcpya.o)
    0x08000248   0x08000248   0x00000024   Code   RO         6624    .text               mc_w.l(memseta.o)
    0x0800026c   0x0800026c   0x00000018   Code   RO         6626    .text               mc_w.l(strncpy.o)
    0x08000284   0x08000284   0x0000000e   Code   RO         6628    .text               mc_w.l(strlen.o)
    0x08000292   0x08000292   0x0000014e   Code   RO         6893    .text               mf_w.l(dadd.o)
    0x080003e0   0x080003e0   0x000000e4   Code   RO         6895    .text               mf_w.l(dmul.o)
    0x080004c4   0x080004c4   0x00000022   Code   RO         6897    .text               mf_w.l(dflti.o)
    0x080004e6   0x080004e6   0x00000032   Code   RO         6903    .text               mf_w.l(dfixui.o)
    0x08000518   0x08000518   0x00000030   Code   RO         6907    .text               mf_w.l(cdcmple.o)
    0x08000548   0x08000548   0x0000002c   Code   RO         6928    .text               mc_w.l(uidiv.o)
    0x08000574   0x08000574   0x00000062   Code   RO         6930    .text               mc_w.l(uldiv.o)
    0x080005d6   0x080005d6   0x0000001e   Code   RO         6932    .text               mc_w.l(llshl.o)
    0x080005f4   0x080005f4   0x00000024   Code   RO         6934    .text               mc_w.l(llsshr.o)
    0x08000618   0x08000618   0x00000000   Code   RO         6936    .text               mc_w.l(iusefp.o)
    0x08000618   0x08000618   0x000000ba   Code   RO         6937    .text               mf_w.l(depilogue.o)
    0x080006d2   0x080006d2   0x000000de   Code   RO         6939    .text               mf_w.l(ddiv.o)
    0x080007b0   0x080007b0   0x00000030   Code   RO         6941    .text               mf_w.l(dfixul.o)
    0x080007e0   0x080007e0   0x00000030   Code   RO         6943    .text               mf_w.l(cdrcmple.o)
    0x08000810   0x08000810   0x00000024   Code   RO         6945    .text               mc_w.l(init.o)
    0x08000834   0x08000834   0x000000a8   Code   RO          255    i.BLETask           freertos.o
    0x080008dc   0x080008dc   0x000000c8   Code   RO         6077    i.BLE_Init          ble_data.o
    0x080009a4   0x080009a4   0x000000d4   Code   RO         6079    i.BLE_UART_RxCpltCallback  ble_data.o
    0x08000a78   0x08000a78   0x00000002   Code   RO          616    i.BusFault_Handler  stm32f1xx_it.o
    0x08000a7a   0x08000a7a   0x00000002   PAD
    0x08000a7c   0x08000a7c   0x0000000c   Code   RO          617    i.DMA1_Channel4_IRQHandler  stm32f1xx_it.o
    0x08000a88   0x08000a88   0x0000000c   Code   RO          618    i.DMA1_Channel6_IRQHandler  stm32f1xx_it.o
    0x08000a94   0x08000a94   0x0000000c   Code   RO          619    i.DMA1_Channel7_IRQHandler  stm32f1xx_it.o
    0x08000aa0   0x08000aa0   0x0000002a   Code   RO         2162    i.DMA_SetConfig     stm32f1xx_hal_dma.o
    0x08000aca   0x08000aca   0x00000002   Code   RO          620    i.DebugMon_Handler  stm32f1xx_it.o
    0x08000acc   0x08000acc   0x00000004   Code   RO           13    i.Error_Handler     main.o
    0x08000ad0   0x08000ad0   0x0000003c   Code   RO         2767    i.FSMC_NORSRAM_Extended_Timing_Init  stm32f1xx_ll_fsmc.o
    0x08000b0c   0x08000b0c   0x00000068   Code   RO         2768    i.FSMC_NORSRAM_Init  stm32f1xx_ll_fsmc.o
    0x08000b74   0x08000b74   0x0000003c   Code   RO         2769    i.FSMC_NORSRAM_Timing_Init  stm32f1xx_ll_fsmc.o
    0x08000bb0   0x08000bb0   0x00000046   Code   RO         2163    i.HAL_DMA_Abort     stm32f1xx_hal_dma.o
    0x08000bf6   0x08000bf6   0x00000002   PAD
    0x08000bf8   0x08000bf8   0x00000130   Code   RO         2164    i.HAL_DMA_Abort_IT  stm32f1xx_hal_dma.o
    0x08000d28   0x08000d28   0x00000248   Code   RO         2168    i.HAL_DMA_IRQHandler  stm32f1xx_hal_dma.o
    0x08000f70   0x08000f70   0x0000007c   Code   RO         2169    i.HAL_DMA_Init      stm32f1xx_hal_dma.o
    0x08000fec   0x08000fec   0x00000070   Code   RO         2173    i.HAL_DMA_Start_IT  stm32f1xx_hal_dma.o
    0x0800105c   0x0800105c   0x00000024   Code   RO         1789    i.HAL_Delay         stm32f1xx_hal.o
    0x08001080   0x08001080   0x00000068   Code   RO          381    i.HAL_FSMC_MspInit  fsmc.o
    0x080010e8   0x080010e8   0x000001f8   Code   RO         2099    i.HAL_GPIO_Init     stm32f1xx_hal_gpio.o
    0x080012e0   0x080012e0   0x0000000a   Code   RO         2103    i.HAL_GPIO_WritePin  stm32f1xx_hal_gpio.o
    0x080012ea   0x080012ea   0x00000002   PAD
    0x080012ec   0x080012ec   0x0000000c   Code   RO         1793    i.HAL_GetTick       stm32f1xx_hal.o
    0x080012f8   0x080012f8   0x00000188   Code   RO         3085    i.HAL_I2C_Init      stm32f1xx_hal_i2c.o
    0x08001480   0x08001480   0x0000012c   Code   RO         3098    i.HAL_I2C_Master_Transmit  stm32f1xx_hal_i2c.o
    0x080015ac   0x080015ac   0x0000025c   Code   RO         3103    i.HAL_I2C_Mem_Read  stm32f1xx_hal_i2c.o
    0x08001808   0x08001808   0x00000060   Code   RO          430    i.HAL_I2C_MspInit   i2c.o
    0x08001868   0x08001868   0x00000010   Code   RO         1799    i.HAL_IncTick       stm32f1xx_hal.o
    0x08001878   0x08001878   0x00000024   Code   RO         1800    i.HAL_Init          stm32f1xx_hal.o
    0x0800189c   0x0800189c   0x00000098   Code   RO          734    i.HAL_InitTick      stm32f1xx_hal_timebase_tim.o
    0x08001934   0x08001934   0x00000048   Code   RO          710    i.HAL_MspInit       stm32f1xx_hal_msp.o
    0x0800197c   0x0800197c   0x0000001a   Code   RO         2259    i.HAL_NVIC_EnableIRQ  stm32f1xx_hal_cortex.o
    0x08001996   0x08001996   0x00000002   PAD
    0x08001998   0x08001998   0x00000040   Code   RO         2265    i.HAL_NVIC_SetPriority  stm32f1xx_hal_cortex.o
    0x080019d8   0x080019d8   0x00000024   Code   RO         2266    i.HAL_NVIC_SetPriorityGrouping  stm32f1xx_hal_cortex.o
    0x080019fc   0x080019fc   0x0000012c   Code   RO         1957    i.HAL_RCC_ClockConfig  stm32f1xx_hal_rcc.o
    0x08001b28   0x08001b28   0x00000040   Code   RO         1961    i.HAL_RCC_GetClockConfig  stm32f1xx_hal_rcc.o
    0x08001b68   0x08001b68   0x00000020   Code   RO         1964    i.HAL_RCC_GetPCLK1Freq  stm32f1xx_hal_rcc.o
    0x08001b88   0x08001b88   0x00000020   Code   RO         1965    i.HAL_RCC_GetPCLK2Freq  stm32f1xx_hal_rcc.o
    0x08001ba8   0x08001ba8   0x0000004c   Code   RO         1966    i.HAL_RCC_GetSysClockFreq  stm32f1xx_hal_rcc.o
    0x08001bf4   0x08001bf4   0x00000320   Code   RO         1969    i.HAL_RCC_OscConfig  stm32f1xx_hal_rcc.o
    0x08001f14   0x08001f14   0x000000b2   Code   RO         3522    i.HAL_SPI_Init      stm32f1xx_hal_spi.o
    0x08001fc6   0x08001fc6   0x00000002   PAD
    0x08001fc8   0x08001fc8   0x00000070   Code   RO          472    i.HAL_SPI_MspInit   spi.o
    0x08002038   0x08002038   0x00000064   Code   RO         2907    i.HAL_SRAM_Init     stm32f1xx_hal_sram.o
    0x0800209c   0x0800209c   0x00000004   Code   RO          383    i.HAL_SRAM_MspInit  fsmc.o
    0x080020a0   0x080020a0   0x00000002   Code   RO         1515    i.HAL_TIMEx_BreakCallback  stm32f1xx_hal_tim_ex.o
    0x080020a2   0x080020a2   0x00000002   Code   RO         1516    i.HAL_TIMEx_CommutCallback  stm32f1xx_hal_tim_ex.o
    0x080020a4   0x080020a4   0x0000007c   Code   RO         1534    i.HAL_TIMEx_MasterConfigSynchronization  stm32f1xx_hal_tim_ex.o
    0x08002120   0x08002120   0x0000005a   Code   RO          811    i.HAL_TIM_Base_Init  stm32f1xx_hal_tim.o
    0x0800217a   0x0800217a   0x00000002   PAD
    0x0800217c   0x0800217c   0x00000028   Code   RO          514    i.HAL_TIM_Base_MspInit  tim.o
    0x080021a4   0x080021a4   0x0000006c   Code   RO          816    i.HAL_TIM_Base_Start_IT  stm32f1xx_hal_tim.o
    0x08002210   0x08002210   0x000000dc   Code   RO          820    i.HAL_TIM_ConfigClockSource  stm32f1xx_hal_tim.o
    0x080022ec   0x080022ec   0x00000002   Code   RO          845    i.HAL_TIM_IC_CaptureCallback  stm32f1xx_hal_tim.o
    0x080022ee   0x080022ee   0x00000130   Code   RO          859    i.HAL_TIM_IRQHandler  stm32f1xx_hal_tim.o
    0x0800241e   0x0800241e   0x00000002   Code   RO          862    i.HAL_TIM_OC_DelayElapsedCallback  stm32f1xx_hal_tim.o
    0x08002420   0x08002420   0x00000002   Code   RO          889    i.HAL_TIM_PWM_PulseFinishedCallback  stm32f1xx_hal_tim.o
    0x08002422   0x08002422   0x00000002   PAD
    0x08002424   0x08002424   0x00000014   Code   RO           14    i.HAL_TIM_PeriodElapsedCallback  main.o
    0x08002438   0x08002438   0x00000002   Code   RO          902    i.HAL_TIM_TriggerCallback  stm32f1xx_hal_tim.o
    0x0800243a   0x0800243a   0x0000004a   Code   RO         3843    i.HAL_UARTEx_ReceiveToIdle_DMA  stm32f1xx_hal_uart.o
    0x08002484   0x08002484   0x00000100   Code   RO         6080    i.HAL_UARTEx_RxEventCallback  ble_data.o
    0x08002584   0x08002584   0x00000040   Code   RO         6081    i.HAL_UART_ErrorCallback  ble_data.o
    0x080025c4   0x080025c4   0x0000026c   Code   RO         3862    i.HAL_UART_IRQHandler  stm32f1xx_hal_uart.o
    0x08002830   0x08002830   0x00000064   Code   RO         3863    i.HAL_UART_Init     stm32f1xx_hal_uart.o
    0x08002894   0x08002894   0x00000164   Code   RO          556    i.HAL_UART_MspInit  usart.o
    0x080029f8   0x080029f8   0x0000001c   Code   RO         3867    i.HAL_UART_Receive_DMA  stm32f1xx_hal_uart.o
    0x08002a14   0x08002a14   0x0000001c   Code   RO         3868    i.HAL_UART_Receive_IT  stm32f1xx_hal_uart.o
    0x08002a30   0x08002a30   0x00000030   Code   RO          557    i.HAL_UART_RxCpltCallback  usart.o
    0x08002a60   0x08002a60   0x00000002   Code   RO         3870    i.HAL_UART_RxHalfCpltCallback  stm32f1xx_hal_uart.o
    0x08002a62   0x08002a62   0x000000a0   Code   RO         3871    i.HAL_UART_Transmit  stm32f1xx_hal_uart.o
    0x08002b02   0x08002b02   0x00000002   Code   RO         3874    i.HAL_UART_TxCpltCallback  stm32f1xx_hal_uart.o
    0x08002b04   0x08002b04   0x00000002   Code   RO          621    i.HardFault_Handler  stm32f1xx_it.o
    0x08002b06   0x08002b06   0x0000002e   Code   RO         3128    i.I2C_IsAcknowledgeFailed  stm32f1xx_hal_i2c.o
    0x08002b34   0x08002b34   0x0000009c   Code   RO         3132    i.I2C_MasterRequestWrite  stm32f1xx_hal_i2c.o
    0x08002bd0   0x08002bd0   0x000000fc   Code   RO         3138    i.I2C_RequestMemoryRead  stm32f1xx_hal_i2c.o
    0x08002ccc   0x08002ccc   0x00000056   Code   RO         3143    i.I2C_WaitOnBTFFlagUntilTimeout  stm32f1xx_hal_i2c.o
    0x08002d22   0x08002d22   0x00000002   PAD
    0x08002d24   0x08002d24   0x00000090   Code   RO         3144    i.I2C_WaitOnFlagUntilTimeout  stm32f1xx_hal_i2c.o
    0x08002db4   0x08002db4   0x000000bc   Code   RO         3145    i.I2C_WaitOnMasterAddressFlagUntilTimeout  stm32f1xx_hal_i2c.o
    0x08002e70   0x08002e70   0x00000070   Code   RO         3146    i.I2C_WaitOnRXNEFlagUntilTimeout  stm32f1xx_hal_i2c.o
    0x08002ee0   0x08002ee0   0x00000056   Code   RO         3147    i.I2C_WaitOnTXEFlagUntilTimeout  stm32f1xx_hal_i2c.o
    0x08002f36   0x08002f36   0x00000002   PAD
    0x08002f38   0x08002f38   0x00000014   Code   RO         6231    i.ILI9341_BackLed_Control  bsp_ili9341_lcd.o
    0x08002f4c   0x08002f4c   0x00000020   Code   RO         6232    i.ILI9341_Clear     bsp_ili9341_lcd.o
    0x08002f6c   0x08002f6c   0x00000010   Code   RO         6233    i.ILI9341_Delay     bsp_ili9341_lcd.o
    0x08002f7c   0x08002f7c   0x0000006c   Code   RO         6234    i.ILI9341_DispChar_EN  bsp_ili9341_lcd.o
    0x08002fe8   0x08002fe8   0x0000004c   Code   RO         6235    i.ILI9341_DispStringLine_EN  bsp_ili9341_lcd.o
    0x08003034   0x08003034   0x0000001c   Code   RO         6241    i.ILI9341_FillColor  bsp_ili9341_lcd.o
    0x08003050   0x08003050   0x00000088   Code   RO         6243    i.ILI9341_GramScan  bsp_ili9341_lcd.o
    0x080030d8   0x080030d8   0x00000020   Code   RO         6244    i.ILI9341_Init      bsp_ili9341_lcd.o
    0x080030f8   0x080030f8   0x00000040   Code   RO         6245    i.ILI9341_OpenWindow  bsp_ili9341_lcd.o
    0x08003138   0x08003138   0x000002e0   Code   RO         6246    i.ILI9341_REG_Config  bsp_ili9341_lcd.o
    0x08003418   0x08003418   0x00000048   Code   RO         6247    i.ILI9341_ReadID    bsp_ili9341_lcd.o
    0x08003460   0x08003460   0x00000028   Code   RO         6248    i.ILI9341_Rst       bsp_ili9341_lcd.o
    0x08003488   0x08003488   0x000002ac   Code   RO          256    i.LCDTask           freertos.o
    0x08003734   0x08003734   0x0000000c   Code   RO         6253    i.LCD_GetFont       bsp_ili9341_lcd.o
    0x08003740   0x08003740   0x0000000c   Code   RO         6256    i.LCD_SetFont       bsp_ili9341_lcd.o
    0x0800374c   0x0800374c   0x0000000c   Code   RO         6257    i.LCD_SetTextColor  bsp_ili9341_lcd.o
    0x08003758   0x08003758   0x00000094   Code   RO          257    i.LogTask           freertos.o
    0x080037ec   0x080037ec   0x00000020   Code   RO         5992    i.Log_Debug         log.o
    0x0800380c   0x0800380c   0x00000020   Code   RO         5993    i.Log_Error         log.o
    0x0800382c   0x0800382c   0x00000020   Code   RO         5996    i.Log_Info          log.o
    0x0800384c   0x0800384c   0x00000024   Code   RO         5997    i.Log_Init          log.o
    0x08003870   0x08003870   0x00000044   Code   RO         5999    i.Log_SendMessage   log.o
    0x080038b4   0x080038b4   0x00000020   Code   RO         6001    i.Log_Warn          log.o
    0x080038d4   0x080038d4   0x0000004c   Code   RO          357    i.MX_DMA_Init       dma.o
    0x08003920   0x08003920   0x000000ac   Code   RO          258    i.MX_FREERTOS_Init  freertos.o
    0x080039cc   0x080039cc   0x00000078   Code   RO          384    i.MX_FSMC_Init      fsmc.o
    0x08003a44   0x08003a44   0x00000110   Code   RO          231    i.MX_GPIO_Init      gpio.o
    0x08003b54   0x08003b54   0x00000040   Code   RO          431    i.MX_I2C2_Init      i2c.o
    0x08003b94   0x08003b94   0x00000048   Code   RO          473    i.MX_SPI1_Init      spi.o
    0x08003bdc   0x08003bdc   0x00000068   Code   RO          515    i.MX_TIM3_Init      tim.o
    0x08003c44   0x08003c44   0x00000038   Code   RO          558    i.MX_USART1_UART_Init  usart.o
    0x08003c7c   0x08003c7c   0x00000038   Code   RO          559    i.MX_USART2_UART_Init  usart.o
    0x08003cb4   0x08003cb4   0x00000002   Code   RO          622    i.MemManage_Handler  stm32f1xx_it.o
    0x08003cb6   0x08003cb6   0x00000024   Code   RO         6462    i.Modbus_BuildExceptionResponse  modbus.o
    0x08003cda   0x08003cda   0x0000003c   Code   RO         6463    i.Modbus_BuildResponse  modbus.o
    0x08003d16   0x08003d16   0x00000002   PAD
    0x08003d18   0x08003d18   0x0000002c   Code   RO         6464    i.Modbus_CalculateCRC16  modbus.o
    0x08003d44   0x08003d44   0x0000004c   Code   RO         6465    i.Modbus_Init       modbus.o
    0x08003d90   0x08003d90   0x00000026   Code   RO         6466    i.Modbus_IsModbusCommand  modbus.o
    0x08003db6   0x08003db6   0x00000002   PAD
    0x08003db8   0x08003db8   0x0000046c   Code   RO         6467    i.Modbus_ProcessRequest  modbus.o
    0x08004224   0x08004224   0x00000038   Code   RO         6471    i.Modbus_ValidateCRC  modbus.o
    0x0800425c   0x0800425c   0x0000000c   Code   RO          259    i.MonitorTask       freertos.o
    0x08004268   0x08004268   0x00000002   Code   RO          623    i.NMI_Handler       stm32f1xx_it.o
    0x0800426a   0x0800426a   0x00000002   PAD
    0x0800426c   0x0800426c   0x0000000c   Code   RO         6164    i.PressureSensor_GetLatestValue  pressure.o
    0x08004278   0x08004278   0x00000054   Code   RO         6166    i.PressureSensor_Init  pressure.o
    0x080042cc   0x080042cc   0x00000090   Code   RO         6167    i.PressureSensor_ReadData  pressure.o
    0x0800435c   0x0800435c   0x00000020   Code   RO         6169    i.PressureSensor_UpdateValue  pressure.o
    0x0800437c   0x0800437c   0x00000140   Code   RO          260    i.PressureTask      freertos.o
    0x080044bc   0x080044bc   0x00000044   Code   RO         6473    i.SensorData_Init   modbus.o
    0x08004500   0x08004500   0x00000070   Code   RO         6475    i.SensorData_UpdatePressure  modbus.o
    0x08004570   0x08004570   0x0000001a   Code   RO         5344    i.SysTick_Handler   cmsis_os2.o
    0x0800458a   0x0800458a   0x0000005e   Code   RO           15    i.SystemClock_Config  main.o
    0x080045e8   0x080045e8   0x00000002   Code   RO         4197    i.SystemInit        system_stm32f1xx.o
    0x080045ea   0x080045ea   0x00000002   PAD
    0x080045ec   0x080045ec   0x0000000c   Code   RO          624    i.TIM6_IRQHandler   stm32f1xx_it.o
    0x080045f8   0x080045f8   0x0000009c   Code   RO          904    i.TIM_Base_SetConfig  stm32f1xx_hal_tim.o
    0x08004694   0x08004694   0x00000014   Code   RO          915    i.TIM_ETR_SetConfig  stm32f1xx_hal_tim.o
    0x080046a8   0x080046a8   0x00000010   Code   RO          916    i.TIM_ITRx_SetConfig  stm32f1xx_hal_tim.o
    0x080046b8   0x080046b8   0x00000022   Code   RO          922    i.TIM_TI1_ConfigInputStage  stm32f1xx_hal_tim.o
    0x080046da   0x080046da   0x00000024   Code   RO          924    i.TIM_TI2_ConfigInputStage  stm32f1xx_hal_tim.o
    0x080046fe   0x080046fe   0x00000002   PAD
    0x08004700   0x08004700   0x000000bc   Code   RO         6085    i.UART2_StartReceive  ble_data.o
    0x080047bc   0x080047bc   0x00000010   Code   RO         3876    i.UART_DMAAbortOnError  stm32f1xx_hal_uart.o
    0x080047cc   0x080047cc   0x0000004a   Code   RO         3877    i.UART_DMAError     stm32f1xx_hal_uart.o
    0x08004816   0x08004816   0x00000086   Code   RO         3878    i.UART_DMAReceiveCplt  stm32f1xx_hal_uart.o
    0x0800489c   0x0800489c   0x0000001e   Code   RO         3880    i.UART_DMARxHalfCplt  stm32f1xx_hal_uart.o
    0x080048ba   0x080048ba   0x0000004e   Code   RO         3886    i.UART_EndRxTransfer  stm32f1xx_hal_uart.o
    0x08004908   0x08004908   0x0000001c   Code   RO         3887    i.UART_EndTxTransfer  stm32f1xx_hal_uart.o
    0x08004924   0x08004924   0x000000c2   Code   RO         3888    i.UART_Receive_IT   stm32f1xx_hal_uart.o
    0x080049e6   0x080049e6   0x00000002   PAD
    0x080049e8   0x080049e8   0x000000b8   Code   RO         3889    i.UART_SetConfig    stm32f1xx_hal_uart.o
    0x08004aa0   0x08004aa0   0x00000090   Code   RO         3890    i.UART_Start_Receive_DMA  stm32f1xx_hal_uart.o
    0x08004b30   0x08004b30   0x00000036   Code   RO         3891    i.UART_Start_Receive_IT  stm32f1xx_hal_uart.o
    0x08004b66   0x08004b66   0x00000072   Code   RO         3892    i.UART_WaitOnFlagUntilTimeout  stm32f1xx_hal_uart.o
    0x08004bd8   0x08004bd8   0x0000000c   Code   RO          625    i.USART1_IRQHandler  stm32f1xx_it.o
    0x08004be4   0x08004be4   0x0000000c   Code   RO          626    i.USART2_IRQHandler  stm32f1xx_it.o
    0x08004bf0   0x08004bf0   0x00000002   Code   RO          627    i.UsageFault_Handler  stm32f1xx_it.o
    0x08004bf2   0x08004bf2   0x00000002   PAD
    0x08004bf4   0x08004bf4   0x00000154   Code   RO          261    i.Usart2Task        freertos.o
    0x08004d48   0x08004d48   0x00000034   Code   RO         6866    i.__0snprintf       mc_w.l(printfa.o)
    0x08004d7c   0x08004d7c   0x00000028   Code   RO         6867    i.__0sprintf        mc_w.l(printfa.o)
    0x08004da4   0x08004da4   0x00000034   Code   RO         6870    i.__0vsnprintf      mc_w.l(printfa.o)
    0x08004dd8   0x08004dd8   0x00000020   Code   RO         2272    i.__NVIC_SetPriority  stm32f1xx_hal_cortex.o
    0x08004df8   0x08004df8   0x0000000e   Code   RO         6951    i.__scatterload_copy  mc_w.l(handlers.o)
    0x08004e06   0x08004e06   0x00000002   Code   RO         6952    i.__scatterload_null  mc_w.l(handlers.o)
    0x08004e08   0x08004e08   0x0000000e   Code   RO         6953    i.__scatterload_zeroinit  mc_w.l(handlers.o)
    0x08004e16   0x08004e16   0x00000002   PAD
    0x08004e18   0x08004e18   0x00000184   Code   RO         6872    i._fp_digits        mc_w.l(printfa.o)
    0x08004f9c   0x08004f9c   0x000006b4   Code   RO         6873    i._printf_core      mc_w.l(printfa.o)
    0x08005650   0x08005650   0x00000024   Code   RO         6874    i._printf_post_padding  mc_w.l(printfa.o)
    0x08005674   0x08005674   0x0000002e   Code   RO         6875    i._printf_pre_padding  mc_w.l(printfa.o)
    0x080056a2   0x080056a2   0x00000016   Code   RO         6876    i._snputc           mc_w.l(printfa.o)
    0x080056b8   0x080056b8   0x0000000a   Code   RO         6877    i._sputc            mc_w.l(printfa.o)
    0x080056c2   0x080056c2   0x00000036   Code   RO           16    i.main              main.o
    0x080056f8   0x080056f8   0x0000001a   Code   RO         5346    i.osDelay           cmsis_os2.o
    0x08005712   0x08005712   0x0000000e   Code   RO         5358    i.osKernelGetTickCount  cmsis_os2.o
    0x08005720   0x08005720   0x00000024   Code   RO         5360    i.osKernelInitialize  cmsis_os2.o
    0x08005744   0x08005744   0x00000038   Code   RO         5363    i.osKernelStart     cmsis_os2.o
    0x0800577c   0x0800577c   0x00000064   Code   RO         5375    i.osMessageQueueGet  cmsis_os2.o
    0x080057e0   0x080057e0   0x00000058   Code   RO         5380    i.osMessageQueueNew  cmsis_os2.o
    0x08005838   0x08005838   0x00000068   Code   RO         5381    i.osMessageQueuePut  cmsis_os2.o
    0x080058a0   0x080058a0   0x00000052   Code   RO         5383    i.osMutexAcquire    cmsis_os2.o
    0x080058f2   0x080058f2   0x00000068   Code   RO         5386    i.osMutexNew        cmsis_os2.o
    0x0800595a   0x0800595a   0x00000042   Code   RO         5387    i.osMutexRelease    cmsis_os2.o
    0x0800599c   0x0800599c   0x00000074   Code   RO         5397    i.osThreadFlagsSet  cmsis_os2.o
    0x08005a10   0x08005a10   0x00000096   Code   RO         5398    i.osThreadFlagsWait  cmsis_os2.o
    0x08005aa6   0x08005aa6   0x00000002   PAD
    0x08005aa8   0x08005aa8   0x0000008a   Code   RO         5405    i.osThreadNew       cmsis_os2.o
    0x08005b32   0x08005b32   0x00000002   PAD
    0x08005b34   0x08005b34   0x0000005c   Code   RO         4805    i.prvAddCurrentTaskToDelayedList  tasks.o
    0x08005b90   0x08005b90   0x000000d0   Code   RO         4806    i.prvAddNewTaskToReadyList  tasks.o
    0x08005c60   0x08005c60   0x00000058   Code   RO         5170    i.prvCheckForValidListAndQueue  timers.o
    0x08005cb8   0x08005cb8   0x00000026   Code   RO         4402    i.prvCopyDataFromQueue  queue.o
    0x08005cde   0x08005cde   0x0000006c   Code   RO         4403    i.prvCopyDataToQueue  queue.o
    0x08005d4a   0x08005d4a   0x00000034   Code   RO         4807    i.prvDeleteTCB      tasks.o
    0x08005d7e   0x08005d7e   0x00000002   PAD
    0x08005d80   0x08005d80   0x0000004c   Code   RO         5857    i.prvHeapInit       heap_4.o
    0x08005dcc   0x08005dcc   0x00000060   Code   RO         4808    i.prvIdleTask       tasks.o
    0x08005e2c   0x08005e2c   0x00000016   Code   RO         4404    i.prvInitialiseMutex  queue.o
    0x08005e42   0x08005e42   0x00000002   PAD
    0x08005e44   0x08005e44   0x00000022   Code   RO         4405    i.prvInitialiseNewQueue  queue.o
    0x08005e66   0x08005e66   0x00000002   PAD
    0x08005e68   0x08005e68   0x000000b0   Code   RO         4809    i.prvInitialiseNewTask  tasks.o
    0x08005f18   0x08005f18   0x0000004c   Code   RO         5858    i.prvInsertBlockIntoFreeList  heap_4.o
    0x08005f64   0x08005f64   0x00000038   Code   RO         5172    i.prvInsertTimerInActiveList  timers.o
    0x08005f9c   0x08005f9c   0x0000001c   Code   RO         4406    i.prvIsQueueEmpty   queue.o
    0x08005fb8   0x08005fb8   0x000000fc   Code   RO         5173    i.prvProcessReceivedCommands  timers.o
    0x080060b4   0x080060b4   0x000000c0   Code   RO         5174    i.prvProcessTimerOrBlockTask  timers.o
    0x08006174   0x08006174   0x00000020   Code   RO         4811    i.prvResetNextTaskUnblockTime  tasks.o
    0x08006194   0x08006194   0x00000028   Code   RO         5175    i.prvSampleTimeNow  timers.o
    0x080061bc   0x080061bc   0x0000006c   Code   RO         5176    i.prvSwitchTimerLists  timers.o
    0x08006228   0x08006228   0x00000028   Code   RO         5913    i.prvTaskExitError  port.o
    0x08006250   0x08006250   0x00000024   Code   RO         5177    i.prvTimerTask      timers.o
    0x08006274   0x08006274   0x0000006a   Code   RO         4407    i.prvUnlockQueue    queue.o
    0x080062de   0x080062de   0x00000002   PAD
    0x080062e0   0x080062e0   0x000000dc   Code   RO         5859    i.pvPortMalloc      heap_4.o
    0x080063bc   0x080063bc   0x00000018   Code   RO         4814    i.pvTaskIncrementMutexHeldCount  tasks.o
    0x080063d4   0x080063d4   0x00000024   Code   RO         5914    i.pxPortInitialiseStack  port.o
    0x080063f8   0x080063f8   0x00000026   Code   RO         4362    i.uxListRemove      list.o
    0x0800641e   0x0800641e   0x00000002   PAD
    0x08006420   0x08006420   0x00000014   Code   RO         5417    i.vApplicationGetIdleTaskMemory  cmsis_os2.o
    0x08006434   0x08006434   0x00000018   Code   RO         5418    i.vApplicationGetTimerTaskMemory  cmsis_os2.o
    0x0800644c   0x0800644c   0x00000016   Code   RO         4363    i.vListInitialise   list.o
    0x08006462   0x08006462   0x00000006   Code   RO         4364    i.vListInitialiseItem  list.o
    0x08006468   0x08006468   0x00000030   Code   RO         4365    i.vListInsert       list.o
    0x08006498   0x08006498   0x00000018   Code   RO         4366    i.vListInsertEnd    list.o
    0x080064b0   0x080064b0   0x00000040   Code   RO         5916    i.vPortEnterCritical  port.o
    0x080064f0   0x080064f0   0x00000028   Code   RO         5917    i.vPortExitCritical  port.o
    0x08006518   0x08006518   0x00000064   Code   RO         5860    i.vPortFree         heap_4.o
    0x0800657c   0x0800657c   0x00000024   Code   RO         5918    i.vPortSetupTimerInterrupt  port.o
    0x080065a0   0x080065a0   0x00000054   Code   RO         5919    i.vPortValidateInterruptPriority  port.o
    0x080065f4   0x080065f4   0x00000028   Code   RO         4413    i.vQueueAddToRegistry  queue.o
    0x0800661c   0x0800661c   0x00000044   Code   RO         4417    i.vQueueWaitForMessageRestricted  queue.o
    0x08006660   0x08006660   0x0000004c   Code   RO         4824    i.vTaskDelay        tasks.o
    0x080066ac   0x080066ac   0x00000010   Code   RO         4829    i.vTaskInternalSetTimeOutState  tasks.o
    0x080066bc   0x080066bc   0x0000000c   Code   RO         4830    i.vTaskMissedYield  tasks.o
    0x080066c8   0x080066c8   0x00000030   Code   RO         4832    i.vTaskPlaceOnEventList  tasks.o
    0x080066f8   0x080066f8   0x00000038   Code   RO         4833    i.vTaskPlaceOnEventListRestricted  tasks.o
    0x08006730   0x08006730   0x00000090   Code   RO         4835    i.vTaskPriorityDisinheritAfterTimeout  tasks.o
    0x080067c0   0x080067c0   0x00000088   Code   RO         4841    i.vTaskStartScheduler  tasks.o
    0x08006848   0x08006848   0x00000010   Code   RO         4843    i.vTaskSuspendAll   tasks.o
    0x08006858   0x08006858   0x00000064   Code   RO         4844    i.vTaskSwitchContext  tasks.o
    0x080068bc   0x080068bc   0x000000a8   Code   RO         5920    i.xPortStartScheduler  port.o
    0x08006964   0x08006964   0x0000002c   Code   RO         5921    i.xPortSysTickHandler  port.o
    0x08006990   0x08006990   0x00000016   Code   RO         4420    i.xQueueCreateMutex  queue.o
    0x080069a6   0x080069a6   0x0000001a   Code   RO         4421    i.xQueueCreateMutexStatic  queue.o
    0x080069c0   0x080069c0   0x00000042   Code   RO         4422    i.xQueueGenericCreate  queue.o
    0x08006a02   0x08006a02   0x00000066   Code   RO         4423    i.xQueueGenericCreateStatic  queue.o
    0x08006a68   0x08006a68   0x00000088   Code   RO         4424    i.xQueueGenericReset  queue.o
    0x08006af0   0x08006af0   0x00000160   Code   RO         4425    i.xQueueGenericSend  queue.o
    0x08006c50   0x08006c50   0x000000be   Code   RO         4426    i.xQueueGenericSendFromISR  queue.o
    0x08006d0e   0x08006d0e   0x0000003e   Code   RO         4430    i.xQueueGiveMutexRecursive  queue.o
    0x08006d4c   0x08006d4c   0x00000138   Code   RO         4435    i.xQueueReceive     queue.o
    0x08006e84   0x08006e84   0x0000009a   Code   RO         4436    i.xQueueReceiveFromISR  queue.o
    0x08006f1e   0x08006f1e   0x00000002   PAD
    0x08006f20   0x08006f20   0x00000178   Code   RO         4437    i.xQueueSemaphoreTake  queue.o
    0x08007098   0x08007098   0x00000040   Code   RO         4438    i.xQueueTakeMutexRecursive  queue.o
    0x080070d8   0x080070d8   0x00000074   Code   RO         4846    i.xTaskCheckForTimeOut  tasks.o
    0x0800714c   0x0800714c   0x0000005a   Code   RO         4847    i.xTaskCreate       tasks.o
    0x080071a6   0x080071a6   0x00000056   Code   RO         4848    i.xTaskCreateStatic  tasks.o
    0x080071fc   0x080071fc   0x000000e0   Code   RO         4849    i.xTaskGenericNotify  tasks.o
    0x080072dc   0x080072dc   0x00000104   Code   RO         4850    i.xTaskGenericNotifyFromISR  tasks.o
    0x080073e0   0x080073e0   0x0000000c   Code   RO         4851    i.xTaskGetCurrentTaskHandle  tasks.o
    0x080073ec   0x080073ec   0x0000001c   Code   RO         4852    i.xTaskGetSchedulerState  tasks.o
    0x08007408   0x08007408   0x0000000c   Code   RO         4853    i.xTaskGetTickCount  tasks.o
    0x08007414   0x08007414   0x00000010   Code   RO         4854    i.xTaskGetTickCountFromISR  tasks.o
    0x08007424   0x08007424   0x000000c8   Code   RO         4855    i.xTaskIncrementTick  tasks.o
    0x080074ec   0x080074ec   0x0000008c   Code   RO         4857    i.xTaskNotifyWait   tasks.o
    0x08007578   0x08007578   0x00000080   Code   RO         4858    i.xTaskPriorityDisinherit  tasks.o
    0x080075f8   0x080075f8   0x00000078   Code   RO         4859    i.xTaskPriorityInherit  tasks.o
    0x08007670   0x08007670   0x00000070   Code   RO         4860    i.xTaskRemoveFromEventList  tasks.o
    0x080076e0   0x080076e0   0x000000c4   Code   RO         4861    i.xTaskResumeAll    tasks.o
    0x080077a4   0x080077a4   0x00000060   Code   RO         5186    i.xTimerCreateTimerTask  timers.o
    0x08007804   0x08007804   0x00000068   Code   RO         5187    i.xTimerGenericCommand  timers.o
    0x0800786c   0x0800786c   0x00000128   Data   RO          263    .constdata          freertos.o
    0x08007994   0x08007994   0x00000012   Data   RO         1970    .constdata          stm32f1xx_hal_rcc.o
    0x080079a6   0x080079a6   0x00000010   Data   RO         4198    .constdata          system_stm32f1xx.o
    0x080079b6   0x080079b6   0x00000008   Data   RO         4199    .constdata          system_stm32f1xx.o
    0x080079be   0x080079be   0x000005f0   Data   RO         6433    .constdata          fonts.o
    0x08007fae   0x08007fae   0x00000200   Data   RO         6479    .constdata          modbus.o
    0x080081ae   0x080081ae   0x00000002   PAD
    0x080081b0   0x080081b0   0x00000094   Data   RO          264    .conststring        freertos.o
    0x08008244   0x08008244   0x00000096   Data   RO         6480    .conststring        modbus.o
    0x080082da   0x080082da   0x00000002   PAD
    0x080082dc   0x080082dc   0x00000020   Data   RO         6949    Region$$Table       anon$$obj.o


    Execution Region RW_IRAM1 (Exec base: 0x20000000, Load base: 0x080082fc, Size: 0x000067d0, Max: 0x00010000, ABSOLUTE)

    Exec Addr    Load Addr    Size         Type   Attr      Idx    E Section Name        Object

    0x20000000   0x080082fc   0x0000002c   Data   RW          265    .data               freertos.o
    0x2000002c   0x08008328   0x00000008   Data   RW          386    .data               fsmc.o
    0x20000034   0x08008330   0x0000000c   Data   RW         1807    .data               stm32f1xx_hal.o
    0x20000040   0x0800833c   0x00000004   Data   RW         4200    .data               system_stm32f1xx.o
    0x20000044   0x08008340   0x0000003c   Data   RW         4864    .data               tasks.o
    0x20000080   0x0800837c   0x00000014   Data   RW         5195    .data               timers.o
    0x20000094   0x08008390   0x00000004   Data   RW         5420    .data               cmsis_os2.o
    0x20000098   0x08008394   0x00000020   Data   RW         5866    .data               heap_4.o
    0x200000b8   0x080083b4   0x0000000c   Data   RW         5922    .data               port.o
    0x200000c4   0x080083c0   0x00000001   Data   RW         6002    .data               log.o
    0x200000c5   0x080083c1   0x00000001   PAD
    0x200000c6   0x080083c2   0x00000004   Data   RW         6088    .data               ble_data.o
    0x200000ca   0x080083c6   0x00000001   Data   RW         6089    .data               ble_data.o
    0x200000cb   0x080083c7   0x00000001   PAD
    0x200000cc   0x080083c8   0x00000004   Data   RW         6172    .data               pressure.o
    0x200000d0   0x080083cc   0x00000010   Data   RW         6258    .data               bsp_ili9341_lcd.o
    0x200000e0   0x080083dc   0x00000008   Data   RW         6436    .data               fonts.o
    0x200000e8   0x080083e4   0x00000008   Data   RW         6481    .data               modbus.o
    0x200000f0        -       0x00000100   Zero   RW          262    .bss                freertos.o
    0x200001f0        -       0x00000048   Zero   RW          385    .bss                fsmc.o
    0x20000238        -       0x00000054   Zero   RW          432    .bss                i2c.o
    0x2000028c        -       0x00000058   Zero   RW          474    .bss                spi.o
    0x200002e4        -       0x00000048   Zero   RW          516    .bss                tim.o
    0x2000032c        -       0x0000015c   Zero   RW          561    .bss                usart.o
    0x20000488        -       0x00000048   Zero   RW          737    .bss                stm32f1xx_hal_timebase_tim.o
    0x200004d0        -       0x00000040   Zero   RW         4439    .bss                queue.o
    0x20000510        -       0x000004c4   Zero   RW         4863    .bss                tasks.o
    0x200009d4        -       0x00000118   Zero   RW         5194    .bss                timers.o
    0x20000aec        -       0x000006b8   Zero   RW         5419    .bss                cmsis_os2.o
    0x200011a4        -       0x00005000   Zero   RW         5865    .bss                heap_4.o
    0x200061a4        -       0x00000200   Zero   RW         6087    .bss                ble_data.o
    0x200063a4   0x080083ec   0x00000004   PAD
    0x200063a8        -       0x00000028   Zero   RW         6478    .bss                modbus.o
    0x200063d0        -       0x00000400   Zero   RW            1    STACK               startup_stm32f103xe.o


==============================================================================

Image component sizes


      Code (inc. data)   RO Data    RW Data    ZI Data      Debug   Object Name

       920        522          0          5        512       4533   ble_data.o
      1396         88          0         16          0      17286   bsp_ili9341_lcd.o
      1150         36          0          4       1720      66576   cmsis_os2.o
        76          4          0          0          0        710   dma.o
         0          0          0          0          0      19456   event_groups.o
         0          0       1520          8          0       1189   fonts.o
      1844        620        444         44        256       7387   freertos.o
       228         30          0          8         72       1999   fsmc.o
       272         16          0          0          0        951   gpio.o
       472         24          0         32      20480       4579   heap_4.o
       160         28          0          0         84       1505   i2c.o
       138          0          0          0          0       3210   list.o
       232         34          0          1          0       4197   log.o
       172          6          0          0          0     524892   main.o
      1622        734        662          8         40       9849   modbus.o
       662         70          0         12          0      10353   port.o
       272         48          0          4          0       3588   pressure.o
      2306         24          0          0         64      24111   queue.o
       184         24          0          0         88       1529   spi.o
        36          8        304          0       1024        772   startup_stm32f103xe.o
       100         18          0         12          0       5634   stm32f1xx_hal.o
       158         14          0          0          0      28030   stm32f1xx_hal_cortex.o
      1236         52          0          0          0       4902   stm32f1xx_hal_dma.o
       514         42          0          0          0       2812   stm32f1xx_hal_gpio.o
      2366         56          0          0          0      12372   stm32f1xx_hal_i2c.o
        72         10          0          0          0        810   stm32f1xx_hal_msp.o
      1304         94         18          0          0       5517   stm32f1xx_hal_rcc.o
       178          0          0          0          0       1095   stm32f1xx_hal_spi.o
       100          0          0          0          0       1152   stm32f1xx_hal_sram.o
       992         42          0          0          0       9445   stm32f1xx_hal_tim.o
       128         20          0          0          0       2277   stm32f1xx_hal_tim_ex.o
       152         20          0          0         72       1383   stm32f1xx_hal_timebase_tim.o
      2064         24          0          0          0      14687   stm32f1xx_hal_uart.o
        84         36          0          0          0       4868   stm32f1xx_it.o
       224         14          0          0          0       3763   stm32f1xx_ll_fsmc.o
         0          0          0          0          0        392   stream_buffer.o
         2          0         24          4          0       1023   system_stm32f1xx.o
      3024        252          0         60       1220      32611   tasks.o
       144         20          0          0         72       1502   tim.o
       972         80          0         20        280      31495   timers.o
       516         60          0          0        348       3044   usart.o

    ----------------------------------------------------------------------
     26522       3170       3008        240      26336     877486   Object Totals
         0          0         32          0          0          0   (incl. Generated)
        50          0          4          2          4          0   (incl. Padding)

    ----------------------------------------------------------------------

      Code (inc. data)   RO Data    RW Data    ZI Data      Debug   Library Member Name

         0          0          0          0          0          0   entry.o
         0          0          0          0          0          0   entry10a.o
         0          0          0          0          0          0   entry11a.o
         4          0          0          0          0          0   entry12b.o
         8          4          0          0          0          0   entry2.o
         4          0          0          0          0          0   entry5.o
         0          0          0          0          0          0   entry7b.o
         0          0          0          0          0          0   entry8b.o
         8          4          0          0          0          0   entry9a.o
        30          0          0          0          0          0   handlers.o
        36          8          0          0          0         68   init.o
         0          0          0          0          0          0   iusefp.o
        30          0          0          0          0         68   llshl.o
        36          0          0          0          0         68   llsshr.o
        32          0          0          0          0         68   llushr.o
        36          0          0          0          0         68   memcpya.o
        36          0          0          0          0        108   memseta.o
      2362         96          0          0          0        768   printfa.o
        14          0          0          0          0         68   strlen.o
        24          0          0          0          0         76   strncpy.o
        44          0          0          0          0         80   uidiv.o
        98          0          0          0          0         92   uldiv.o
        48          0          0          0          0         68   cdcmple.o
        48          0          0          0          0         68   cdrcmple.o
       334          0          0          0          0        148   dadd.o
       222          0          0          0          0        100   ddiv.o
       186          0          0          0          0        176   depilogue.o
        50          0          0          0          0         76   dfixui.o
        48          0          0          0          0         68   dfixul.o
        34          0          0          0          0         76   dflti.o
       228          0          0          0          0         96   dmul.o

    ----------------------------------------------------------------------
      4002        112          0          0          0       2408   Library Totals
         2          0          0          0          0          0   (incl. Padding)

    ----------------------------------------------------------------------

      Code (inc. data)   RO Data    RW Data    ZI Data      Debug   Library Name

      2802        112          0          0          0       1532   mc_w.l
      1198          0          0          0          0        876   mf_w.l

    ----------------------------------------------------------------------
      4002        112          0          0          0       2408   Library Totals

    ----------------------------------------------------------------------

==============================================================================


      Code (inc. data)   RO Data    RW Data    ZI Data      Debug   

     30524       3282       3008        240      26336     866110   Grand Totals
     30524       3282       3008        240      26336     866110   ELF Image Totals
     30524       3282       3008        240          0          0   ROM Totals

==============================================================================

    Total RO  Size (Code + RO Data)                33532 (  32.75kB)
    Total RW  Size (RW Data + ZI Data)             26576 (  25.95kB)
    Total ROM Size (Code + RO Data + RW Data)      33772 (  32.98kB)

==============================================================================

