Component: ARM Compiler 5.06 update 7 (build 960) Tool: armlink [4d3601]

==============================================================================

Section Cross References

    startup_stm32f103xe.o(RESET) refers to startup_stm32f103xe.o(STACK) for __initial_sp
    startup_stm32f103xe.o(RESET) refers to startup_stm32f103xe.o(.text) for Reset_Handler
    startup_stm32f103xe.o(RESET) refers to stm32f1xx_it.o(i.NMI_Handler) for NMI_Handler
    startup_stm32f103xe.o(RESET) refers to stm32f1xx_it.o(i.HardFault_Handler) for HardFault_Handler
    startup_stm32f103xe.o(RESET) refers to stm32f1xx_it.o(i.MemManage_Handler) for MemManage_Handler
    startup_stm32f103xe.o(RESET) refers to stm32f1xx_it.o(i.BusFault_Handler) for BusFault_Handler
    startup_stm32f103xe.o(RESET) refers to stm32f1xx_it.o(i.UsageFault_Handler) for UsageFault_Handler
    startup_stm32f103xe.o(RESET) refers to port.o(.emb_text) for SVC_Handler
    startup_stm32f103xe.o(RESET) refers to stm32f1xx_it.o(i.DebugMon_Handler) for DebugMon_Handler
    startup_stm32f103xe.o(RESET) refers to cmsis_os2.o(i.SysTick_Handler) for SysTick_Handler
    startup_stm32f103xe.o(RESET) refers to stm32f1xx_it.o(i.DMA1_Channel2_IRQHandler) for DMA1_Channel2_IRQHandler
    startup_stm32f103xe.o(RESET) refers to stm32f1xx_it.o(i.DMA1_Channel3_IRQHandler) for DMA1_Channel3_IRQHandler
    startup_stm32f103xe.o(RESET) refers to stm32f1xx_it.o(i.DMA1_Channel4_IRQHandler) for DMA1_Channel4_IRQHandler
    startup_stm32f103xe.o(RESET) refers to stm32f1xx_it.o(i.DMA1_Channel6_IRQHandler) for DMA1_Channel6_IRQHandler
    startup_stm32f103xe.o(RESET) refers to stm32f1xx_it.o(i.DMA1_Channel7_IRQHandler) for DMA1_Channel7_IRQHandler
    startup_stm32f103xe.o(RESET) refers to stm32f1xx_it.o(i.USART1_IRQHandler) for USART1_IRQHandler
    startup_stm32f103xe.o(RESET) refers to stm32f1xx_it.o(i.USART2_IRQHandler) for USART2_IRQHandler
    startup_stm32f103xe.o(RESET) refers to stm32f1xx_it.o(i.TIM6_IRQHandler) for TIM6_IRQHandler
    startup_stm32f103xe.o(.text) refers to system_stm32f1xx.o(i.SystemInit) for SystemInit
    startup_stm32f103xe.o(.text) refers to entry.o(.ARM.Collect$$$$00000000) for __main
    main.o(i.HAL_TIM_PeriodElapsedCallback) refers to stm32f1xx_hal.o(i.HAL_IncTick) for HAL_IncTick
    main.o(i.SystemClock_Config) refers to memseta.o(.text) for __aeabi_memclr4
    main.o(i.SystemClock_Config) refers to stm32f1xx_hal_rcc.o(i.HAL_RCC_OscConfig) for HAL_RCC_OscConfig
    main.o(i.SystemClock_Config) refers to stm32f1xx_hal_rcc.o(i.HAL_RCC_ClockConfig) for HAL_RCC_ClockConfig
    main.o(i.main) refers to stm32f1xx_hal.o(i.HAL_Init) for HAL_Init
    main.o(i.main) refers to main.o(i.SystemClock_Config) for SystemClock_Config
    main.o(i.main) refers to gpio.o(i.MX_GPIO_Init) for MX_GPIO_Init
    main.o(i.main) refers to dma.o(i.MX_DMA_Init) for MX_DMA_Init
    main.o(i.main) refers to usart.o(i.MX_USART1_UART_Init) for MX_USART1_UART_Init
    main.o(i.main) refers to usart.o(i.MX_USART2_UART_Init) for MX_USART2_UART_Init
    main.o(i.main) refers to fsmc.o(i.MX_FSMC_Init) for MX_FSMC_Init
    main.o(i.main) refers to spi.o(i.MX_SPI1_Init) for MX_SPI1_Init
    main.o(i.main) refers to tim.o(i.MX_TIM3_Init) for MX_TIM3_Init
    main.o(i.main) refers to usart.o(i.MX_USART3_UART_Init) for MX_USART3_UART_Init
    main.o(i.main) refers to i2c.o(i.MX_I2C1_Init) for MX_I2C1_Init
    main.o(i.main) refers to cmsis_os2.o(i.osKernelInitialize) for osKernelInitialize
    main.o(i.main) refers to freertos.o(i.MX_FREERTOS_Init) for MX_FREERTOS_Init
    main.o(i.main) refers to cmsis_os2.o(i.osKernelStart) for osKernelStart
    gpio.o(i.MX_GPIO_Init) refers to stm32f1xx_hal_gpio.o(i.HAL_GPIO_WritePin) for HAL_GPIO_WritePin
    gpio.o(i.MX_GPIO_Init) refers to stm32f1xx_hal_gpio.o(i.HAL_GPIO_Init) for HAL_GPIO_Init
    freertos.o(i.BLETask) refers to cmsis_os2.o(i.osDelay) for osDelay
    freertos.o(i.BLETask) refers to log.o(i.Log_Info) for Log_Info
    freertos.o(i.BLETask) refers to cmsis_os2.o(i.osThreadGetId) for osThreadGetId
    freertos.o(i.BLETask) refers to cmsis_os2.o(i.osThreadSuspend) for osThreadSuspend
    freertos.o(i.BLETask) refers to stm32f1xx_hal_uart.o(i.HAL_UART_Transmit) for HAL_UART_Transmit
    freertos.o(i.BLETask) refers to usart.o(.bss) for huart2
    freertos.o(i.DHT11Task) refers to cmsis_os2.o(i.osDelay) for osDelay
    freertos.o(i.DHT11Task) refers to log.o(i.Log_Info) for Log_Info
    freertos.o(i.DHT11Task) refers to cmsis_os2.o(i.osThreadGetId) for osThreadGetId
    freertos.o(i.DHT11Task) refers to cmsis_os2.o(i.osThreadSuspend) for osThreadSuspend
    freertos.o(i.DHT11Task) refers to bsp_dwt.o(i.DWT_Init) for DWT_Init
    freertos.o(i.DHT11Task) refers to bsp_dht11.o(i.DHT11_Init) for DHT11_Init
    freertos.o(i.DHT11Task) refers to cmsis_os2.o(i.osThreadFlagsWait) for osThreadFlagsWait
    freertos.o(i.DHT11Task) refers to log.o(i.Log_Debug) for Log_Debug
[...]
    _printf_i                                0x00000000   Number         0  stubs.o ABSOLUTE
    _printf_int_dec                          0x00000000   Number         0  stubs.o ABSOLUTE
    _printf_l                                0x00000000   Number         0  stubs.o ABSOLUTE
    _printf_lc                               0x00000000   Number         0  stubs.o ABSOLUTE
    _printf_ll                               0x00000000   Number         0  stubs.o ABSOLUTE
    _printf_lld                              0x00000000   Number         0  stubs.o ABSOLUTE
    _printf_lli                              0x00000000   Number         0  stubs.o ABSOLUTE
    _printf_llo                              0x00000000   Number         0  stubs.o ABSOLUTE
    _printf_llu                              0x00000000   Number         0  stubs.o ABSOLUTE
    _printf_llx                              0x00000000   Number         0  stubs.o ABSOLUTE
    _printf_longlong_dec                     0x00000000   Number         0  stubs.o ABSOLUTE
    _printf_longlong_hex                     0x00000000   Number         0  stubs.o ABSOLUTE
    _printf_longlong_oct                     0x00000000   Number         0  stubs.o ABSOLUTE
    _printf_ls                               0x00000000   Number         0  stubs.o ABSOLUTE
    _printf_mbtowc                           0x00000000   Number         0  stubs.o ABSOLUTE
    _printf_n                                0x00000000   Number         0  stubs.o ABSOLUTE
    _printf_o                                0x00000000   Number         0  stubs.o ABSOLUTE
    _printf_p                                0x00000000   Number         0  stubs.o ABSOLUTE
    _printf_percent                          0x00000000   Number         0  stubs.o ABSOLUTE
    _printf_pre_padding                      0x00000000   Number         0  stubs.o ABSOLUTE
    _printf_return_value                     0x00000000   Number         0  stubs.o ABSOLUTE
    _printf_s                                0x00000000   Number         0  stubs.o ABSOLUTE
    _printf_sizespec                         0x00000000   Number         0  stubs.o ABSOLUTE
    _printf_str                              0x00000000   Number         0  stubs.o ABSOLUTE
    _printf_truncate_signed                  0x00000000   Number         0  stubs.o ABSOLUTE
    _printf_truncate_unsigned                0x00000000   Number         0  stubs.o ABSOLUTE
    _printf_u                                0x00000000   Number         0  stubs.o ABSOLUTE
    _printf_wc                               0x00000000   Number         0  stubs.o ABSOLUTE
    _printf_wctomb                           0x00000000   Number         0  stubs.o ABSOLUTE
    _printf_widthprec                        0x00000000   Number         0  stubs.o ABSOLUTE
    _printf_x                                0x00000000   Number         0  stubs.o ABSOLUTE
    __arm_fini_                               - Undefined Weak Reference
    __cpp_initialize__aeabi_                  - Undefined Weak Reference
    __cxa_finalize                            - Undefined Weak Reference
    __decompress                              - Undefined Weak Reference
    _clock_init                               - Undefined Weak Reference
    _microlib_exit                            - Undefined Weak Reference
    __Vectors_Size                           0x00000130   Number         0  startup_stm32f103xe.o ABSOLUTE
    __Vectors                                0x08000000   Data           4  startup_stm32f103xe.o(RESET)
    __Vectors_End                            0x08000130   Data           0  startup_stm32f103xe.o(RESET)
    __main                                   0x08000131   Thumb Code     0  entry.o(.ARM.Collect$$$$00000000)
    _main_stk                                0x08000131   Thumb Code     0  entry2.o(.ARM.Collect$$$$00000001)
    _main_scatterload                        0x08000135   Thumb Code     0  entry5.o(.ARM.Collect$$$$00000004)
    __main_after_scatterload                 0x08000139   Thumb Code     0  entry5.o(.ARM.Collect$$$$00000004)
    _main_clock                              0x08000139   Thumb Code     0  entry7b.o(.ARM.Collect$$$$00000008)
    _main_cpp_init                           0x08000139   Thumb Code     0  entry8b.o(.ARM.Collect$$$$0000000A)
    _main_init                               0x08000139   Thumb Code     0  entry9a.o(.ARM.Collect$$$$0000000B)
    __rt_lib_shutdown_fini                   0x08000141   Thumb Code     0  entry12b.o(.ARM.Collect$$$$0000000E)
    __rt_final_cpp                           0x08000145   Thumb Code     0  entry10a.o(.ARM.Collect$$$$0000000F)
    __rt_final_exit                          0x08000145   Thumb Code     0  entry11a.o(.ARM.Collect$$$$00000011)
    SVC_Handler                              0x08000149   Thumb Code    32  port.o(.emb_text)
    __asm___6_port_c_39a90d8d__prvStartFirstTask 0x0800016d   Thumb Code    28  port.o(.emb_text)
    PendSV_Handler                           0x0800018d   Thumb Code    72  port.o(.emb_text)
    vPortGetIPSR                             0x080001d9   Thumb Code     6  port.o(.emb_text)
    Reset_Handler                            0x080001e1   Thumb Code     8  startup_stm32f103xe.o(.text)
    ADC1_2_IRQHandler                        0x080001fb   Thumb Code     0  startup_stm32f103xe.o(.text)
    ADC3_IRQHandler                          0x080001fb   Thumb Code     0  startup_stm32f103xe.o(.text)
    CAN1_RX1_IRQHandler                      0x080001fb   Thumb Code     0  startup_stm32f103xe.o(.text)
    CAN1_SCE_IRQHandler                      0x080001fb   Thumb Code     0  startup_stm32f103xe.o(.text)
    DMA1_Channel1_IRQHandler                 0x080001fb   Thumb Code     0  startup_stm32f103xe.o(.text)
    DMA1_Channel5_IRQHandler                 0x080001fb   Thumb Code     0  startup_stm32f103xe.o(.text)
    DMA2_Channel1_IRQHandler                 0x080001fb   Thumb Code     0  startup_stm32f103xe.o(.text)
    DMA2_Channel2_IRQHandler                 0x080001fb   Thumb Code     0  startup_stm32f103xe.o(.text)
    DMA2_Channel3_IRQHandler                 0x080001fb   Thumb Code     0  startup_stm32f103xe.o(.text)
    DMA2_Channel4_5_IRQHandler               0x080001fb   Thumb Code     0  startup_stm32f103xe.o(.text)
    EXTI0_IRQHandler                         0x080001fb   Thumb Code     0  startup_stm32f103xe.o(.text)
    EXTI15_10_IRQHandler                     0x080001fb   Thumb Code     0  startup_stm32f103xe.o(.text)
    EXTI1_IRQHandler                         0x080001fb   Thumb Code     0  startup_stm32f103xe.o(.text)
    EXTI2_IRQHandler                         0x080001fb   Thumb Code     0  startup_stm32f103xe.o(.text)
    EXTI3_IRQHandler                         0x080001fb   Thumb Code     0  startup_stm32f103xe.o(.text)
    EXTI4_IRQHandler                         0x080001fb   Thumb Code     0  startup_stm32f103xe.o(.text)
    EXTI9_5_IRQHandler                       0x080001fb   Thumb Code     0  startup_stm32f103xe.o(.text)
    FLASH_IRQHandler                         0x080001fb   Thumb Code     0  startup_stm32f103xe.o(.text)
    FSMC_IRQHandler                          0x080001fb   Thumb Code     0  startup_stm32f103xe.o(.text)
    I2C1_ER_IRQHandler                       0x080001fb   Thumb Code     0  startup_stm32f103xe.o(.text)
    I2C1_EV_IRQHandler                       0x080001fb   Thumb Code     0  startup_stm32f103xe.o(.text)
    I2C2_ER_IRQHandler                       0x080001fb   Thumb Code     0  startup_stm32f103xe.o(.text)
    I2C2_EV_IRQHandler                       0x080001fb   Thumb Code     0  startup_stm32f103xe.o(.text)
    PVD_IRQHandler                           0x080001fb   Thumb Code     0  startup_stm32f103xe.o(.text)
    RCC_IRQHandler                           0x080001fb   Thumb Code     0  startup_stm32f103xe.o(.text)
    RTC_Alarm_IRQHandler                     0x080001fb   Thumb Code     0  startup_stm32f103xe.o(.text)
    RTC_IRQHandler                           0x080001fb   Thumb Code     0  startup_stm32f103xe.o(.text)
    SDIO_IRQHandler                          0x080001fb   Thumb Code     0  startup_stm32f103xe.o(.text)
    SPI1_IRQHandler                          0x080001fb   Thumb Code     0  startup_stm32f103xe.o(.text)
    SPI2_IRQHandler                          0x080001fb   Thumb Code     0  startup_stm32f103xe.o(.text)
    SPI3_IRQHandler                          0x080001fb   Thumb Code     0  startup_stm32f103xe.o(.text)
    TAMPER_IRQHandler                        0x080001fb   Thumb Code     0  startup_stm32f103xe.o(.text)
    TIM1_BRK_IRQHandler                      0x080001fb   Thumb Code     0  startup_stm32f103xe.o(.text)
    TIM1_CC_IRQHandler                       0x080001fb   Thumb Code     0  startup_stm32f103xe.o(.text)
    TIM1_TRG_COM_IRQHandler                  0x080001fb   Thumb Code     0  startup_stm32f103xe.o(.text)
    TIM1_UP_IRQHandler                       0x080001fb   Thumb Code     0  startup_stm32f103xe.o(.text)
    TIM2_IRQHandler                          0x080001fb   Thumb Code     0  startup_stm32f103xe.o(.text)
    TIM3_IRQHandler                          0x080001fb   Thumb Code     0  startup_stm32f103xe.o(.text)
    TIM4_IRQHandler                          0x080001fb   Thumb Code     0  startup_stm32f103xe.o(.text)
    TIM5_IRQHandler                          0x080001fb   Thumb Code     0  startup_stm32f103xe.o(.text)
    TIM7_IRQHandler                          0x080001fb   Thumb Code     0  startup_stm32f103xe.o(.text)
    TIM8_BRK_IRQHandler                      0x080001fb   Thumb Code     0  startup_stm32f103xe.o(.text)
    TIM8_CC_IRQHandler                       0x080001fb   Thumb Code     0  startup_stm32f103xe.o(.text)
    TIM8_TRG_COM_IRQHandler                  0x080001fb   Thumb Code     0  startup_stm32f103xe.o(.text)
    TIM8_UP_IRQHandler                       0x080001fb   Thumb Code     0  startup_stm32f103xe.o(.text)
    UART4_IRQHandler                         0x080001fb   Thumb Code     0  startup_stm32f103xe.o(.text)
    UART5_IRQHandler                         0x080001fb   Thumb Code     0  startup_stm32f103xe.o(.text)
    USART3_IRQHandler                        0x080001fb   Thumb Code     0  startup_stm32f103xe.o(.text)
    USBWakeUp_IRQHandler                     0x080001fb   Thumb Code     0  startup_stm32f103xe.o(.text)
    USB_HP_CAN1_TX_IRQHandler                0x080001fb   Thumb Code     0  startup_stm32f103xe.o(.text)
    USB_LP_CAN1_RX0_IRQHandler               0x080001fb   Thumb Code     0  startup_stm32f103xe.o(.text)
    WWDG_IRQHandler                          0x080001fb   Thumb Code     0  startup_stm32f103xe.o(.text)
    __aeabi_llsr                             0x08000205   Thumb Code    32  llushr.o(.text)
    _ll_ushift_r                             0x08000205   Thumb Code     0  llushr.o(.text)
    __aeabi_memcpy                           0x08000225   Thumb Code    36  memcpya.o(.text)
    __aeabi_memcpy4                          0x08000225   Thumb Code     0  memcpya.o(.text)
    __aeabi_memcpy8                          0x08000225   Thumb Code     0  memcpya.o(.text)
    __aeabi_memset                           0x08000249   Thumb Code    14  memseta.o(.text)
    __aeabi_memset4                          0x08000249   Thumb Code     0  memseta.o(.text)
    __aeabi_memset8                          0x08000249   Thumb Code     0  memseta.o(.text)
    __aeabi_memclr                           0x08000257   Thumb Code     4  memseta.o(.text)
    __aeabi_memclr4                          0x08000257   Thumb Code     0  memseta.o(.text)
    __aeabi_memclr8                          0x08000257   Thumb Code     0  memseta.o(.text)
    memset                                   0x0800025b   Thumb Code    18  memseta.o(.text)
    strncpy                                  0x0800026d   Thumb Code    24  strncpy.o(.text)
    strlen                                   0x08000285   Thumb Code    14  strlen.o(.text)
    __aeabi_fmul                             0x08000293   Thumb Code   100  fmul.o(.text)
    __aeabi_dadd                             0x080002f7   Thumb Code   322  dadd.o(.text)
    __aeabi_dsub                             0x08000439   Thumb Code     6  dadd.o(.text)
    __aeabi_drsub                            0x0800043f   Thumb Code     6  dadd.o(.text)
    __aeabi_dmul                             0x08000445   Thumb Code   228  dmul.o(.text)
    __aeabi_ddiv                             0x08000529   Thumb Code   222  ddiv.o(.text)
    __aeabi_i2d                              0x08000607   Thumb Code    34  dflti.o(.text)
    __aeabi_ui2d                             0x08000629   Thumb Code    26  dfltui.o(.text)
    __aeabi_f2iz                             0x08000643   Thumb Code    50  ffixi.o(.text)
    __aeabi_f2uiz                            0x08000675   Thumb Code    40  ffixui.o(.text)
    __aeabi_d2uiz                            0x0800069d   Thumb Code    50  dfixui.o(.text)
    __aeabi_f2d                              0x080006cf   Thumb Code    38  f2d.o(.text)
    __aeabi_cdcmpeq                          0x080006f5   Thumb Code     0  cdcmple.o(.text)
    __aeabi_cdcmple                          0x080006f5   Thumb Code    48  cdcmple.o(.text)
    __aeabi_d2f                              0x08000725   Thumb Code    56  d2f.o(.text)
    __aeabi_uidiv                            0x0800075d   Thumb Code     0  uidiv.o(.text)
    __aeabi_uidivmod                         0x0800075d   Thumb Code    44  uidiv.o(.text)
    __aeabi_uldivmod                         0x08000789   Thumb Code    98  uldiv.o(.text)
    __aeabi_llsl                             0x080007eb   Thumb Code    30  llshl.o(.text)
    _ll_shift_l                              0x080007eb   Thumb Code     0  llshl.o(.text)
    __aeabi_lasr                             0x08000809   Thumb Code    36  llsshr.o(.text)
    _ll_sshift_r                             0x08000809   Thumb Code     0  llsshr.o(.text)
    __I$use$fp                               0x0800082d   Thumb Code     0  iusefp.o(.text)
    _float_round                             0x0800082d   Thumb Code    18  fepilogue.o(.text)
    _float_epilogue                          0x0800083f   Thumb Code    92  fepilogue.o(.text)
    _double_round                            0x0800089b   Thumb Code    30  depilogue.o(.text)
    _double_epilogue                         0x080008b9   Thumb Code   156  depilogue.o(.text)
    __aeabi_d2ulz                            0x08000955   Thumb Code    48  dfixul.o(.text)
    __aeabi_cdrcmple                         0x08000985   Thumb Code    48  cdrcmple.o(.text)
    __scatterload                            0x080009b5   Thumb Code    28  init.o(.text)
    __scatterload_rt2                        0x080009b5   Thumb Code     0  init.o(.text)
    BLETask                                  0x080009d9   Thumb Code   106  freertos.o(i.BLETask)
    BLE_Init                                 0x08000aa5   Thumb Code    82  ble_data.o(i.BLE_Init)
    BLE_UART_RxCpltCallback                  0x08000b6d   Thumb Code   102  ble_data.o(i.BLE_UART_RxCpltCallback)
    BusFault_Handler                         0x08000c41   Thumb Code     2  stm32f1xx_it.o(i.BusFault_Handler)
    DHT11Task                                0x08000c45   Thumb Code   136  freertos.o(i.DHT11Task)
    DHT11_Init                               0x08000d85   Thumb Code    70  bsp_dht11.o(i.DHT11_Init)
    DHT11_Read_Data                          0x08000df5   Thumb Code   420  bsp_dht11.o(i.DHT11_Read_Data)
    DMA1_Channel2_IRQHandler                 0x08001001   Thumb Code     6  stm32f1xx_it.o(i.DMA1_Channel2_IRQHandler)
    DMA1_Channel3_IRQHandler                 0x0800100d   Thumb Code     6  stm32f1xx_it.o(i.DMA1_Channel3_IRQHandler)
    DMA1_Channel4_IRQHandler                 0x08001019   Thumb Code     6  stm32f1xx_it.o(i.DMA1_Channel4_IRQHandler)
    DMA1_Channel6_IRQHandler                 0x08001025   Thumb Code     6  stm32f1xx_it.o(i.DMA1_Channel6_IRQHandler)
    DMA1_Channel7_IRQHandler                 0x08001031   Thumb Code     6  stm32f1xx_it.o(i.DMA1_Channel7_IRQHandler)
    DWT_DelayMs                              0x08001067   Thumb Code    10  bsp_dwt.o(i.DWT_DelayMs)
    DWT_DelayUs                              0x08001071   Thumb Code    28  bsp_dwt.o(i.DWT_DelayUs)
    DWT_Init                                 0x08001099   Thumb Code    30  bsp_dwt.o(i.DWT_Init)
    DebugMon_Handler                         0x080010e1   Thumb Code     2  stm32f1xx_it.o(i.DebugMon_Handler)
    Error_Handler                            0x080010e3   Thumb Code     4  main.o(i.Error_Handler)
    FLASHTask                                0x080010e7   Thumb Code     8  freertos.o(i.FLASHTask)
    FSMC_NORSRAM_Extended_Timing_Init        0x080010f1   Thumb Code    56  stm32f1xx_ll_fsmc.o(i.FSMC_NORSRAM_Extended_Timing_Init)
    FSMC_NORSRAM_Init                        0x0800112d   Thumb Code    98  stm32f1xx_ll_fsmc.o(i.FSMC_NORSRAM_Init)
    FSMC_NORSRAM_Timing_Init                 0x08001195   Thumb Code    56  stm32f1xx_ll_fsmc.o(i.FSMC_NORSRAM_Timing_Init)
    HAL_DMA_Abort                            0x080011d1   Thumb Code    70  stm32f1xx_hal_dma.o(i.HAL_DMA_Abort)
    HAL_DMA_Abort_IT                         0x08001219   Thumb Code   296  stm32f1xx_hal_dma.o(i.HAL_DMA_Abort_IT)
    HAL_DMA_IRQHandler                       0x08001349   Thumb Code   552  stm32f1xx_hal_dma.o(i.HAL_DMA_IRQHandler)
    HAL_DMA_Init                             0x08001591   Thumb Code   112  stm32f1xx_hal_dma.o(i.HAL_DMA_Init)
    HAL_DMA_Start_IT                         0x0800160d   Thumb Code   112  stm32f1xx_hal_dma.o(i.HAL_DMA_Start_IT)
    HAL_Delay                                0x0800167d   Thumb Code    32  stm32f1xx_hal.o(i.HAL_Delay)
    HAL_GPIO_Init                            0x08001709   Thumb Code   462  stm32f1xx_hal_gpio.o(i.HAL_GPIO_Init)
    HAL_GPIO_ReadPin                         0x08001901   Thumb Code    10  stm32f1xx_hal_gpio.o(i.HAL_GPIO_ReadPin)
    HAL_GPIO_WritePin                        0x0800190b   Thumb Code    10  stm32f1xx_hal_gpio.o(i.HAL_GPIO_WritePin)
    HAL_GetTick                              0x08001915   Thumb Code     6  stm32f1xx_hal.o(i.HAL_GetTick)
    HAL_I2C_Init                             0x08001921   Thumb Code   376  stm32f1xx_hal_i2c.o(i.HAL_I2C_Init)
    HAL_I2C_Master_Transmit                  0x08001aa9   Thumb Code   290  stm32f1xx_hal_i2c.o(i.HAL_I2C_Master_Transmit)
    HAL_I2C_Mem_Read                         0x08001bd5   Thumb Code   586  stm32f1xx_hal_i2c.o(i.HAL_I2C_Mem_Read)
    HAL_I2C_MspInit                          0x08001e31   Thumb Code    80  i2c.o(i.HAL_I2C_MspInit)
    HAL_IncTick                              0x08001e8d   Thumb Code    12  stm32f1xx_hal.o(i.HAL_IncTick)
    HAL_Init                                 0x08001e9d   Thumb Code    32  stm32f1xx_hal.o(i.HAL_Init)
    HAL_InitTick                             0x08001ec1   Thumb Code   132  stm32f1xx_hal_timebase_tim.o(i.HAL_InitTick)
    HAL_MspInit                              0x08001f59   Thumb Code    62  stm32f1xx_hal_msp.o(i.HAL_MspInit)
    HAL_NVIC_EnableIRQ                       0x08001fa1   Thumb Code    26  stm32f1xx_hal_cortex.o(i.HAL_NVIC_EnableIRQ)
    HAL_NVIC_SetPriority                     0x08001fbd   Thumb Code    60  stm32f1xx_hal_cortex.o(i.HAL_NVIC_SetPriority)
    HAL_NVIC_SetPriorityGrouping             0x08001ffd   Thumb Code    26  stm32f1xx_hal_cortex.o(i.HAL_NVIC_SetPriorityGrouping)
    HAL_RCC_ClockConfig                      0x08002021   Thumb Code   280  stm32f1xx_hal_rcc.o(i.HAL_RCC_ClockConfig)
    HAL_RCC_GetClockConfig                   0x0800214d   Thumb Code    54  stm32f1xx_hal_rcc.o(i.HAL_RCC_GetClockConfig)
    HAL_RCC_GetPCLK1Freq                     0x0800218d   Thumb Code    20  stm32f1xx_hal_rcc.o(i.HAL_RCC_GetPCLK1Freq)
    HAL_RCC_GetPCLK2Freq                     0x080021ad   Thumb Code    20  stm32f1xx_hal_rcc.o(i.HAL_RCC_GetPCLK2Freq)
    HAL_RCC_GetSysClockFreq                  0x080021cd   Thumb Code    58  stm32f1xx_hal_rcc.o(i.HAL_RCC_GetSysClockFreq)
    HAL_RCC_OscConfig                        0x08002219   Thumb Code   778  stm32f1xx_hal_rcc.o(i.HAL_RCC_OscConfig)
    HAL_SPI_Init                             0x08002539   Thumb Code   178  stm32f1xx_hal_spi.o(i.HAL_SPI_Init)
    HAL_SPI_MspInit                          0x080025ed   Thumb Code   180  spi.o(i.HAL_SPI_MspInit)
    HAL_SRAM_Init                            0x080026b5   Thumb Code   100  stm32f1xx_hal_sram.o(i.HAL_SRAM_Init)
    HAL_SRAM_MspInit                         0x08002719   Thumb Code     4  fsmc.o(i.HAL_SRAM_MspInit)
    HAL_TIMEx_BreakCallback                  0x0800271d   Thumb Code     2  stm32f1xx_hal_tim_ex.o(i.HAL_TIMEx_BreakCallback)
    HAL_TIMEx_CommutCallback                 0x0800271f   Thumb Code     2  stm32f1xx_hal_tim_ex.o(i.HAL_TIMEx_CommutCallback)
    HAL_TIMEx_MasterConfigSynchronization    0x08002721   Thumb Code   104  stm32f1xx_hal_tim_ex.o(i.HAL_TIMEx_MasterConfigSynchronization)
    HAL_TIM_Base_Init                        0x0800279d   Thumb Code    90  stm32f1xx_hal_tim.o(i.HAL_TIM_Base_Init)
    HAL_TIM_Base_MspInit                     0x080027f9   Thumb Code    30  tim.o(i.HAL_TIM_Base_MspInit)
    HAL_TIM_Base_Start_IT                    0x08002821   Thumb Code    88  stm32f1xx_hal_tim.o(i.HAL_TIM_Base_Start_IT)
    HAL_TIM_ConfigClockSource                0x0800288d   Thumb Code   220  stm32f1xx_hal_tim.o(i.HAL_TIM_ConfigClockSource)
    HAL_TIM_IC_CaptureCallback               0x08002969   Thumb Code     2  stm32f1xx_hal_tim.o(i.HAL_TIM_IC_CaptureCallback)
    HAL_TIM_IRQHandler                       0x0800296b   Thumb Code   304  stm32f1xx_hal_tim.o(i.HAL_TIM_IRQHandler)
    HAL_TIM_OC_DelayElapsedCallback          0x08002a9b   Thumb Code     2  stm32f1xx_hal_tim.o(i.HAL_TIM_OC_DelayElapsedCallback)
    HAL_TIM_PWM_PulseFinishedCallback        0x08002a9d   Thumb Code     2  stm32f1xx_hal_tim.o(i.HAL_TIM_PWM_PulseFinishedCallback)
    HAL_TIM_PeriodElapsedCallback            0x08002aa1   Thumb Code    14  main.o(i.HAL_TIM_PeriodElapsedCallback)
    HAL_TIM_TriggerCallback                  0x08002ab5   Thumb Code     2  stm32f1xx_hal_tim.o(i.HAL_TIM_TriggerCallback)
    HAL_UARTEx_ReceiveToIdle_DMA             0x08002ab7   Thumb Code    74  stm32f1xx_hal_uart.o(i.HAL_UARTEx_ReceiveToIdle_DMA)
    HAL_UARTEx_RxEventCallback               0x08002b01   Thumb Code   124  ble_data.o(i.HAL_UARTEx_RxEventCallback)
    HAL_UART_ErrorCallback                   0x08002c01   Thumb Code    32  ble_data.o(i.HAL_UART_ErrorCallback)
    HAL_UART_IRQHandler                      0x08002c41   Thumb Code   616  stm32f1xx_hal_uart.o(i.HAL_UART_IRQHandler)
    HAL_UART_Init                            0x08002ead   Thumb Code   100  stm32f1xx_hal_uart.o(i.HAL_UART_Init)
    HAL_UART_MspInit                         0x08002f11   Thumb Code   404  usart.o(i.HAL_UART_MspInit)
    HAL_UART_Receive_DMA                     0x080030c5   Thumb Code    28  stm32f1xx_hal_uart.o(i.HAL_UART_Receive_DMA)
    HAL_UART_Receive_IT                      0x080030e1   Thumb Code    28  stm32f1xx_hal_uart.o(i.HAL_UART_Receive_IT)
    HAL_UART_RxCpltCallback                  0x080030fd   Thumb Code    30  usart.o(i.HAL_UART_RxCpltCallback)
    HAL_UART_RxHalfCpltCallback              0x0800312d   Thumb Code     2  stm32f1xx_hal_uart.o(i.HAL_UART_RxHalfCpltCallback)
    HAL_UART_Transmit                        0x0800312f   Thumb Code   160  stm32f1xx_hal_uart.o(i.HAL_UART_Transmit)
    HAL_UART_TxCpltCallback                  0x080031cf   Thumb Code     2  stm32f1xx_hal_uart.o(i.HAL_UART_TxCpltCallback)
    HardFault_Handler                        0x080031d1   Thumb Code     2  stm32f1xx_it.o(i.HardFault_Handler)
    HumiditySensor_GetLatestValue            0x080031d5   Thumb Code     6  bsp_dht11.o(i.HumiditySensor_GetLatestValue)
    ILI9341_BackLed_Control                  0x08003615   Thumb Code    16  bsp_ili9341_lcd.o(i.ILI9341_BackLed_Control)
    ILI9341_Clear                            0x08003629   Thumb Code    26  bsp_ili9341_lcd.o(i.ILI9341_Clear)
    ILI9341_DispChar_EN                      0x08003659   Thumb Code    98  bsp_ili9341_lcd.o(i.ILI9341_DispChar_EN)
    ILI9341_DispStringLine_EN                0x080036c5   Thumb Code    72  bsp_ili9341_lcd.o(i.ILI9341_DispStringLine_EN)
    ILI9341_GramScan                         0x0800372d   Thumb Code   126  bsp_ili9341_lcd.o(i.ILI9341_GramScan)
    ILI9341_Init                             0x080037b5   Thumb Code    28  bsp_ili9341_lcd.o(i.ILI9341_Init)
    ILI9341_OpenWindow                       0x080037d5   Thumb Code    58  bsp_ili9341_lcd.o(i.ILI9341_OpenWindow)
    ILI9341_ReadID                           0x08003af5   Thumb Code    68  bsp_ili9341_lcd.o(i.ILI9341_ReadID)
    ILI9341_Rst                              0x08003b3d   Thumb Code    34  bsp_ili9341_lcd.o(i.ILI9341_Rst)
    LCDTask                                  0x08003b65   Thumb Code   786  freertos.o(i.LCDTask)
    LCD_GetFont                              0x08003f11   Thumb Code     6  bsp_ili9341_lcd.o(i.LCD_GetFont)
    LCD_SetFont                              0x08003f1d   Thumb Code     6  bsp_ili9341_lcd.o(i.LCD_SetFont)
    LCD_SetTextColor                         0x08003f29   Thumb Code     6  bsp_ili9341_lcd.o(i.LCD_SetTextColor)
    LogTask                                  0x08003f35   Thumb Code   110  freertos.o(i.LogTask)
    Log_Debug                                0x08003fc9   Thumb Code    32  log.o(i.Log_Debug)
    Log_Error                                0x08003fe9   Thumb Code    32  log.o(i.Log_Error)
    Log_Info                                 0x08004009   Thumb Code    32  log.o(i.Log_Info)
    Log_Init                                 0x08004029   Thumb Code    12  log.o(i.Log_Init)
    Log_Warn                                 0x08004091   Thumb Code    32  log.o(i.Log_Warn)
    MX_DMA_Init                              0x080040b1   Thumb Code   104  dma.o(i.MX_DMA_Init)
    MX_FREERTOS_Init                         0x0800411d   Thumb Code   166  freertos.o(i.MX_FREERTOS_Init)
    MX_FSMC_Init                             0x080041f1   Thumb Code   106  fsmc.o(i.MX_FSMC_Init)
    MX_GPIO_Init                             0x08004269   Thumb Code   272  gpio.o(i.MX_GPIO_Init)
    MX_I2C1_Init                             0x08004389   Thumb Code    50  i2c.o(i.MX_I2C1_Init)
    MX_SPI1_Init                             0x080043c9   Thumb Code    62  spi.o(i.MX_SPI1_Init)
    MX_TIM3_Init                             0x08004411   Thumb Code    94  tim.o(i.MX_TIM3_Init)
    MX_USART1_UART_Init                      0x08004479   Thumb Code    48  usart.o(i.MX_USART1_UART_Init)
    MX_USART2_UART_Init                      0x080044b1   Thumb Code    48  usart.o(i.MX_USART2_UART_Init)
    MX_USART3_UART_Init                      0x080044e9   Thumb Code    48  usart.o(i.MX_USART3_UART_Init)
    MemManage_Handler                        0x08004521   Thumb Code     2  stm32f1xx_it.o(i.MemManage_Handler)
    Modbus_BuildExceptionResponse            0x08004523   Thumb Code    36  modbus.o(i.Modbus_BuildExceptionResponse)
    Modbus_BuildResponse                     0x08004547   Thumb Code    60  modbus.o(i.Modbus_BuildResponse)
    Modbus_CalculateCRC16                    0x08004585   Thumb Code    38  modbus.o(i.Modbus_CalculateCRC16)
    Modbus_Init                              0x080045b1   Thumb Code    28  modbus.o(i.Modbus_Init)
    Modbus_IsModbusCommand                   0x080045fd   Thumb Code    38  modbus.o(i.Modbus_IsModbusCommand)
    Modbus_ProcessRequest                    0x08004625   Thumb Code   730  modbus.o(i.Modbus_ProcessRequest)
    Modbus_ValidateCRC                       0x08004bc1   Thumb Code    52  modbus.o(i.Modbus_ValidateCRC)
    MonitorTask                              0x08004bf9   Thumb Code    32  freertos.o(i.MonitorTask)
    NMI_Handler                              0x08004c31   Thumb Code     2  stm32f1xx_it.o(i.NMI_Handler)
    PressureSensor_GetLatestValue            0x08004c35   Thumb Code     8  pressure.o(i.PressureSensor_GetLatestValue)
    PressureSensor_Init                      0x08004c41   Thumb Code    80  pressure.o(i.PressureSensor_Init)
    PressureSensor_ReadData                  0x08004c95   Thumb Code   104  pressure.o(i.PressureSensor_ReadData)
    PressureSensor_UpdateValue               0x08004d25   Thumb Code    32  pressure.o(i.PressureSensor_UpdateValue)
    PressureTask                             0x08004d45   Thumb Code   152  freertos.o(i.PressureTask)
    SensorData_Init                          0x08004ead   Thumb Code    32  modbus.o(i.SensorData_Init)
    SensorData_UpdateHumidity                0x08004ef1   Thumb Code    50  modbus.o(i.SensorData_UpdateHumidity)
    SensorData_UpdatePressure                0x08004f59   Thumb Code    58  modbus.o(i.SensorData_UpdatePressure)
    SensorData_UpdateTemperature             0x08004fc9   Thumb Code    50  modbus.o(i.SensorData_UpdateTemperature)
    SysTick_Handler                          0x08005031   Thumb Code    26  cmsis_os2.o(i.SysTick_Handler)
    SystemClock_Config                       0x0800504b   Thumb Code    94  main.o(i.SystemClock_Config)
    SystemInit                               0x080050a9   Thumb Code     2  system_stm32f1xx.o(i.SystemInit)
    TIM6_IRQHandler                          0x080050ad   Thumb Code     6  stm32f1xx_it.o(i.TIM6_IRQHandler)
    TIM_Base_SetConfig                       0x080050b9   Thumb Code   134  stm32f1xx_hal_tim.o(i.TIM_Base_SetConfig)
    TIM_ETR_SetConfig                        0x08005155   Thumb Code    20  stm32f1xx_hal_tim.o(i.TIM_ETR_SetConfig)
    TemperatureSensor_GetLatestValue         0x080051c1   Thumb Code     6  bsp_dht11.o(i.TemperatureSensor_GetLatestValue)
    UART2_StartReceive                       0x080051cd   Thumb Code    58  ble_data.o(i.UART2_StartReceive)
    UART_Start_Receive_DMA                   0x0800556d   Thumb Code   130  stm32f1xx_hal_uart.o(i.UART_Start_Receive_DMA)
    UART_Start_Receive_IT                    0x080055fd   Thumb Code    54  stm32f1xx_hal_uart.o(i.UART_Start_Receive_IT)
    USART1_IRQHandler                        0x080056a5   Thumb Code     6  stm32f1xx_it.o(i.USART1_IRQHandler)
    USART2_IRQHandler                        0x080056b1   Thumb Code     6  stm32f1xx_it.o(i.USART2_IRQHandler)
    UsageFault_Handler                       0x080056bd   Thumb Code     2  stm32f1xx_it.o(i.UsageFault_Handler)
    Usart2Task                               0x080056c1   Thumb Code   194  freertos.o(i.Usart2Task)
    __0snprintf                              0x08005815   Thumb Code    48  printfa.o(i.__0snprintf)
    __1snprintf                              0x08005815   Thumb Code     0  printfa.o(i.__0snprintf)
    __2snprintf                              0x08005815   Thumb Code     0  printfa.o(i.__0snprintf)
    __c89snprintf                            0x08005815   Thumb Code     0  printfa.o(i.__0snprintf)
    snprintf                                 0x08005815   Thumb Code     0  printfa.o(i.__0snprintf)
    __0sprintf                               0x08005849   Thumb Code    34  printfa.o(i.__0sprintf)
    __1sprintf                               0x08005849   Thumb Code     0  printfa.o(i.__0sprintf)
    __2sprintf                               0x08005849   Thumb Code     0  printfa.o(i.__0sprintf)
    __c89sprintf                             0x08005849   Thumb Code     0  printfa.o(i.__0sprintf)
    sprintf                                  0x08005849   Thumb Code     0  printfa.o(i.__0sprintf)
    __0vsnprintf                             0x08005871   Thumb Code    46  printfa.o(i.__0vsnprintf)
    __1vsnprintf                             0x08005871   Thumb Code     0  printfa.o(i.__0vsnprintf)
    __2vsnprintf                             0x08005871   Thumb Code     0  printfa.o(i.__0vsnprintf)
    __c89vsnprintf                           0x08005871   Thumb Code     0  printfa.o(i.__0vsnprintf)
    vsnprintf                                0x08005871   Thumb Code     0  printfa.o(i.__0vsnprintf)
    __scatterload_copy                       0x080058c5   Thumb Code    14  handlers.o(i.__scatterload_copy)
    __scatterload_null                       0x080058d3   Thumb Code     2  handlers.o(i.__scatterload_null)
    __scatterload_zeroinit                   0x080058d5   Thumb Code    14  handlers.o(i.__scatterload_zeroinit)
    main                                     0x0800618f   Thumb Code    58  main.o(i.main)
    osDelay                                  0x080061c9   Thumb Code    26  cmsis_os2.o(i.osDelay)
    osKernelGetTickCount                     0x080061e3   Thumb Code    14  cmsis_os2.o(i.osKernelGetTickCount)
    osKernelInitialize                       0x080061f1   Thumb Code    32  cmsis_os2.o(i.osKernelInitialize)
    osKernelStart                            0x08006215   Thumb Code    48  cmsis_os2.o(i.osKernelStart)
    osMessageQueueGet                        0x0800624d   Thumb Code    96  cmsis_os2.o(i.osMessageQueueGet)
    osMessageQueueNew                        0x080062b1   Thumb Code    88  cmsis_os2.o(i.osMessageQueueNew)
    osMessageQueuePut                        0x08006309   Thumb Code   100  cmsis_os2.o(i.osMessageQueuePut)
    osMutexAcquire                           0x08006371   Thumb Code    82  cmsis_os2.o(i.osMutexAcquire)
    osMutexNew                               0x080063c3   Thumb Code   104  cmsis_os2.o(i.osMutexNew)
    osMutexRelease                           0x0800642b   Thumb Code    66  cmsis_os2.o(i.osMutexRelease)
    osThreadFlagsSet                         0x0800646d   Thumb Code   110  cmsis_os2.o(i.osThreadFlagsSet)
    osThreadFlagsWait                        0x080064e1   Thumb Code   150  cmsis_os2.o(i.osThreadFlagsWait)
    osThreadGetId                            0x08006577   Thumb Code     4  cmsis_os2.o(i.osThreadGetId)
    osThreadNew                              0x0800657d   Thumb Code   138  cmsis_os2.o(i.osThreadNew)
    osThreadSuspend                          0x08006607   Thumb Code    32  cmsis_os2.o(i.osThreadSuspend)
    pvPortMalloc                             0x08006dd5   Thumb Code   216  heap_4.o(i.pvPortMalloc)
    pvTaskIncrementMutexHeldCount            0x08006eb1   Thumb Code    18  tasks.o(i.pvTaskIncrementMutexHeldCount)
    pxPortInitialiseStack                    0x08006ec9   Thumb Code    32  port.o(i.pxPortInitialiseStack)
    uxListRemove                             0x08006eed   Thumb Code    38  list.o(i.uxListRemove)
    vApplicationGetIdleTaskMemory            0x08006f15   Thumb Code    16  cmsis_os2.o(i.vApplicationGetIdleTaskMemory)
    vApplicationGetTimerTaskMemory           0x08006f29   Thumb Code    18  cmsis_os2.o(i.vApplicationGetTimerTaskMemory)
    vListInitialise                          0x08006f41   Thumb Code    22  list.o(i.vListInitialise)
    vListInitialiseItem                      0x08006f57   Thumb Code     6  list.o(i.vListInitialiseItem)
    vListInsert                              0x08006f5d   Thumb Code    48  list.o(i.vListInsert)
    vListInsertEnd                           0x08006f8d   Thumb Code    24  list.o(i.vListInsertEnd)
    vPortEnterCritical                       0x08006fa5   Thumb Code    54  port.o(i.vPortEnterCritical)
    vPortExitCritical                        0x08006fe5   Thumb Code    34  port.o(i.vPortExitCritical)
    vPortFree                                0x0800700d   Thumb Code    94  heap_4.o(i.vPortFree)
    vPortSetupTimerInterrupt                 0x08007071   Thumb Code    32  port.o(i.vPortSetupTimerInterrupt)
    vPortValidateInterruptPriority           0x08007095   Thumb Code    74  port.o(i.vPortValidateInterruptPriority)
    vQueueAddToRegistry                      0x080070e9   Thumb Code    34  queue.o(i.vQueueAddToRegistry)
    vQueueWaitForMessageRestricted           0x08007111   Thumb Code    68  queue.o(i.vQueueWaitForMessageRestricted)
    vTaskDelay                               0x08007155   Thumb Code    66  tasks.o(i.vTaskDelay)
    vTaskInternalSetTimeOutState             0x080071a1   Thumb Code    12  tasks.o(i.vTaskInternalSetTimeOutState)
    vTaskMissedYield                         0x080071b1   Thumb Code     8  tasks.o(i.vTaskMissedYield)
    vTaskPlaceOnEventList                    0x080071bd   Thumb Code    44  tasks.o(i.vTaskPlaceOnEventList)
    vTaskPlaceOnEventListRestricted          0x080071ed   Thumb Code    52  tasks.o(i.vTaskPlaceOnEventListRestricted)
    vTaskPriorityDisinheritAfterTimeout      0x08007225   Thumb Code   134  tasks.o(i.vTaskPriorityDisinheritAfterTimeout)
    vTaskStartScheduler                      0x080072b5   Thumb Code   118  tasks.o(i.vTaskStartScheduler)
    vTaskSuspend                             0x0800733d   Thumb Code   144  tasks.o(i.vTaskSuspend)
    vTaskSuspendAll                          0x080073d9   Thumb Code    10  tasks.o(i.vTaskSuspendAll)
    vTaskSwitchContext                       0x080073e9   Thumb Code    90  tasks.o(i.vTaskSwitchContext)
    xPortStartScheduler                      0x0800744d   Thumb Code   154  port.o(i.xPortStartScheduler)
    xPortSysTickHandler                      0x080074f5   Thumb Code    38  port.o(i.xPortSysTickHandler)
    xQueueCreateMutex                        0x08007521   Thumb Code    22  queue.o(i.xQueueCreateMutex)
    xQueueCreateMutexStatic                  0x08007537   Thumb Code    26  queue.o(i.xQueueCreateMutexStatic)
    xQueueGenericCreate                      0x08007551   Thumb Code    66  queue.o(i.xQueueGenericCreate)
    xQueueGenericCreateStatic                0x08007593   Thumb Code   102  queue.o(i.xQueueGenericCreateStatic)
    xQueueGenericReset                       0x080075f9   Thumb Code   132  queue.o(i.xQueueGenericReset)
    xQueueGenericSend                        0x08007681   Thumb Code   346  queue.o(i.xQueueGenericSend)
    xQueueGenericSendFromISR                 0x080077e1   Thumb Code   190  queue.o(i.xQueueGenericSendFromISR)
    xQueueGiveMutexRecursive                 0x0800789f   Thumb Code    62  queue.o(i.xQueueGiveMutexRecursive)
    xQueueReceive                            0x080078dd   Thumb Code   308  queue.o(i.xQueueReceive)
    xQueueReceiveFromISR                     0x08007a15   Thumb Code   154  queue.o(i.xQueueReceiveFromISR)
    xQueueSemaphoreTake                      0x08007ab1   Thumb Code   372  queue.o(i.xQueueSemaphoreTake)
    xQueueTakeMutexRecursive                 0x08007c29   Thumb Code    64  queue.o(i.xQueueTakeMutexRecursive)
    xTaskCheckForTimeOut                     0x08007c69   Thumb Code   112  tasks.o(i.xTaskCheckForTimeOut)
    xTaskCreate                              0x08007cdd   Thumb Code    90  tasks.o(i.xTaskCreate)
    xTaskCreateStatic                        0x08007d37   Thumb Code    86  tasks.o(i.xTaskCreateStatic)
    xTaskGenericNotify                       0x08007d8d   Thumb Code   210  tasks.o(i.xTaskGenericNotify)
    xTaskGenericNotifyFromISR                0x08007e6d   Thumb Code   246  tasks.o(i.xTaskGenericNotifyFromISR)
    xTaskGetCurrentTaskHandle                0x08007f71   Thumb Code     6  tasks.o(i.xTaskGetCurrentTaskHandle)
    xTaskGetSchedulerState                   0x08007f7d   Thumb Code    22  tasks.o(i.xTaskGetSchedulerState)
    xTaskGetTickCount                        0x08007f99   Thumb Code     6  tasks.o(i.xTaskGetTickCount)
    xTaskGetTickCountFromISR                 0x08007fa5   Thumb Code    12  tasks.o(i.xTaskGetTickCountFromISR)
    xTaskIncrementTick                       0x08007fb5   Thumb Code   192  tasks.o(i.xTaskIncrementTick)
    xTaskNotifyWait                          0x0800807d   Thumb Code   130  tasks.o(i.xTaskNotifyWait)
    xTaskPriorityDisinherit                  0x08008109   Thumb Code   118  tasks.o(i.xTaskPriorityDisinherit)
    xTaskPriorityInherit                     0x08008189   Thumb Code   112  tasks.o(i.xTaskPriorityInherit)
    xTaskRemoveFromEventList                 0x08008201   Thumb Code    98  tasks.o(i.xTaskRemoveFromEventList)
    xTaskResumeAll                           0x08008271   Thumb Code   182  tasks.o(i.xTaskResumeAll)
    xTimerCreateTimerTask                    0x08008335   Thumb Code    78  timers.o(i.xTimerCreateTimerTask)
    xTimerGenericCommand                     0x08008395   Thumb Code    98  timers.o(i.xTimerGenericCommand)
    Log_Task_attributes                      0x080083fc   Data          36  freertos.o(.constdata)
    Pressure_Task_attributes                 0x08008420   Data          36  freertos.o(.constdata)
    Usart2_Task_attributes                   0x08008444   Data          36  freertos.o(.constdata)
    LCD_Task_attributes                      0x08008468   Data          36  freertos.o(.constdata)
    Monitor_Task_attributes                  0x0800848c   Data          36  freertos.o(.constdata)
    BLE_Task_attributes                      0x080084b0   Data          36  freertos.o(.constdata)
    DHT11_Task_attributes                    0x080084d4   Data          36  freertos.o(.constdata)
    FLASH_Task_attributes                    0x080084f8   Data          36  freertos.o(.constdata)
    logQueue_attributes                      0x0800851c   Data          24  freertos.o(.constdata)
    BLEQueue_attributes                      0x08008534   Data          24  freertos.o(.constdata)
    uart1_mutex_attributes                   0x0800854c   Data          16  freertos.o(.constdata)
    AHBPrescTable                            0x0800857e   Data          16  system_stm32f1xx.o(.constdata)
    APBPrescTable                            0x0800858e   Data           8  system_stm32f1xx.o(.constdata)
    ASCII8x16_Table                          0x08008596   Data        1520  fonts.o(.constdata)
    Region$$Table$$Base                      0x08008f10   Number         0  anon$$obj.o(Region$$Table)
    Region$$Table$$Limit                     0x08008f30   Number         0  anon$$obj.o(Region$$Table)
    g_PressureTaskHandle                     0x20000000   Data           4  freertos.o(.data)
    g_LCDTaskHandle                          0x20000004   Data           4  freertos.o(.data)
    g_DHT11TaskHandle                        0x20000008   Data           4  freertos.o(.data)
    Log_TaskHandle                           0x2000000c   Data           4  freertos.o(.data)
    Pressure_TaskHandle                      0x20000010   Data           4  freertos.o(.data)
    Usart2_TaskHandle                        0x20000014   Data           4  freertos.o(.data)
    LCD_TaskHandle                           0x20000018   Data           4  freertos.o(.data)
    Monitor_TaskHandle                       0x2000001c   Data           4  freertos.o(.data)
    BLE_TaskHandle                           0x20000020   Data           4  freertos.o(.data)
    DHT11_TaskHandle                         0x20000024   Data           4  freertos.o(.data)
    FLASH_TaskHandle                         0x20000028   Data           4  freertos.o(.data)
    logQueueHandle                           0x2000002c   Data           4  freertos.o(.data)
    BLEQueueHandle                           0x20000030   Data           4  freertos.o(.data)
    uart1_mutexHandle                        0x20000034   Data           4  freertos.o(.data)
    uwTickFreq                               0x20000040   Data           1  stm32f1xx_hal.o(.data)
    uwTickPrio                               0x20000044   Data           4  stm32f1xx_hal.o(.data)
    uwTick                                   0x20000048   Data           4  stm32f1xx_hal.o(.data)
    SystemCoreClock                          0x2000004c   Data           4  system_stm32f1xx.o(.data)
    pxCurrentTCB                             0x20000050   Data           4  tasks.o(.data)
    ble_rx_complete                          0x200000d2   Data           1  ble_data.o(.data)
    ble_rx_state                             0x200000d3   Data           1  ble_data.o(.data)
    ble_rx_count                             0x200000d4   Data           2  ble_data.o(.data)
    uart1_rx_buffer                          0x200000d6   Data           1  ble_data.o(.data)
    LCD_SCAN_MODE                            0x200000dc   Data           1  bsp_ili9341_lcd.o(.data)
    LCD_X_LENGTH                             0x200000de   Data           2  bsp_ili9341_lcd.o(.data)
    LCD_Y_LENGTH                             0x200000e0   Data           2  bsp_ili9341_lcd.o(.data)
    lcdid                                    0x200000e2   Data           2  bsp_ili9341_lcd.o(.data)
    Font8x16                                 0x200000ec   Data           8  fonts.o(.data)
    bt_rx_buffer                             0x200000f4   Data         256  freertos.o(.bss)
    hsram1                                   0x200001f4   Data          72  fsmc.o(.bss)
    hi2c1                                    0x2000023c   Data          84  i2c.o(.bss)
    hspi1                                    0x20000290   Data          88  spi.o(.bss)
    hdma_spi1_rx                             0x200002e8   Data          68  spi.o(.bss)
    hdma_spi1_tx                             0x2000032c   Data          68  spi.o(.bss)
    htim3                                    0x20000370   Data          72  tim.o(.bss)
    huart1                                   0x200003b8   Data          72  usart.o(.bss)
    huart2                                   0x20000400   Data          72  usart.o(.bss)
    huart3                                   0x20000448   Data          72  usart.o(.bss)
    hdma_usart1_tx                           0x20000490   Data          68  usart.o(.bss)
    hdma_usart2_rx                           0x200004d4   Data          68  usart.o(.bss)
    hdma_usart2_tx                           0x20000518   Data          68  usart.o(.bss)
    htim6                                    0x2000055c   Data          72  stm32f1xx_hal_timebase_tim.o(.bss)
    xQueueRegistry                           0x200005a4   Data          64  queue.o(.bss)
    ble_rx_buffer                            0x20006278   Data         256  ble_data.o(.bss)
    ble_tx_buffer                            0x20006378   Data         256  ble_data.o(.bss)
    g_sensor_data                            0x20006478   Data          40  modbus.o(.bss)
    g_modbus_registers                       0x200064a0   Data          10  modbus.o(.bss)
    __initial_sp                             0x200068b0   Data           0  startup_stm32f103xe.o(STACK)



==============================================================================

Memory Map of the image

  Image Entry point : 0x08000131

  Load Region LR_IROM1 (Base: 0x08000000, Size: 0x00009024, Max: 0x00080000, ABSOLUTE)

    Execution Region ER_IROM1 (Exec base: 0x08000000, Load base: 0x08000000, Size: 0x00008f30, Max: 0x00080000, ABSOLUTE)

    Exec Addr    Load Addr    Size         Type   Attr      Idx    E Section Name        Object

    0x08000000   0x08000000   0x00000130   Data   RO            3    RESET               startup_stm32f103xe.o
    0x08000130   0x08000130   0x00000000   Code   RO         6746  * .ARM.Collect$$$$00000000  mc_w.l(entry.o)
    0x08000130   0x08000130   0x00000004   Code   RO         7048    .ARM.Collect$$$$00000001  mc_w.l(entry2.o)
    0x08000134   0x08000134   0x00000004   Code   RO         7051    .ARM.Collect$$$$00000004  mc_w.l(entry5.o)
    0x08000138   0x08000138   0x00000000   Code   RO         7053    .ARM.Collect$$$$00000008  mc_w.l(entry7b.o)
    0x08000138   0x08000138   0x00000000   Code   RO         7055    .ARM.Collect$$$$0000000A  mc_w.l(entry8b.o)
    0x08000138   0x08000138   0x00000008   Code   RO         7056    .ARM.Collect$$$$0000000B  mc_w.l(entry9a.o)
    0x08000140   0x08000140   0x00000004   Code   RO         7063    .ARM.Collect$$$$0000000E  mc_w.l(entry12b.o)
    0x08000144   0x08000144   0x00000000   Code   RO         7058    .ARM.Collect$$$$0000000F  mc_w.l(entry10a.o)
    0x08000144   0x08000144   0x00000000   Code   RO         7060    .ARM.Collect$$$$00000011  mc_w.l(entry11a.o)
    0x08000144   0x08000144   0x00000004   Code   RO         7049    .ARM.Collect$$$$00002712  mc_w.l(entry2.o)
    0x08000148   0x08000148   0x00000096   Code   RO         5951    .emb_text           port.o
    0x080001de   0x080001de   0x00000002   PAD
    0x080001e0   0x080001e0   0x00000024   Code   RO            4    .text               startup_stm32f103xe.o
    0x08000204   0x08000204   0x00000020   Code   RO         6749    .text               mc_w.l(llushr.o)
    0x08000224   0x08000224   0x00000024   Code   RO         6751    .text               mc_w.l(memcpya.o)
    0x08000248   0x08000248   0x00000024   Code   RO         6755    .text               mc_w.l(memseta.o)
    0x0800026c   0x0800026c   0x00000018   Code   RO         6757    .text               mc_w.l(strncpy.o)
    0x08000284   0x08000284   0x0000000e   Code   RO         6759    .text               mc_w.l(strlen.o)
    0x08000292   0x08000292   0x00000064   Code   RO         7024    .text               mf_w.l(fmul.o)
    0x080002f6   0x080002f6   0x0000014e   Code   RO         7026    .text               mf_w.l(dadd.o)
    0x08000444   0x08000444   0x000000e4   Code   RO         7028    .text               mf_w.l(dmul.o)
    0x08000528   0x08000528   0x000000de   Code   RO         7030    .text               mf_w.l(ddiv.o)
    0x08000606   0x08000606   0x00000022   Code   RO         7032    .text               mf_w.l(dflti.o)
    0x08000628   0x08000628   0x0000001a   Code   RO         7034    .text               mf_w.l(dfltui.o)
    0x08000642   0x08000642   0x00000032   Code   RO         7036    .text               mf_w.l(ffixi.o)
    0x08000674   0x08000674   0x00000028   Code   RO         7038    .text               mf_w.l(ffixui.o)
    0x0800069c   0x0800069c   0x00000032   Code   RO         7040    .text               mf_w.l(dfixui.o)
    0x080006ce   0x080006ce   0x00000026   Code   RO         7042    .text               mf_w.l(f2d.o)
    0x080006f4   0x080006f4   0x00000030   Code   RO         7044    .text               mf_w.l(cdcmple.o)
    0x08000724   0x08000724   0x00000038   Code   RO         7046    .text               mf_w.l(d2f.o)
    0x0800075c   0x0800075c   0x0000002c   Code   RO         7067    .text               mc_w.l(uidiv.o)
    0x08000788   0x08000788   0x00000062   Code   RO         7069    .text               mc_w.l(uldiv.o)
    0x080007ea   0x080007ea   0x0000001e   Code   RO         7071    .text               mc_w.l(llshl.o)
    0x08000808   0x08000808   0x00000024   Code   RO         7073    .text               mc_w.l(llsshr.o)
    0x0800082c   0x0800082c   0x00000000   Code   RO         7075    .text               mc_w.l(iusefp.o)
    0x0800082c   0x0800082c   0x0000006e   Code   RO         7076    .text               mf_w.l(fepilogue.o)
    0x0800089a   0x0800089a   0x000000ba   Code   RO         7078    .text               mf_w.l(depilogue.o)
    0x08000954   0x08000954   0x00000030   Code   RO         7080    .text               mf_w.l(dfixul.o)
    0x08000984   0x08000984   0x00000030   Code   RO         7082    .text               mf_w.l(cdrcmple.o)
    0x080009b4   0x080009b4   0x00000024   Code   RO         7084    .text               mc_w.l(init.o)
    0x080009d8   0x080009d8   0x000000cc   Code   RO          261    i.BLETask           freertos.o
    0x08000aa4   0x08000aa4   0x000000c8   Code   RO         6116    i.BLE_Init          ble_data.o
    0x08000b6c   0x08000b6c   0x000000d4   Code   RO         6118    i.BLE_UART_RxCpltCallback  ble_data.o
    0x08000c40   0x08000c40   0x00000002   Code   RO          643    i.BusFault_Handler  stm32f1xx_it.o
    0x08000c42   0x08000c42   0x00000002   PAD
    0x08000c44   0x08000c44   0x00000140   Code   RO          262    i.DHT11Task         freertos.o
    0x08000d84   0x08000d84   0x00000070   Code   RO         6666    i.DHT11_Init        bsp_dht11.o
    0x08000df4   0x08000df4   0x0000020c   Code   RO         6667    i.DHT11_Read_Data   bsp_dht11.o
    0x08001000   0x08001000   0x0000000c   Code   RO          644    i.DMA1_Channel2_IRQHandler  stm32f1xx_it.o
    0x0800100c   0x0800100c   0x0000000c   Code   RO          645    i.DMA1_Channel3_IRQHandler  stm32f1xx_it.o
    0x08001018   0x08001018   0x0000000c   Code   RO          646    i.DMA1_Channel4_IRQHandler  stm32f1xx_it.o
    0x08001024   0x08001024   0x0000000c   Code   RO          647    i.DMA1_Channel6_IRQHandler  stm32f1xx_it.o
    0x08001030   0x08001030   0x0000000c   Code   RO          648    i.DMA1_Channel7_IRQHandler  stm32f1xx_it.o
    0x0800103c   0x0800103c   0x0000002a   Code   RO         2201    i.DMA_SetConfig     stm32f1xx_hal_dma.o
    0x08001066   0x08001066   0x0000000a   Code   RO         6708    i.DWT_DelayMs       bsp_dwt.o
    0x08001070   0x08001070   0x00000028   Code   RO         6709    i.DWT_DelayUs       bsp_dwt.o
    0x08001098   0x08001098   0x00000048   Code   RO         6711    i.DWT_Init          bsp_dwt.o
    0x080010e0   0x080010e0   0x00000002   Code   RO          649    i.DebugMon_Handler  stm32f1xx_it.o
    0x080010e2   0x080010e2   0x00000004   Code   RO           13    i.Error_Handler     main.o
    0x080010e6   0x080010e6   0x00000008   Code   RO          263    i.FLASHTask         freertos.o
    0x080010ee   0x080010ee   0x00000002   PAD
    0x080010f0   0x080010f0   0x0000003c   Code   RO         2806    i.FSMC_NORSRAM_Extended_Timing_Init  stm32f1xx_ll_fsmc.o
    0x0800112c   0x0800112c   0x00000068   Code   RO         2807    i.FSMC_NORSRAM_Init  stm32f1xx_ll_fsmc.o
    0x08001194   0x08001194   0x0000003c   Code   RO         2808    i.FSMC_NORSRAM_Timing_Init  stm32f1xx_ll_fsmc.o
    0x080011d0   0x080011d0   0x00000046   Code   RO         2202    i.HAL_DMA_Abort     stm32f1xx_hal_dma.o
    0x08001216   0x08001216   0x00000002   PAD
    0x08001218   0x08001218   0x00000130   Code   RO         2203    i.HAL_DMA_Abort_IT  stm32f1xx_hal_dma.o
    0x08001348   0x08001348   0x00000248   Code   RO         2207    i.HAL_DMA_IRQHandler  stm32f1xx_hal_dma.o
    0x08001590   0x08001590   0x0000007c   Code   RO         2208    i.HAL_DMA_Init      stm32f1xx_hal_dma.o
    0x0800160c   0x0800160c   0x00000070   Code   RO         2212    i.HAL_DMA_Start_IT  stm32f1xx_hal_dma.o
    0x0800167c   0x0800167c   0x00000024   Code   RO         1828    i.HAL_Delay         stm32f1xx_hal.o
    0x080016a0   0x080016a0   0x00000068   Code   RO          402    i.HAL_FSMC_MspInit  fsmc.o
    0x08001708   0x08001708   0x000001f8   Code   RO         2138    i.HAL_GPIO_Init     stm32f1xx_hal_gpio.o
    0x08001900   0x08001900   0x0000000a   Code   RO         2140    i.HAL_GPIO_ReadPin  stm32f1xx_hal_gpio.o
    0x0800190a   0x0800190a   0x0000000a   Code   RO         2142    i.HAL_GPIO_WritePin  stm32f1xx_hal_gpio.o
    0x08001914   0x08001914   0x0000000c   Code   RO         1832    i.HAL_GetTick       stm32f1xx_hal.o
    0x08001920   0x08001920   0x00000188   Code   RO         3124    i.HAL_I2C_Init      stm32f1xx_hal_i2c.o
    0x08001aa8   0x08001aa8   0x0000012c   Code   RO         3137    i.HAL_I2C_Master_Transmit  stm32f1xx_hal_i2c.o
    0x08001bd4   0x08001bd4   0x0000025c   Code   RO         3142    i.HAL_I2C_Mem_Read  stm32f1xx_hal_i2c.o
    0x08001e30   0x08001e30   0x0000005c   Code   RO          451    i.HAL_I2C_MspInit   i2c.o
    0x08001e8c   0x08001e8c   0x00000010   Code   RO         1838    i.HAL_IncTick       stm32f1xx_hal.o
    0x08001e9c   0x08001e9c   0x00000024   Code   RO         1839    i.HAL_Init          stm32f1xx_hal.o
    0x08001ec0   0x08001ec0   0x00000098   Code   RO          773    i.HAL_InitTick      stm32f1xx_hal_timebase_tim.o
    0x08001f58   0x08001f58   0x00000048   Code   RO          749    i.HAL_MspInit       stm32f1xx_hal_msp.o
    0x08001fa0   0x08001fa0   0x0000001a   Code   RO         2298    i.HAL_NVIC_EnableIRQ  stm32f1xx_hal_cortex.o
    0x08001fba   0x08001fba   0x00000002   PAD
    0x08001fbc   0x08001fbc   0x00000040   Code   RO         2304    i.HAL_NVIC_SetPriority  stm32f1xx_hal_cortex.o
    0x08001ffc   0x08001ffc   0x00000024   Code   RO         2305    i.HAL_NVIC_SetPriorityGrouping  stm32f1xx_hal_cortex.o
    0x08002020   0x08002020   0x0000012c   Code   RO         1996    i.HAL_RCC_ClockConfig  stm32f1xx_hal_rcc.o
    0x0800214c   0x0800214c   0x00000040   Code   RO         2000    i.HAL_RCC_GetClockConfig  stm32f1xx_hal_rcc.o
    0x0800218c   0x0800218c   0x00000020   Code   RO         2003    i.HAL_RCC_GetPCLK1Freq  stm32f1xx_hal_rcc.o
    0x080021ac   0x080021ac   0x00000020   Code   RO         2004    i.HAL_RCC_GetPCLK2Freq  stm32f1xx_hal_rcc.o
    0x080021cc   0x080021cc   0x0000004c   Code   RO         2005    i.HAL_RCC_GetSysClockFreq  stm32f1xx_hal_rcc.o
    0x08002218   0x08002218   0x00000320   Code   RO         2008    i.HAL_RCC_OscConfig  stm32f1xx_hal_rcc.o
    0x08002538   0x08002538   0x000000b2   Code   RO         3561    i.HAL_SPI_Init      stm32f1xx_hal_spi.o
    0x080025ea   0x080025ea   0x00000002   PAD
    0x080025ec   0x080025ec   0x000000c8   Code   RO          493    i.HAL_SPI_MspInit   spi.o
    0x080026b4   0x080026b4   0x00000064   Code   RO         2946    i.HAL_SRAM_Init     stm32f1xx_hal_sram.o
    0x08002718   0x08002718   0x00000004   Code   RO          404    i.HAL_SRAM_MspInit  fsmc.o
    0x0800271c   0x0800271c   0x00000002   Code   RO         1554    i.HAL_TIMEx_BreakCallback  stm32f1xx_hal_tim_ex.o
    0x0800271e   0x0800271e   0x00000002   Code   RO         1555    i.HAL_TIMEx_CommutCallback  stm32f1xx_hal_tim_ex.o
    0x08002720   0x08002720   0x0000007c   Code   RO         1573    i.HAL_TIMEx_MasterConfigSynchronization  stm32f1xx_hal_tim_ex.o
    0x0800279c   0x0800279c   0x0000005a   Code   RO          850    i.HAL_TIM_Base_Init  stm32f1xx_hal_tim.o
    0x080027f6   0x080027f6   0x00000002   PAD
    0x080027f8   0x080027f8   0x00000028   Code   RO          535    i.HAL_TIM_Base_MspInit  tim.o
    0x08002820   0x08002820   0x0000006c   Code   RO          855    i.HAL_TIM_Base_Start_IT  stm32f1xx_hal_tim.o
    0x0800288c   0x0800288c   0x000000dc   Code   RO          859    i.HAL_TIM_ConfigClockSource  stm32f1xx_hal_tim.o
    0x08002968   0x08002968   0x00000002   Code   RO          884    i.HAL_TIM_IC_CaptureCallback  stm32f1xx_hal_tim.o
    0x0800296a   0x0800296a   0x00000130   Code   RO          898    i.HAL_TIM_IRQHandler  stm32f1xx_hal_tim.o
    0x08002a9a   0x08002a9a   0x00000002   Code   RO          901    i.HAL_TIM_OC_DelayElapsedCallback  stm32f1xx_hal_tim.o
    0x08002a9c   0x08002a9c   0x00000002   Code   RO          928    i.HAL_TIM_PWM_PulseFinishedCallback  stm32f1xx_hal_tim.o
    0x08002a9e   0x08002a9e   0x00000002   PAD
    0x08002aa0   0x08002aa0   0x00000014   Code   RO           14    i.HAL_TIM_PeriodElapsedCallback  main.o
    0x08002ab4   0x08002ab4   0x00000002   Code   RO          941    i.HAL_TIM_TriggerCallback  stm32f1xx_hal_tim.o
    0x08002ab6   0x08002ab6   0x0000004a   Code   RO         3882    i.HAL_UARTEx_ReceiveToIdle_DMA  stm32f1xx_hal_uart.o
    0x08002b00   0x08002b00   0x00000100   Code   RO         6119    i.HAL_UARTEx_RxEventCallback  ble_data.o
    0x08002c00   0x08002c00   0x00000040   Code   RO         6120    i.HAL_UART_ErrorCallback  ble_data.o
    0x08002c40   0x08002c40   0x0000026c   Code   RO         3901    i.HAL_UART_IRQHandler  stm32f1xx_hal_uart.o
    0x08002eac   0x08002eac   0x00000064   Code   RO         3902    i.HAL_UART_Init     stm32f1xx_hal_uart.o
    0x08002f10   0x08002f10   0x000001b4   Code   RO          577    i.HAL_UART_MspInit  usart.o
    0x080030c4   0x080030c4   0x0000001c   Code   RO         3906    i.HAL_UART_Receive_DMA  stm32f1xx_hal_uart.o
    0x080030e0   0x080030e0   0x0000001c   Code   RO         3907    i.HAL_UART_Receive_IT  stm32f1xx_hal_uart.o
    0x080030fc   0x080030fc   0x00000030   Code   RO          578    i.HAL_UART_RxCpltCallback  usart.o
    0x0800312c   0x0800312c   0x00000002   Code   RO         3909    i.HAL_UART_RxHalfCpltCallback  stm32f1xx_hal_uart.o
    0x0800312e   0x0800312e   0x000000a0   Code   RO         3910    i.HAL_UART_Transmit  stm32f1xx_hal_uart.o
    0x080031ce   0x080031ce   0x00000002   Code   RO         3913    i.HAL_UART_TxCpltCallback  stm32f1xx_hal_uart.o
    0x080031d0   0x080031d0   0x00000002   Code   RO          650    i.HardFault_Handler  stm32f1xx_it.o
    0x080031d2   0x080031d2   0x00000002   PAD
    0x080031d4   0x080031d4   0x0000000c   Code   RO         6668    i.HumiditySensor_GetLatestValue  bsp_dht11.o
    0x080031e0   0x080031e0   0x0000002e   Code   RO         3167    i.I2C_IsAcknowledgeFailed  stm32f1xx_hal_i2c.o
    0x0800320e   0x0800320e   0x00000002   PAD
    0x08003210   0x08003210   0x0000009c   Code   RO         3171    i.I2C_MasterRequestWrite  stm32f1xx_hal_i2c.o
    0x080032ac   0x080032ac   0x000000fc   Code   RO         3177    i.I2C_RequestMemoryRead  stm32f1xx_hal_i2c.o
    0x080033a8   0x080033a8   0x00000056   Code   RO         3182    i.I2C_WaitOnBTFFlagUntilTimeout  stm32f1xx_hal_i2c.o
    0x080033fe   0x080033fe   0x00000002   PAD
    0x08003400   0x08003400   0x00000090   Code   RO         3183    i.I2C_WaitOnFlagUntilTimeout  stm32f1xx_hal_i2c.o
    0x08003490   0x08003490   0x000000bc   Code   RO         3184    i.I2C_WaitOnMasterAddressFlagUntilTimeout  stm32f1xx_hal_i2c.o
    0x0800354c   0x0800354c   0x00000070   Code   RO         3185    i.I2C_WaitOnRXNEFlagUntilTimeout  stm32f1xx_hal_i2c.o
    0x080035bc   0x080035bc   0x00000056   Code   RO         3186    i.I2C_WaitOnTXEFlagUntilTimeout  stm32f1xx_hal_i2c.o
    0x08003612   0x08003612   0x00000002   PAD
    0x08003614   0x08003614   0x00000014   Code   RO         6264    i.ILI9341_BackLed_Control  bsp_ili9341_lcd.o
    0x08003628   0x08003628   0x00000020   Code   RO         6265    i.ILI9341_Clear     bsp_ili9341_lcd.o
    0x08003648   0x08003648   0x00000010   Code   RO         6266    i.ILI9341_Delay     bsp_ili9341_lcd.o
    0x08003658   0x08003658   0x0000006c   Code   RO         6267    i.ILI9341_DispChar_EN  bsp_ili9341_lcd.o
    0x080036c4   0x080036c4   0x0000004c   Code   RO         6268    i.ILI9341_DispStringLine_EN  bsp_ili9341_lcd.o
    0x08003710   0x08003710   0x0000001c   Code   RO         6274    i.ILI9341_FillColor  bsp_ili9341_lcd.o
    0x0800372c   0x0800372c   0x00000088   Code   RO         6276    i.ILI9341_GramScan  bsp_ili9341_lcd.o
    0x080037b4   0x080037b4   0x00000020   Code   RO         6277    i.ILI9341_Init      bsp_ili9341_lcd.o
    0x080037d4   0x080037d4   0x00000040   Code   RO         6278    i.ILI9341_OpenWindow  bsp_ili9341_lcd.o
    0x08003814   0x08003814   0x000002e0   Code   RO         6279    i.ILI9341_REG_Config  bsp_ili9341_lcd.o
    0x08003af4   0x08003af4   0x00000048   Code   RO         6280    i.ILI9341_ReadID    bsp_ili9341_lcd.o
    0x08003b3c   0x08003b3c   0x00000028   Code   RO         6281    i.ILI9341_Rst       bsp_ili9341_lcd.o
    0x08003b64   0x08003b64   0x000003ac   Code   RO          264    i.LCDTask           freertos.o
    0x08003f10   0x08003f10   0x0000000c   Code   RO         6286    i.LCD_GetFont       bsp_ili9341_lcd.o
    0x08003f1c   0x08003f1c   0x0000000c   Code   RO         6289    i.LCD_SetFont       bsp_ili9341_lcd.o
    0x08003f28   0x08003f28   0x0000000c   Code   RO         6290    i.LCD_SetTextColor  bsp_ili9341_lcd.o
    0x08003f34   0x08003f34   0x00000094   Code   RO          265    i.LogTask           freertos.o
    0x08003fc8   0x08003fc8   0x00000020   Code   RO         6031    i.Log_Debug         log.o
    0x08003fe8   0x08003fe8   0x00000020   Code   RO         6032    i.Log_Error         log.o
    0x08004008   0x08004008   0x00000020   Code   RO         6035    i.Log_Info          log.o
    0x08004028   0x08004028   0x00000024   Code   RO         6036    i.Log_Init          log.o
    0x0800404c   0x0800404c   0x00000044   Code   RO         6038    i.Log_SendMessage   log.o
    0x08004090   0x08004090   0x00000020   Code   RO         6040    i.Log_Warn          log.o
    0x080040b0   0x080040b0   0x0000006c   Code   RO          378    i.MX_DMA_Init       dma.o
    0x0800411c   0x0800411c   0x000000d4   Code   RO          266    i.MX_FREERTOS_Init  freertos.o
    0x080041f0   0x080041f0   0x00000078   Code   RO          405    i.MX_FSMC_Init      fsmc.o
    0x08004268   0x08004268   0x00000120   Code   RO          237    i.MX_GPIO_Init      gpio.o
    0x08004388   0x08004388   0x00000040   Code   RO          452    i.MX_I2C1_Init      i2c.o
    0x080043c8   0x080043c8   0x00000048   Code   RO          494    i.MX_SPI1_Init      spi.o
    0x08004410   0x08004410   0x00000068   Code   RO          536    i.MX_TIM3_Init      tim.o
    0x08004478   0x08004478   0x00000038   Code   RO          579    i.MX_USART1_UART_Init  usart.o
    0x080044b0   0x080044b0   0x00000038   Code   RO          580    i.MX_USART2_UART_Init  usart.o
    0x080044e8   0x080044e8   0x00000038   Code   RO          581    i.MX_USART3_UART_Init  usart.o
    0x08004520   0x08004520   0x00000002   Code   RO          651    i.MemManage_Handler  stm32f1xx_it.o
    0x08004522   0x08004522   0x00000024   Code   RO         6495    i.Modbus_BuildExceptionResponse  modbus.o
    0x08004546   0x08004546   0x0000003c   Code   RO         6496    i.Modbus_BuildResponse  modbus.o
    0x08004582   0x08004582   0x00000002   PAD
    0x08004584   0x08004584   0x0000002c   Code   RO         6497    i.Modbus_CalculateCRC16  modbus.o
    0x080045b0   0x080045b0   0x0000004c   Code   RO         6498    i.Modbus_Init       modbus.o
    0x080045fc   0x080045fc   0x00000026   Code   RO         6499    i.Modbus_IsModbusCommand  modbus.o
    0x08004622   0x08004622   0x00000002   PAD
    0x08004624   0x08004624   0x0000059c   Code   RO         6500    i.Modbus_ProcessRequest  modbus.o
    0x08004bc0   0x08004bc0   0x00000038   Code   RO         6504    i.Modbus_ValidateCRC  modbus.o
    0x08004bf8   0x08004bf8   0x00000038   Code   RO          267    i.MonitorTask       freertos.o
    0x08004c30   0x08004c30   0x00000002   Code   RO          652    i.NMI_Handler       stm32f1xx_it.o
    0x08004c32   0x08004c32   0x00000002   PAD
    0x08004c34   0x08004c34   0x0000000c   Code   RO         6203    i.PressureSensor_GetLatestValue  pressure.o
    0x08004c40   0x08004c40   0x00000054   Code   RO         6204    i.PressureSensor_Init  pressure.o
    0x08004c94   0x08004c94   0x00000090   Code   RO         6205    i.PressureSensor_ReadData  pressure.o
    0x08004d24   0x08004d24   0x00000020   Code   RO         6207    i.PressureSensor_UpdateValue  pressure.o
    0x08004d44   0x08004d44   0x00000168   Code   RO          268    i.PressureTask      freertos.o
    0x08004eac   0x08004eac   0x00000044   Code   RO         6506    i.SensorData_Init   modbus.o
    0x08004ef0   0x08004ef0   0x00000068   Code   RO         6508    i.SensorData_UpdateHumidity  modbus.o
    0x08004f58   0x08004f58   0x00000070   Code   RO         6509    i.SensorData_UpdatePressure  modbus.o
    0x08004fc8   0x08004fc8   0x00000068   Code   RO         6511    i.SensorData_UpdateTemperature  modbus.o
    0x08005030   0x08005030   0x0000001a   Code   RO         5383    i.SysTick_Handler   cmsis_os2.o
    0x0800504a   0x0800504a   0x0000005e   Code   RO           15    i.SystemClock_Config  main.o
    0x080050a8   0x080050a8   0x00000002   Code   RO         4236    i.SystemInit        system_stm32f1xx.o
    0x080050aa   0x080050aa   0x00000002   PAD
    0x080050ac   0x080050ac   0x0000000c   Code   RO          653    i.TIM6_IRQHandler   stm32f1xx_it.o
    0x080050b8   0x080050b8   0x0000009c   Code   RO          943    i.TIM_Base_SetConfig  stm32f1xx_hal_tim.o
    0x08005154   0x08005154   0x00000014   Code   RO          954    i.TIM_ETR_SetConfig  stm32f1xx_hal_tim.o
    0x08005168   0x08005168   0x00000010   Code   RO          955    i.TIM_ITRx_SetConfig  stm32f1xx_hal_tim.o
    0x08005178   0x08005178   0x00000022   Code   RO          961    i.TIM_TI1_ConfigInputStage  stm32f1xx_hal_tim.o
    0x0800519a   0x0800519a   0x00000024   Code   RO          963    i.TIM_TI2_ConfigInputStage  stm32f1xx_hal_tim.o
    0x080051be   0x080051be   0x00000002   PAD
    0x080051c0   0x080051c0   0x0000000c   Code   RO         6669    i.TemperatureSensor_GetLatestValue  bsp_dht11.o
    0x080051cc   0x080051cc   0x000000bc   Code   RO         6124    i.UART2_StartReceive  ble_data.o
    0x08005288   0x08005288   0x00000010   Code   RO         3915    i.UART_DMAAbortOnError  stm32f1xx_hal_uart.o
    0x08005298   0x08005298   0x0000004a   Code   RO         3916    i.UART_DMAError     stm32f1xx_hal_uart.o
    0x080052e2   0x080052e2   0x00000086   Code   RO         3917    i.UART_DMAReceiveCplt  stm32f1xx_hal_uart.o
    0x08005368   0x08005368   0x0000001e   Code   RO         3919    i.UART_DMARxHalfCplt  stm32f1xx_hal_uart.o
    0x08005386   0x08005386   0x0000004e   Code   RO         3925    i.UART_EndRxTransfer  stm32f1xx_hal_uart.o
    0x080053d4   0x080053d4   0x0000001c   Code   RO         3926    i.UART_EndTxTransfer  stm32f1xx_hal_uart.o
    0x080053f0   0x080053f0   0x000000c2   Code   RO         3927    i.UART_Receive_IT   stm32f1xx_hal_uart.o
    0x080054b2   0x080054b2   0x00000002   PAD
    0x080054b4   0x080054b4   0x000000b8   Code   RO         3928    i.UART_SetConfig    stm32f1xx_hal_uart.o
    0x0800556c   0x0800556c   0x00000090   Code   RO         3929    i.UART_Start_Receive_DMA  stm32f1xx_hal_uart.o
    0x080055fc   0x080055fc   0x00000036   Code   RO         3930    i.UART_Start_Receive_IT  stm32f1xx_hal_uart.o
    0x08005632   0x08005632   0x00000072   Code   RO         3931    i.UART_WaitOnFlagUntilTimeout  stm32f1xx_hal_uart.o
    0x080056a4   0x080056a4   0x0000000c   Code   RO          654    i.USART1_IRQHandler  stm32f1xx_it.o
    0x080056b0   0x080056b0   0x0000000c   Code   RO          655    i.USART2_IRQHandler  stm32f1xx_it.o
    0x080056bc   0x080056bc   0x00000002   Code   RO          656    i.UsageFault_Handler  stm32f1xx_it.o
    0x080056be   0x080056be   0x00000002   PAD
    0x080056c0   0x080056c0   0x00000154   Code   RO          269    i.Usart2Task        freertos.o
    0x08005814   0x08005814   0x00000034   Code   RO         6997    i.__0snprintf       mc_w.l(printfa.o)
    0x08005848   0x08005848   0x00000028   Code   RO         6998    i.__0sprintf        mc_w.l(printfa.o)
    0x08005870   0x08005870   0x00000034   Code   RO         7001    i.__0vsnprintf      mc_w.l(printfa.o)
    0x080058a4   0x080058a4   0x00000020   Code   RO         2311    i.__NVIC_SetPriority  stm32f1xx_hal_cortex.o
    0x080058c4   0x080058c4   0x0000000e   Code   RO         7090    i.__scatterload_copy  mc_w.l(handlers.o)
    0x080058d2   0x080058d2   0x00000002   Code   RO         7091    i.__scatterload_null  mc_w.l(handlers.o)
    0x080058d4   0x080058d4   0x0000000e   Code   RO         7092    i.__scatterload_zeroinit  mc_w.l(handlers.o)
    0x080058e2   0x080058e2   0x00000002   PAD
    0x080058e4   0x080058e4   0x00000184   Code   RO         7003    i._fp_digits        mc_w.l(printfa.o)
    0x08005a68   0x08005a68   0x000006b4   Code   RO         7004    i._printf_core      mc_w.l(printfa.o)
    0x0800611c   0x0800611c   0x00000024   Code   RO         7005    i._printf_post_padding  mc_w.l(printfa.o)
    0x08006140   0x08006140   0x0000002e   Code   RO         7006    i._printf_pre_padding  mc_w.l(printfa.o)
    0x0800616e   0x0800616e   0x00000016   Code   RO         7007    i._snputc           mc_w.l(printfa.o)
    0x08006184   0x08006184   0x0000000a   Code   RO         7008    i._sputc            mc_w.l(printfa.o)
    0x0800618e   0x0800618e   0x0000003a   Code   RO           16    i.main              main.o
    0x080061c8   0x080061c8   0x0000001a   Code   RO         5385    i.osDelay           cmsis_os2.o
    0x080061e2   0x080061e2   0x0000000e   Code   RO         5397    i.osKernelGetTickCount  cmsis_os2.o
    0x080061f0   0x080061f0   0x00000024   Code   RO         5399    i.osKernelInitialize  cmsis_os2.o
    0x08006214   0x08006214   0x00000038   Code   RO         5402    i.osKernelStart     cmsis_os2.o
    0x0800624c   0x0800624c   0x00000064   Code   RO         5414    i.osMessageQueueGet  cmsis_os2.o
    0x080062b0   0x080062b0   0x00000058   Code   RO         5419    i.osMessageQueueNew  cmsis_os2.o
    0x08006308   0x08006308   0x00000068   Code   RO         5420    i.osMessageQueuePut  cmsis_os2.o
    0x08006370   0x08006370   0x00000052   Code   RO         5422    i.osMutexAcquire    cmsis_os2.o
    0x080063c2   0x080063c2   0x00000068   Code   RO         5425    i.osMutexNew        cmsis_os2.o
    0x0800642a   0x0800642a   0x00000042   Code   RO         5426    i.osMutexRelease    cmsis_os2.o
    0x0800646c   0x0800646c   0x00000074   Code   RO         5436    i.osThreadFlagsSet  cmsis_os2.o
    0x080064e0   0x080064e0   0x00000096   Code   RO         5437    i.osThreadFlagsWait  cmsis_os2.o
    0x08006576   0x08006576   0x00000004   Code   RO         5439    i.osThreadGetId     cmsis_os2.o
    0x0800657a   0x0800657a   0x00000002   PAD
    0x0800657c   0x0800657c   0x0000008a   Code   RO         5444    i.osThreadNew       cmsis_os2.o
    0x08006606   0x08006606   0x00000020   Code   RO         5447    i.osThreadSuspend   cmsis_os2.o
    0x08006626   0x08006626   0x00000002   PAD
    0x08006628   0x08006628   0x0000005c   Code   RO         4844    i.prvAddCurrentTaskToDelayedList  tasks.o
    0x08006684   0x08006684   0x000000d0   Code   RO         4845    i.prvAddNewTaskToReadyList  tasks.o
    0x08006754   0x08006754   0x00000058   Code   RO         5209    i.prvCheckForValidListAndQueue  timers.o
    0x080067ac   0x080067ac   0x00000026   Code   RO         4441    i.prvCopyDataFromQueue  queue.o
    0x080067d2   0x080067d2   0x0000006c   Code   RO         4442    i.prvCopyDataToQueue  queue.o
    0x0800683e   0x0800683e   0x00000034   Code   RO         4846    i.prvDeleteTCB      tasks.o
    0x08006872   0x08006872   0x00000002   PAD
    0x08006874   0x08006874   0x0000004c   Code   RO         5896    i.prvHeapInit       heap_4.o
    0x080068c0   0x080068c0   0x00000060   Code   RO         4847    i.prvIdleTask       tasks.o
    0x08006920   0x08006920   0x00000016   Code   RO         4443    i.prvInitialiseMutex  queue.o
    0x08006936   0x08006936   0x00000002   PAD
    0x08006938   0x08006938   0x00000022   Code   RO         4444    i.prvInitialiseNewQueue  queue.o
    0x0800695a   0x0800695a   0x00000002   PAD
    0x0800695c   0x0800695c   0x000000b0   Code   RO         4848    i.prvInitialiseNewTask  tasks.o
    0x08006a0c   0x08006a0c   0x0000004c   Code   RO         5897    i.prvInsertBlockIntoFreeList  heap_4.o
    0x08006a58   0x08006a58   0x00000038   Code   RO         5211    i.prvInsertTimerInActiveList  timers.o
    0x08006a90   0x08006a90   0x0000001c   Code   RO         4445    i.prvIsQueueEmpty   queue.o
    0x08006aac   0x08006aac   0x000000fc   Code   RO         5212    i.prvProcessReceivedCommands  timers.o
    0x08006ba8   0x08006ba8   0x000000c0   Code   RO         5213    i.prvProcessTimerOrBlockTask  timers.o
    0x08006c68   0x08006c68   0x00000020   Code   RO         4850    i.prvResetNextTaskUnblockTime  tasks.o
    0x08006c88   0x08006c88   0x00000028   Code   RO         5214    i.prvSampleTimeNow  timers.o
    0x08006cb0   0x08006cb0   0x0000006c   Code   RO         5215    i.prvSwitchTimerLists  timers.o
    0x08006d1c   0x08006d1c   0x00000028   Code   RO         5952    i.prvTaskExitError  port.o
    0x08006d44   0x08006d44   0x00000024   Code   RO         5216    i.prvTimerTask      timers.o
    0x08006d68   0x08006d68   0x0000006a   Code   RO         4446    i.prvUnlockQueue    queue.o
    0x08006dd2   0x08006dd2   0x00000002   PAD
    0x08006dd4   0x08006dd4   0x000000dc   Code   RO         5898    i.pvPortMalloc      heap_4.o
    0x08006eb0   0x08006eb0   0x00000018   Code   RO         4853    i.pvTaskIncrementMutexHeldCount  tasks.o
    0x08006ec8   0x08006ec8   0x00000024   Code   RO         5953    i.pxPortInitialiseStack  port.o
    0x08006eec   0x08006eec   0x00000026   Code   RO         4401    i.uxListRemove      list.o
    0x08006f12   0x08006f12   0x00000002   PAD
    0x08006f14   0x08006f14   0x00000014   Code   RO         5456    i.vApplicationGetIdleTaskMemory  cmsis_os2.o
    0x08006f28   0x08006f28   0x00000018   Code   RO         5457    i.vApplicationGetTimerTaskMemory  cmsis_os2.o
    0x08006f40   0x08006f40   0x00000016   Code   RO         4402    i.vListInitialise   list.o
    0x08006f56   0x08006f56   0x00000006   Code   RO         4403    i.vListInitialiseItem  list.o
    0x08006f5c   0x08006f5c   0x00000030   Code   RO         4404    i.vListInsert       list.o
    0x08006f8c   0x08006f8c   0x00000018   Code   RO         4405    i.vListInsertEnd    list.o
    0x08006fa4   0x08006fa4   0x00000040   Code   RO         5955    i.vPortEnterCritical  port.o
    0x08006fe4   0x08006fe4   0x00000028   Code   RO         5956    i.vPortExitCritical  port.o
    0x0800700c   0x0800700c   0x00000064   Code   RO         5899    i.vPortFree         heap_4.o
    0x08007070   0x08007070   0x00000024   Code   RO         5957    i.vPortSetupTimerInterrupt  port.o
    0x08007094   0x08007094   0x00000054   Code   RO         5958    i.vPortValidateInterruptPriority  port.o
    0x080070e8   0x080070e8   0x00000028   Code   RO         4452    i.vQueueAddToRegistry  queue.o
    0x08007110   0x08007110   0x00000044   Code   RO         4456    i.vQueueWaitForMessageRestricted  queue.o
    0x08007154   0x08007154   0x0000004c   Code   RO         4863    i.vTaskDelay        tasks.o
    0x080071a0   0x080071a0   0x00000010   Code   RO         4868    i.vTaskInternalSetTimeOutState  tasks.o
    0x080071b0   0x080071b0   0x0000000c   Code   RO         4869    i.vTaskMissedYield  tasks.o
    0x080071bc   0x080071bc   0x00000030   Code   RO         4871    i.vTaskPlaceOnEventList  tasks.o
    0x080071ec   0x080071ec   0x00000038   Code   RO         4872    i.vTaskPlaceOnEventListRestricted  tasks.o
    0x08007224   0x08007224   0x00000090   Code   RO         4874    i.vTaskPriorityDisinheritAfterTimeout  tasks.o
    0x080072b4   0x080072b4   0x00000088   Code   RO         4880    i.vTaskStartScheduler  tasks.o
    0x0800733c   0x0800733c   0x0000009c   Code   RO         4881    i.vTaskSuspend      tasks.o
    0x080073d8   0x080073d8   0x00000010   Code   RO         4882    i.vTaskSuspendAll   tasks.o
    0x080073e8   0x080073e8   0x00000064   Code   RO         4883    i.vTaskSwitchContext  tasks.o
    0x0800744c   0x0800744c   0x000000a8   Code   RO         5959    i.xPortStartScheduler  port.o
    0x080074f4   0x080074f4   0x0000002c   Code   RO         5960    i.xPortSysTickHandler  port.o
    0x08007520   0x08007520   0x00000016   Code   RO         4459    i.xQueueCreateMutex  queue.o
    0x08007536   0x08007536   0x0000001a   Code   RO         4460    i.xQueueCreateMutexStatic  queue.o
    0x08007550   0x08007550   0x00000042   Code   RO         4461    i.xQueueGenericCreate  queue.o
    0x08007592   0x08007592   0x00000066   Code   RO         4462    i.xQueueGenericCreateStatic  queue.o
    0x080075f8   0x080075f8   0x00000088   Code   RO         4463    i.xQueueGenericReset  queue.o
    0x08007680   0x08007680   0x00000160   Code   RO         4464    i.xQueueGenericSend  queue.o
    0x080077e0   0x080077e0   0x000000be   Code   RO         4465    i.xQueueGenericSendFromISR  queue.o
    0x0800789e   0x0800789e   0x0000003e   Code   RO         4469    i.xQueueGiveMutexRecursive  queue.o
    0x080078dc   0x080078dc   0x00000138   Code   RO         4474    i.xQueueReceive     queue.o
    0x08007a14   0x08007a14   0x0000009a   Code   RO         4475    i.xQueueReceiveFromISR  queue.o
    0x08007aae   0x08007aae   0x00000002   PAD
    0x08007ab0   0x08007ab0   0x00000178   Code   RO         4476    i.xQueueSemaphoreTake  queue.o
    0x08007c28   0x08007c28   0x00000040   Code   RO         4477    i.xQueueTakeMutexRecursive  queue.o
    0x08007c68   0x08007c68   0x00000074   Code   RO         4885    i.xTaskCheckForTimeOut  tasks.o
    0x08007cdc   0x08007cdc   0x0000005a   Code   RO         4886    i.xTaskCreate       tasks.o
    0x08007d36   0x08007d36   0x00000056   Code   RO         4887    i.xTaskCreateStatic  tasks.o
    0x08007d8c   0x08007d8c   0x000000e0   Code   RO         4888    i.xTaskGenericNotify  tasks.o
    0x08007e6c   0x08007e6c   0x00000104   Code   RO         4889    i.xTaskGenericNotifyFromISR  tasks.o
    0x08007f70   0x08007f70   0x0000000c   Code   RO         4890    i.xTaskGetCurrentTaskHandle  tasks.o
    0x08007f7c   0x08007f7c   0x0000001c   Code   RO         4891    i.xTaskGetSchedulerState  tasks.o
    0x08007f98   0x08007f98   0x0000000c   Code   RO         4892    i.xTaskGetTickCount  tasks.o
    0x08007fa4   0x08007fa4   0x00000010   Code   RO         4893    i.xTaskGetTickCountFromISR  tasks.o
    0x08007fb4   0x08007fb4   0x000000c8   Code   RO         4894    i.xTaskIncrementTick  tasks.o
    0x0800807c   0x0800807c   0x0000008c   Code   RO         4896    i.xTaskNotifyWait   tasks.o
    0x08008108   0x08008108   0x00000080   Code   RO         4897    i.xTaskPriorityDisinherit  tasks.o
    0x08008188   0x08008188   0x00000078   Code   RO         4898    i.xTaskPriorityInherit  tasks.o
    0x08008200   0x08008200   0x00000070   Code   RO         4899    i.xTaskRemoveFromEventList  tasks.o
    0x08008270   0x08008270   0x000000c4   Code   RO         4900    i.xTaskResumeAll    tasks.o
    0x08008334   0x08008334   0x00000060   Code   RO         5225    i.xTimerCreateTimerTask  timers.o
    0x08008394   0x08008394   0x00000068   Code   RO         5226    i.xTimerGenericCommand  timers.o
    0x080083fc   0x080083fc   0x00000170   Data   RO          271    .constdata          freertos.o
    0x0800856c   0x0800856c   0x00000012   Data   RO         2009    .constdata          stm32f1xx_hal_rcc.o
    0x0800857e   0x0800857e   0x00000010   Data   RO         4237    .constdata          system_stm32f1xx.o
    0x0800858e   0x0800858e   0x00000008   Data   RO         4238    .constdata          system_stm32f1xx.o
    0x08008596   0x08008596   0x000005f0   Data   RO         6466    .constdata          fonts.o
    0x08008b86   0x08008b86   0x00000200   Data   RO         6513    .constdata          modbus.o
    0x08008d86   0x08008d86   0x00000002   PAD
    0x08008d88   0x08008d88   0x000000ac   Data   RO          272    .conststring        freertos.o
    0x08008e34   0x08008e34   0x000000da   Data   RO         6514    .conststring        modbus.o
    0x08008f0e   0x08008f0e   0x00000002   PAD
    0x08008f10   0x08008f10   0x00000020   Data   RO         7088    Region$$Table       anon$$obj.o


    Execution Region RW_IRAM1 (Exec base: 0x20000000, Load base: 0x08008f30, Size: 0x000068b0, Max: 0x00010000, ABSOLUTE)

    Exec Addr    Load Addr    Size         Type   Attr      Idx    E Section Name        Object

    0x20000000   0x08008f30   0x00000038   Data   RW          273    .data               freertos.o
    0x20000038   0x08008f68   0x00000008   Data   RW          407    .data               fsmc.o
    0x20000040   0x08008f70   0x0000000c   Data   RW         1846    .data               stm32f1xx_hal.o
    0x2000004c   0x08008f7c   0x00000004   Data   RW         4239    .data               system_stm32f1xx.o
    0x20000050   0x08008f80   0x0000003c   Data   RW         4903    .data               tasks.o
    0x2000008c   0x08008fbc   0x00000014   Data   RW         5234    .data               timers.o
    0x200000a0   0x08008fd0   0x00000004   Data   RW         5459    .data               cmsis_os2.o
    0x200000a4   0x08008fd4   0x00000020   Data   RW         5905    .data               heap_4.o
    0x200000c4   0x08008ff4   0x0000000c   Data   RW         5961    .data               port.o
    0x200000d0   0x08009000   0x00000001   Data   RW         6041    .data               log.o
    0x200000d1   0x08009001   0x00000001   PAD
    0x200000d2   0x08009002   0x00000004   Data   RW         6127    .data               ble_data.o
    0x200000d6   0x08009006   0x00000001   Data   RW         6128    .data               ble_data.o
    0x200000d7   0x08009007   0x00000001   PAD
    0x200000d8   0x08009008   0x00000004   Data   RW         6210    .data               pressure.o
    0x200000dc   0x0800900c   0x00000010   Data   RW         6291    .data               bsp_ili9341_lcd.o
    0x200000ec   0x0800901c   0x00000008   Data   RW         6469    .data               fonts.o
    0x200000f4        -       0x00000100   Zero   RW          270    .bss                freertos.o
    0x200001f4        -       0x00000048   Zero   RW          406    .bss                fsmc.o
    0x2000023c        -       0x00000054   Zero   RW          453    .bss                i2c.o
    0x20000290        -       0x000000e0   Zero   RW          495    .bss                spi.o
    0x20000370        -       0x00000048   Zero   RW          537    .bss                tim.o
    0x200003b8        -       0x000001a4   Zero   RW          583    .bss                usart.o
    0x2000055c        -       0x00000048   Zero   RW          776    .bss                stm32f1xx_hal_timebase_tim.o
    0x200005a4        -       0x00000040   Zero   RW         4478    .bss                queue.o
    0x200005e4        -       0x000004c4   Zero   RW         4902    .bss                tasks.o
    0x20000aa8        -       0x00000118   Zero   RW         5233    .bss                timers.o
    0x20000bc0        -       0x000006b8   Zero   RW         5458    .bss                cmsis_os2.o
    0x20001278        -       0x00005000   Zero   RW         5904    .bss                heap_4.o
    0x20006278        -       0x00000200   Zero   RW         6126    .bss                ble_data.o
    0x20006478        -       0x00000032   Zero   RW         6512    .bss                modbus.o
    0x200064aa   0x08009024   0x00000006   PAD
    0x200064b0        -       0x00000400   Zero   RW            1    STACK               startup_stm32f103xe.o


==============================================================================

Image component sizes


      Code (inc. data)   RO Data    RW Data    ZI Data      Debug   Object Name

       920        522          0          5        512       4533   ble_data.o
       660        158          0          0          0       3206   bsp_dht11.o
       122         54          0          0          0       1643   bsp_dwt.o
      1396         88          0         16          0      17286   bsp_ili9341_lcd.o
      1186         36          0          4       1720      67850   cmsis_os2.o
       108          4          0          0          0        726   dma.o
         0          0          0          0          0      19456   event_groups.o
         0          0       1520          8          0       1189   fonts.o
      2588        898        540         56        256       9067   freertos.o
       228         30          0          8         72       1999   fsmc.o
       288         16          0          0          0        967   gpio.o
       472         24          0         32      20480       4579   heap_4.o
       156         26          0          0         84       1505   i2c.o
       138          0          0          0          0       3210   list.o
       232         34          0          1          0       4197   log.o
       176          6          0          0          0     524928   main.o
      2134        962        730          0         50      11334   modbus.o
       662         70          0         12          0      10353   port.o
       272         48          0          4          0       3588   pressure.o
      2306         24          0          0         64      24111   queue.o
       272         30          0          0        224       1719   spi.o
        36          8        304          0       1024        772   startup_stm32f103xe.o
       100         18          0         12          0       5634   stm32f1xx_hal.o
       158         14          0          0          0      28030   stm32f1xx_hal_cortex.o
      1236         52          0          0          0       4902   stm32f1xx_hal_dma.o
       524         42          0          0          0       3407   stm32f1xx_hal_gpio.o
      2366         56          0          0          0      12372   stm32f1xx_hal_i2c.o
        72         10          0          0          0        810   stm32f1xx_hal_msp.o
      1304         94         18          0          0       5517   stm32f1xx_hal_rcc.o
       178          0          0          0          0       1095   stm32f1xx_hal_spi.o
       100          0          0          0          0       1152   stm32f1xx_hal_sram.o
       992         42          0          0          0       9445   stm32f1xx_hal_tim.o
       128         20          0          0          0       2277   stm32f1xx_hal_tim_ex.o
       152         20          0          0         72       1383   stm32f1xx_hal_timebase_tim.o
      2064         24          0          0          0      14687   stm32f1xx_hal_uart.o
       108         48          0          0          0       5706   stm32f1xx_it.o
       224         14          0          0          0       3763   stm32f1xx_ll_fsmc.o
         0          0          0          0          0        392   stream_buffer.o
         2          0         24          4          0       1023   system_stm32f1xx.o
      3180        264          0         60       1220      33482   tasks.o
       144         20          0          0         72       1502   tim.o
       972         80          0         20        280      31495   timers.o
       652         74          0          0        420       3693   usart.o

    ----------------------------------------------------------------------
     29062       3930       3172        244      26556     889985   Object Totals
         0          0         32          0          0          0   (incl. Generated)
        54          0          4          2          6          0   (incl. Padding)

    ----------------------------------------------------------------------

      Code (inc. data)   RO Data    RW Data    ZI Data      Debug   Library Member Name

         0          0          0          0          0          0   entry.o
         0          0          0          0          0          0   entry10a.o
         0          0          0          0          0          0   entry11a.o
         4          0          0          0          0          0   entry12b.o
         8          4          0          0          0          0   entry2.o
         4          0          0          0          0          0   entry5.o
         0          0          0          0          0          0   entry7b.o
         0          0          0          0          0          0   entry8b.o
         8          4          0          0          0          0   entry9a.o
        30          0          0          0          0          0   handlers.o
        36          8          0          0          0         68   init.o
         0          0          0          0          0          0   iusefp.o
        30          0          0          0          0         68   llshl.o
        36          0          0          0          0         68   llsshr.o
        32          0          0          0          0         68   llushr.o
        36          0          0          0          0         68   memcpya.o
        36          0          0          0          0        108   memseta.o
      2362         96          0          0          0        768   printfa.o
        14          0          0          0          0         68   strlen.o
        24          0          0          0          0         76   strncpy.o
        44          0          0          0          0         80   uidiv.o
        98          0          0          0          0         92   uldiv.o
        48          0          0          0          0         68   cdcmple.o
        48          0          0          0          0         68   cdrcmple.o
        56          0          0          0          0         88   d2f.o
       334          0          0          0          0        148   dadd.o
       222          0          0          0          0        100   ddiv.o
       186          0          0          0          0        176   depilogue.o
        50          0          0          0          0         76   dfixui.o
        48          0          0          0          0         68   dfixul.o
        34          0          0          0          0         76   dflti.o
        26          0          0          0          0         76   dfltui.o
       228          0          0          0          0         96   dmul.o
        38          0          0          0          0         68   f2d.o
       110          0          0          0          0        168   fepilogue.o
        50          0          0          0          0         68   ffixi.o
        40          0          0          0          0         68   ffixui.o
       100          0          0          0          0         76   fmul.o

    ----------------------------------------------------------------------
      4422        112          0          0          0       3020   Library Totals
         2          0          0          0          0          0   (incl. Padding)

    ----------------------------------------------------------------------

      Code (inc. data)   RO Data    RW Data    ZI Data      Debug   Library Name

      2802        112          0          0          0       1532   mc_w.l
      1618          0          0          0          0       1488   mf_w.l

    ----------------------------------------------------------------------
      4422        112          0          0          0       3020   Library Totals

    ----------------------------------------------------------------------

==============================================================================


      Code (inc. data)   RO Data    RW Data    ZI Data      Debug   

     33484       4042       3172        244      26556     877869   Grand Totals
     33484       4042       3172        244      26556     877869   ELF Image Totals
     33484       4042       3172        244          0          0   ROM Totals

==============================================================================

    Total RO  Size (Code + RO Data)                36656 (  35.80kB)
    Total RW  Size (RW Data + ZI Data)             26800 (  26.17kB)
    Total ROM Size (Code + RO Data + RW Data)      36900 (  36.04kB)

==============================================================================

